Archive member included to satisfy reference by file (symbol)

d:\Code\CH592\EVT(演示) - 副本\EXAM\SRC\StdPeriphDriver\libISP592.a(ISP583.o)
                              ./StdPeriphDriver/CH59x_flash.o (FLASH_EEPROM_CMD)
d:\Code\CH592\EVT(演示) - 副本\EXAM\BLE\LIB\libCH59xBLE.a(message.o)
                              ./Profile/hiddev.o (tmos_msg_deallocate)
d:\Code\CH592\EVT(演示) - 副本\EXAM\BLE\LIB\libCH59xBLE.a(tmos.o)
                              ./Profile/battservice.o (tmos_memcpy)
d:\Code\CH592\EVT(演示) - 副本\EXAM\BLE\LIB\libCH59xBLE.a(tmos_hw.o)
                              d:\Code\CH592\EVT(演示) - 副本\EXAM\BLE\LIB\libCH59xBLE.a(tmos.o) (bleClock_t)
d:\Code\CH592\EVT(演示) - 副本\EXAM\BLE\LIB\libCH59xBLE.a(tmos_snv.o)
                              d:\Code\CH592\EVT(演示) - 副本\EXAM\BLE\LIB\libCH59xBLE.a(tmos.o) (tmos_snv_init)
d:\Code\CH592\EVT(演示) - 副本\EXAM\BLE\LIB\libCH59xBLE.a(gap.o)
                              ./Profile/hiddev.o (GAP_SetParamValue)
d:\Code\CH592\EVT(演示) - 副本\EXAM\BLE\LIB\libCH59xBLE.a(gap_central.o)
                              d:\Code\CH592\EVT(演示) - 副本\EXAM\BLE\LIB\libCH59xBLE.a(gap.o) (gapProcessPeriodicAdvertisingSyncEstablishedEvt)
d:\Code\CH592\EVT(演示) - 副本\EXAM\BLE\LIB\libCH59xBLE.a(gap_peripheral.o)
                              ./APP/hidkbd.o (GAP_ConfigDeviceAddr)
d:\Code\CH592\EVT(演示) - 副本\EXAM\BLE\LIB\libCH59xBLE.a(gapgattserver.o)
                              ./APP/hidkbd.o (GGS_SetParameter)
d:\Code\CH592\EVT(演示) - 副本\EXAM\BLE\LIB\libCH59xBLE.a(gatt.o)
                              ./Profile/battservice.o (GATT_bm_alloc)
d:\Code\CH592\EVT(演示) - 副本\EXAM\BLE\LIB\libCH59xBLE.a(gatt_uuid.o)
                              ./Profile/battservice.o (reportRefUUID)
d:\Code\CH592\EVT(演示) - 副本\EXAM\BLE\LIB\libCH59xBLE.a(gattclientapp.o)
                              d:\Code\CH592\EVT(演示) - 副本\EXAM\BLE\LIB\libCH59xBLE.a(gatt.o) (gattGetClientStatus)
d:\Code\CH592\EVT(演示) - 副本\EXAM\BLE\LIB\libCH59xBLE.a(gattservapp.o)
                              ./Profile/battservice.o (GATTServApp_ReadCharCfg)
d:\Code\CH592\EVT(演示) - 副本\EXAM\BLE\LIB\libCH59xBLE.a(l2cap.o)
                              d:\Code\CH592\EVT(演示) - 副本\EXAM\BLE\LIB\libCH59xBLE.a(gatt.o) (L2CAP_GetMTU)
d:\Code\CH592\EVT(演示) - 副本\EXAM\BLE\LIB\libCH59xBLE.a(l2cap_input.o)
                              d:\Code\CH592\EVT(演示) - 副本\EXAM\BLE\LIB\libCH59xBLE.a(l2cap.o) (l2capProcessRxData)
d:\Code\CH592\EVT(演示) - 副本\EXAM\BLE\LIB\libCH59xBLE.a(l2cap_output.o)
                              d:\Code\CH592\EVT(演示) - 副本\EXAM\BLE\LIB\libCH59xBLE.a(l2cap_input.o) (l2capNotifyData)
d:\Code\CH592\EVT(演示) - 副本\EXAM\BLE\LIB\libCH59xBLE.a(l2cap_sdu.o)
                              d:\Code\CH592\EVT(演示) - 副本\EXAM\BLE\LIB\libCH59xBLE.a(l2cap_input.o) (l2capBuildDisconnectRsp)
d:\Code\CH592\EVT(演示) - 副本\EXAM\BLE\LIB\libCH59xBLE.a(linkdb.o)
                              d:\Code\CH592\EVT(演示) - 副本\EXAM\BLE\LIB\libCH59xBLE.a(l2cap.o) (linkDB_Init)
d:\Code\CH592\EVT(演示) - 副本\EXAM\BLE\LIB\libCH59xBLE.a(sm.o)
                              d:\Code\CH592\EVT(演示) - 副本\EXAM\BLE\LIB\libCH59xBLE.a(gap.o) (smFreePairingParams)
d:\Code\CH592\EVT(演示) - 副本\EXAM\BLE\LIB\libCH59xBLE.a(sm_initiator.o)
                              d:\Code\CH592\EVT(演示) - 副本\EXAM\BLE\LIB\libCH59xBLE.a(sm.o) (smInitiatorSendNextKeyInfo)
d:\Code\CH592\EVT(演示) - 副本\EXAM\BLE\LIB\libCH59xBLE.a(sm_pdu.o)
                              d:\Code\CH592\EVT(演示) - 副本\EXAM\BLE\LIB\libCH59xBLE.a(sm.o) (smpBuildPairingReq)
d:\Code\CH592\EVT(演示) - 副本\EXAM\BLE\LIB\libCH59xBLE.a(sm_responding.o)
                              d:\Code\CH592\EVT(演示) - 副本\EXAM\BLE\LIB\libCH59xBLE.a(sm.o) (smResponderSendNextKeyInfo)
d:\Code\CH592\EVT(演示) - 副本\EXAM\BLE\LIB\libCH59xBLE.a(sm_toolbox.o)
                              d:\Code\CH592\EVT(演示) - 副本\EXAM\BLE\LIB\libCH59xBLE.a(sm.o) (sm_ah)
d:\Code\CH592\EVT(演示) - 副本\EXAM\BLE\LIB\libCH59xBLE.a(host_input.o)
                              d:\Code\CH592\EVT(演示) - 副本\EXAM\BLE\LIB\libCH59xBLE.a(gap.o) (gBleHostPara)
d:\Code\CH592\EVT(演示) - 副本\EXAM\BLE\LIB\libCH59xBLE.a(host_output.o)
                              d:\Code\CH592\EVT(演示) - 副本\EXAM\BLE\LIB\libCH59xBLE.a(gap.o) (HCI_DisconnectCmd)
d:\Code\CH592\EVT(演示) - 副本\EXAM\BLE\LIB\libCH59xBLE.a(ll_master.o)
                              d:\Code\CH592\EVT(演示) - 副本\EXAM\BLE\LIB\libCH59xBLE.a(gap_central.o) (LL_SetDataSendPriority)
d:\Code\CH592\EVT(演示) - 副本\EXAM\BLE\LIB\libCH59xBLE.a(ll_pdu.o)
                              d:\Code\CH592\EVT(演示) - 副本\EXAM\BLE\LIB\libCH59xBLE.a(ll_master.o) (LL_ConnectionUpdateInd)
d:\Code\CH592\EVT(演示) - 副本\EXAM\BLE\LIB\libCH59xBLE.a(ll_scan.o)
                              d:\Code\CH592\EVT(演示) - 副本\EXAM\BLE\LIB\libCH59xBLE.a(ll_master.o) (LL_ScanEnable)
d:\Code\CH592\EVT(演示) - 副本\EXAM\BLE\LIB\libCH59xBLE.a(ll_whitelist.o)
                              d:\Code\CH592\EVT(演示) - 副本\EXAM\BLE\LIB\libCH59xBLE.a(ll_scan.o) (LL_WhitelistLookup)
[...]
Memory Configuration

Name             Origin             Length             Attributes
FLASH            0x0000000000000000 0x0000000000070000 xr
RAM              0x0000000020000000 0x0000000000006800 xrw
*default*        0x0000000000000000 0xffffffffffffffff

Linker script and memory map

LOAD ./StdPeriphDriver/CH59x_adc.o
LOAD ./StdPeriphDriver/CH59x_clk.o
LOAD ./StdPeriphDriver/CH59x_flash.o
LOAD ./StdPeriphDriver/CH59x_gpio.o
LOAD ./StdPeriphDriver/CH59x_i2c.o
LOAD ./StdPeriphDriver/CH59x_lcd.o
LOAD ./StdPeriphDriver/CH59x_pwr.o
LOAD ./StdPeriphDriver/CH59x_sys.o
LOAD ./StdPeriphDriver/CH59x_uart1.o
LOAD ./Startup/startup_CH592.o
LOAD ./RVMSIS/core_riscv.o
LOAD ./Profile/battservice.o
LOAD ./Profile/devinfoservice.o
LOAD ./Profile/hiddev.o
LOAD ./Profile/hidkbdservice.o
LOAD ./Profile/scanparamservice.o
LOAD ./LIB/ble_task_scheduler.o
LOAD ./HAL/MCU.o
LOAD ./HAL/RTC.o
LOAD ./HAL/SLEEP.o
LOAD ./APP/app_led.o
LOAD ./APP/hidkbd.o
LOAD ./APP/hidkbd_main.o
LOAD ./APP/key_scan.o
LOAD d:\Code\CH592\EVT(演示) - 副本\EXAM\SRC\StdPeriphDriver\libISP592.a
LOAD d:\Code\CH592\EVT(演示) - 副本\EXAM\BLE\LIB\libCH59xBLE.a
LOAD d:/software/ch592/mounriver/mounriver_studio2/resources/app/resources/win32/components/wch/toolchain/risc-v embedded gcc/bin/../lib/gcc/riscv-none-embed/8.2.0/../../../../riscv-none-embed/lib/rv32imac/ilp32\libm.a
LOAD d:/software/ch592/mounriver/mounriver_studio2/resources/app/resources/win32/components/wch/toolchain/risc-v embedded gcc/bin/../lib/gcc/riscv-none-embed/8.2.0/rv32imac/ilp32\libgcc.a
LOAD d:/software/ch592/mounriver/mounriver_studio2/resources/app/resources/win32/components/wch/toolchain/risc-v embedded gcc/bin/../lib/gcc/riscv-none-embed/8.2.0/../../../../riscv-none-embed/lib/rv32imac/ilp32\libg_nano.a
LOAD d:/software/ch592/mounriver/mounriver_studio2/resources/app/resources/win32/components/wch/toolchain/risc-v embedded gcc/bin/../lib/gcc/riscv-none-embed/8.2.0/../../../../riscv-none-embed/lib/rv32imac/ilp32\libc_nano.a
LOAD d:/software/ch592/mounriver/mounriver_studio2/resources/app/resources/win32/components/wch/toolchain/risc-v embedded gcc/bin/../lib/gcc/riscv-none-embed/8.2.0/rv32imac/ilp32\libgcc.a
START GROUP
LOAD d:/software/ch592/mounriver/mounriver_studio2/resources/app/resources/win32/components/wch/toolchain/risc-v embedded gcc/bin/../lib/gcc/riscv-none-embed/8.2.0/rv32imac/ilp32\libgcc.a
LOAD d:/software/ch592/mounriver/mounriver_studio2/resources/app/resources/win32/components/wch/toolchain/risc-v embedded gcc/bin/../lib/gcc/riscv-none-embed/8.2.0/../../../../riscv-none-embed/lib/rv32imac/ilp32\libc_nano.a
LOAD d:/software/ch592/mounriver/mounriver_studio2/resources/app/resources/win32/components/wch/toolchain/risc-v embedded gcc/bin/../lib/gcc/riscv-none-embed/8.2.0/../../../../riscv-none-embed/lib/rv32imac/ilp32\libnosys.a
END GROUP
START GROUP
LOAD d:/software/ch592/mounriver/mounriver_studio2/resources/app/resources/win32/components/wch/toolchain/risc-v embedded gcc/bin/../lib/gcc/riscv-none-embed/8.2.0/rv32imac/ilp32\libgcc.a
LOAD d:/software/ch592/mounriver/mounriver_studio2/resources/app/resources/win32/components/wch/toolchain/risc-v embedded gcc/bin/../lib/gcc/riscv-none-embed/8.2.0/../../../../riscv-none-embed/lib/rv32imac/ilp32\libc_nano.a
LOAD d:/software/ch592/mounriver/mounriver_studio2/resources/app/resources/win32/components/wch/toolchain/risc-v embedded gcc/bin/../lib/gcc/riscv-none-embed/8.2.0/../../../../riscv-none-embed/lib/rv32imac/ilp32\libnosys.a
END GROUP
                0x0000000000000200                __stack_size = 0x200
                [!provide]                        PROVIDE (_stack_size = __stack_size)

.init           0x0000000000000000        0x4
                0x0000000000000000                _sinit = .
                0x0000000000000000                . = ALIGN (0x4)
 *(SORT_NONE(.init))
 .init          0x0000000000000000        0x4 ./Startup/startup_CH592.o
                0x0000000000000000                _start
                0x0000000000000004                . = ALIGN (0x4)
                0x0000000000000004                _einit = .

.highcodelalign
                0x0000000000000004        0x0
                0x0000000000000004                . = ALIGN (0x4)
                0x0000000000000004                PROVIDE (_highcode_lma = .)

.highcode       0x0000000020000000     0x1fc0 load address 0x0000000000000004
                0x0000000020000000                . = ALIGN (0x4)
                0x0000000020000000                PROVIDE (_highcode_vma_start = .)
 *(.vector)
 .vector        0x0000000020000000       0x90 ./Startup/startup_CH592.o
 *(SORT_NONE(.vector_handler))
 .vector_handler
                0x0000000020000090        0x2 ./Startup/startup_CH592.o
                0x0000000020000090                GPIOB_IRQHandler
                0x0000000020000090                GPIOA_IRQHandler
                0x0000000020000090                SysTick_Handler
                0x0000000020000090                NMI_Handler
                0x0000000020000090                UART1_IRQHandler
                0x0000000020000090                UART0_IRQHandler
                0x0000000020000090                BB_IRQHandler
                0x0000000020000090                Break_Point_Handler
                0x0000000020000090                TMR0_IRQHandler
                0x0000000020000090                UART2_IRQHandler
                0x0000000020000090                PWMX_IRQHandler
                0x0000000020000090                ADC_IRQHandler
                0x0000000020000090                TMR2_IRQHandler
                0x0000000020000090                USB_IRQHandler
                0x0000000020000090                I2C_IRQHandler
                0x0000000020000090                WDOG_BAT_IRQHandler
                0x0000000020000090                TMR3_IRQHandler
                0x0000000020000090                SW_Handler
                0x0000000020000090                SPI0_IRQHandler
                0x0000000020000090                UART3_IRQHandler
                0x0000000020000090                TMR1_IRQHandler
 *(.highcode)
 .highcode      0x0000000020000092       0x18 ./StdPeriphDriver/CH59x_clk.o
                0x0000000020000092                RTC_GetCycle32k
 .highcode      0x00000000200000aa      0x2ce ./StdPeriphDriver/CH59x_sys.o
                0x00000000200000aa                SetSysClock
                0x000000002000026a                SYS_ResetExecute
                0x00000000200002c2                HardFault_Handler
                0x0000000020000342                mDelayuS
                0x0000000020000350                mDelaymS
 *fill*         0x0000000020000378        0x0 
 .highcode      0x0000000020000378       0x4e ./LIB/ble_task_scheduler.o
                0x0000000020000378                Ecall_U_Mode_Handler
                0x0000000020000378                Ecall_M_Mode_Handler
 .highcode      0x00000000200003c6       0x2e ./HAL/RTC.o
                0x00000000200003de                RTC_IRQHandler
 .highcode      0x00000000200003f4        0xa ./APP/hidkbd_main.o
                0x00000000200003f4                Main_Circulation
 .highcode      0x00000000200003fe      0x426 d:\Code\CH592\EVT(演示) - 副本\EXAM\SRC\StdPeriphDriver\libISP592.a(ISP583.o)
                0x00000000200003fe                FLASH_ROM_BEG
                0x0000000020000410                FLASH_ROM_END
                0x000000002000041e                FLASH_ROM_IN
                0x000000002000042c                FLASH_ROM_OUT
                0x000000002000043a                FLASH_ROM_ADDR
                0x0000000020000482                FLASH_ROM_WAIT
                0x00000000200004ba                FLASH_EEPROM_CMD
 *(.highcode.*)
 *fill*         0x0000000020000824        0x0 
 .highcode.LLE_IRQHandler
                0x0000000020000824       0x86 ./LIB/ble_task_scheduler.o
                0x0000000020000824                LLE_IRQHandler
 .highcode.tmos_memcpy
                0x00000000200008aa       0x3e d:\Code\CH592\EVT(演示) - 副本\EXAM\BLE\LIB\libCH59xBLE.a(tmos.o)
                0x00000000200008aa                tmos_memcpy
 .highcode.tmos_memcpy_word
                0x00000000200008e8       0x34 d:\Code\CH592\EVT(演示) - 副本\EXAM\BLE\LIB\libCH59xBLE.a(tmos.o)
                0x00000000200008e8                tmos_memcpy_word
 .highcode.tmos_memset
                0x000000002000091c       0x32 d:\Code\CH592\EVT(演示) - 副本\EXAM\BLE\LIB\libCH59xBLE.a(tmos.o)
                0x000000002000091c                tmos_memset
 .highcode.tmos_strlen
                0x000000002000094e       0x30 d:\Code\CH592\EVT(演示) - 副本\EXAM\BLE\LIB\libCH59xBLE.a(tmos.o)
                0x000000002000094e                tmos_strlen
 .highcode.tmos_memcmp
                0x000000002000097e       0x4e d:\Code\CH592\EVT(演示) - 副本\EXAM\BLE\LIB\libCH59xBLE.a(tmos.o)
                0x000000002000097e                tmos_memcmp
 .highcode.tmos_revmemcpy
                0x00000000200009cc       0x38 d:\Code\CH592\EVT(演示) - 副本\EXAM\BLE\LIB\libCH59xBLE.a(tmos.o)
                0x00000000200009cc                tmos_revmemcpy
 .highcode.tmos_isbufset
                0x0000000020000a04       0x42 d:\Code\CH592\EVT(演示) - 副本\EXAM\BLE\LIB\libCH59xBLE.a(tmos.o)
                0x0000000020000a04                tmos_isbufset
 .highcode.tmos_proces_system_time
                0x0000000020000a46      0x162 d:\Code\CH592\EVT(演示) - 副本\EXAM\BLE\LIB\libCH59xBLE.a(tmos.o)
 .highcode.ble_controller_func
                0x0000000020000ba8       0x40 d:\Code\CH592\EVT(演示) - 副本\EXAM\BLE\LIB\libCH59xBLE.a(tmos.o)
                0x0000000020000ba8                ble_controller_func
 .highcode.TMOS_SystemProcess
                0x0000000020000be8      0x206 d:\Code\CH592\EVT(演示) - 副本\EXAM\BLE\LIB\libCH59xBLE.a(tmos.o)
                0x0000000020000be8                TMOS_SystemProcess
 .highcode.clockGetHSEValue
                0x0000000020000dee       0x36 d:\Code\CH592\EVT(演示) - 副本\EXAM\BLE\LIB\libCH59xBLE.a(tmos_hw.o)
 .highcode.LL_WhitelistLookup
                0x0000000020000e24       0x4e d:\Code\CH592\EVT(演示) - 副本\EXAM\BLE\LIB\libCH59xBLE.a(ll_whitelist.o)
                0x0000000020000e24                LL_WhitelistLookup
 *fill*         0x0000000020000e72        0x2 
 .highcode.ble_controller_scheduler
                0x0000000020000e74        0xa d:\Code\CH592\EVT(演示) - 副本\EXAM\BLE\LIB\libCH59xBLE.a(ble_task_process.o)
 *fill*         0x0000000020000e7e        0x2 
 .highcode.LLE_IRQLibHandler
                0x0000000020000e80       0x3a d:\Code\CH592\EVT(演示) - 副本\EXAM\BLE\LIB\libCH59xBLE.a(ble_task_process.o)
                0x0000000020000e80                LLE_IRQLibHandler
 .highcode.BB_IRQLibHandler
                0x0000000020000eba      0x106 d:\Code\CH592\EVT(演示) - 副本\EXAM\BLE\LIB\libCH59xBLE.a(bb.o)
                0x0000000020000eba                BB_IRQLibHandler
 .highcode.BB_IRQLibFunction
                0x0000000020000fc0        0x6 d:\Code\CH592\EVT(演示) - 副本\EXAM\BLE\LIB\libCH59xBLE.a(bb.o)
                0x0000000020000fc0                BB_IRQLibFunction
 .highcode.lleIrqHandler
                0x0000000020000fc6      0x196 d:\Code\CH592\EVT(演示) - 副本\EXAM\BLE\LIB\libCH59xBLE.a(ip.o)
 .highcode.ll_rx_wait_finish
                0x000000002000115c       0x3e d:\Code\CH592\EVT(演示) - 副本\EXAM\BLE\LIB\libCH59xBLE.a(ip.o)
                0x000000002000115c                ll_rx_wait_finish
 .highcode.ble_ll_chkcrc
                0x000000002000119a       0x92 d:\Code\CH592\EVT(演示) - 副本\EXAM\BLE\LIB\libCH59xBLE.a(ip.o)
                0x000000002000119a                ble_ll_chkcrc
 .highcode.ll_tx_wait_finish
                0x000000002000122c      0x15c d:\Code\CH592\EVT(演示) - 副本\EXAM\BLE\LIB\libCH59xBLE.a(ip.o)
                0x000000002000122c                ll_tx_wait_finish
 .highcode.LLE_IRQSubHandler
                0x0000000020001388       0x24 d:\Code\CH592\EVT(演示) - 副本\EXAM\BLE\LIB\libCH59xBLE.a(lle.o)
                0x0000000020001388                LLE_IRQSubHandler
 .highcode.RFEND_WaitTune
                0x00000000200013ac       0x3a d:\Code\CH592\EVT(演示) - 副本\EXAM\BLE\LIB\libCH59xBLE.a(rfend.o)
                0x00000000200013ac                RFEND_WaitTune
 .highcode.tmos_memory_allocate
                0x00000000200013e6       0xf2 d:\Code\CH592\EVT(演示) - 副本\EXAM\BLE\LIB\libCH59xBLE.a(memory.o)
                0x00000000200013e6                tmos_memory_allocate
 .highcode.tmos_memory_free
                0x00000000200014d8      0x108 d:\Code\CH592\EVT(演示) - 副本\EXAM\BLE\LIB\libCH59xBLE.a(memory.o)
                0x00000000200014d8                tmos_memory_free
 .highcode.ll_connect_send_data
                0x00000000200015e0      0x132 d:\Code\CH592\EVT(演示) - 副本\EXAM\BLE\LIB\libCH59xBLE.a(ll_connect.o)
                0x00000000200015e0                ll_connect_send_data
 .highcode.ll_connect_recv_data
                0x0000000020001712       0xe0 d:\Code\CH592\EVT(演示) - 副本\EXAM\BLE\LIB\libCH59xBLE.a(ll_connect.o)
                0x0000000020001712                ll_connect_recv_data
 .highcode.ll_connect_event_continue
                0x00000000200017f2       0xca d:\Code\CH592\EVT(演示) - 副本\EXAM\BLE\LIB\libCH59xBLE.a(ll_connect.o)
                0x00000000200017f2                ll_connect_event_continue
 .highcode.ll_wait_connect_event
                0x00000000200018bc       0x14 d:\Code\CH592\EVT(演示) - 副本\EXAM\BLE\LIB\libCH59xBLE.a(ll_connect.o)
                0x00000000200018bc                ll_wait_connect_event
 .highcode.ll_get_connect_anchorPoint
                0x00000000200018d0      0x2f0 d:\Code\CH592\EVT(演示) - 副本\EXAM\BLE\LIB\libCH59xBLE.a(ll_connect.o)
                0x00000000200018d0                ll_get_connect_anchorPoint
 .highcode.ll_process_connect_event
                0x0000000020001bc0       0x58 d:\Code\CH592\EVT(演示) - 副本\EXAM\BLE\LIB\libCH59xBLE.a(ll_connect.o)
                0x0000000020001bc0                ll_process_connect_event
 .highcode.LL_HopGetChannel
                0x0000000020001c18       0xa6 d:\Code\CH592\EVT(演示) - 副本\EXAM\BLE\LIB\libCH59xBLE.a(ll_hop.o)
                0x0000000020001c18                LL_HopGetChannel
 .highcode.LL_HopGetChannel2
                0x0000000020001cbe      0x26a d:\Code\CH592\EVT(演示) - 副本\EXAM\BLE\LIB\libCH59xBLE.a(ll_hop.o)
                0x0000000020001cbe                LL_HopGetChannel2
 .highcode.LL_ResolvinglistPeerIdentifyAddressGetIrk
                0x0000000020001f28       0x54 d:\Code\CH592\EVT(演示) - 副本\EXAM\BLE\LIB\libCH59xBLE.a(ll_resolvinglist.o)
                0x0000000020001f28                LL_ResolvinglistPeerIdentifyAddressGetIrk
 .highcode.LL_ResolvinglistPeerRpaAddressGetIrk
                0x0000000020001f7c       0x42 d:\Code\CH592\EVT(演示) - 副本\EXAM\BLE\LIB\libCH59xBLE.a(ll_resolvinglist.o)
                0x0000000020001f7c                LL_ResolvinglistPeerRpaAddressGetIrk
                0x0000000020001fc0                . = ALIGN (0x4)
 *fill*         0x0000000020001fbe        0x2 
                0x0000000020001fc0                PROVIDE (_highcode_vma_end = .)

.text           0x0000000000001fc4    0x24b20
                0x0000000000001fc4                . = ALIGN (0x4)
 *(SORT_NONE(.handle_reset))
 .handle_reset  0x0000000000001fc4       0xae ./Startup/startup_CH592.o
                0x0000000000001fc4                handle_reset
 *(.text)
 .text          0x0000000000002072       0xa8 d:/software/ch592/mounriver/mounriver_studio2/resources/app/resources/win32/components/wch/toolchain/risc-v embedded gcc/bin/../lib/gcc/riscv-none-embed/8.2.0/../../../../riscv-none-embed/lib/rv32imac/ilp32\libg_nano.a(lib_a-memset.o)
                0x0000000000002072                memset
 *(.text.*)
 .text.ADC_InterTSSampInit
                0x000000000000211a       0x34 ./StdPeriphDriver/CH59x_adc.o
                0x000000000000211a                ADC_InterTSSampInit
 .text.LSECFG_Current
                0x000000000000214e       0x4e ./StdPeriphDriver/CH59x_clk.o
                0x000000000000214e                LSECFG_Current
 .text.RTC_InitTime
                0x000000000000219c      0x1d0 ./StdPeriphDriver/CH59x_clk.o
                0x000000000000219c                RTC_InitTime
 .text.Calibration_LSI
                0x000000000000236c      0x89c ./StdPeriphDriver/CH59x_clk.o
                0x000000000000236c                Calibration_LSI
 .text.GPIOA_ModeCfg
                0x0000000000002c08       0xa6 ./StdPeriphDriver/CH59x_gpio.o
                0x0000000000002c08                GPIOA_ModeCfg
 .text.GPIOB_ModeCfg
                0x0000000000002cae       0xa6 ./StdPeriphDriver/CH59x_gpio.o
                0x0000000000002cae                GPIOB_ModeCfg
 .text.GetSysClock
                0x0000000000002d54       0x40 ./StdPeriphDriver/CH59x_sys.o
                0x0000000000002d54                GetSysClock
 .text.SYS_DisableAllIrq
                0x0000000000002d94       0x20 ./StdPeriphDriver/CH59x_sys.o
                0x0000000000002d94                SYS_DisableAllIrq
 .text.SYS_RecoverIrq
                0x0000000000002db4       0x14 ./StdPeriphDriver/CH59x_sys.o
                0x0000000000002db4                SYS_RecoverIrq
 .text.SYS_GetSysTickCnt
                0x0000000000002dc8        0xa ./StdPeriphDriver/CH59x_sys.o
                0x0000000000002dc8                SYS_GetSysTickCnt
 .text._write   0x0000000000002dd2       0x28 ./StdPeriphDriver/CH59x_sys.o
                0x0000000000002dd2                _write
 .text._sbrk    0x0000000000002dfa       0x34 ./StdPeriphDriver/CH59x_sys.o
                0x0000000000002dfa                _sbrk
 .text.UART1_BaudRateCfg
                0x0000000000002e2e       0x30 ./StdPeriphDriver/CH59x_uart1.o
                0x0000000000002e2e                UART1_BaudRateCfg
 .text.UART1_DefInit
                0x0000000000002e5e       0x32 ./StdPeriphDriver/CH59x_uart1.o
                0x0000000000002e5e                UART1_DefInit
 .text.battMeasure
                0x0000000000002e90       0x78 ./Profile/battservice.o
 .text.battWriteAttrCB
                0x0000000000002f08       0x5e ./Profile/battservice.o
 .text.battReadAttrCB
                0x0000000000002f66       0x72 ./Profile/battservice.o
 .text.battNotifyCB
                0x0000000000002fd8       0x72 ./Profile/battservice.o
 .text.Batt_AddService
                0x000000000000304a       0x2c ./Profile/battservice.o
                0x000000000000304a                Batt_AddService
 .text.Batt_Register
                0x0000000000003076        0x6 ./Profile/battservice.o
                0x0000000000003076                Batt_Register
 .text.Batt_SetParameter
                0x000000000000307c       0x36 ./Profile/battservice.o
                0x000000000000307c                Batt_SetParameter
 .text.Batt_GetParameter
                0x00000000000030b2       0x66 ./Profile/battservice.o
                0x00000000000030b2                Batt_GetParameter
 .text.Batt_MeasLevel
                0x0000000000003118       0x26 ./Profile/battservice.o
                0x0000000000003118                Batt_MeasLevel
 .text.Batt_HandleConnStatusCB
                0x000000000000313e       0x3e ./Profile/battservice.o
                0x000000000000313e                Batt_HandleConnStatusCB
 .text.devInfo_ReadAttrCB
                0x000000000000317c      0x196 ./Profile/devinfoservice.o
 .text.DevInfo_AddService
                0x0000000000003312       0x18 ./Profile/devinfoservice.o
                0x0000000000003312                DevInfo_AddService
 .text.hidDevScanParamCB
                0x000000000000332a        0x2 ./Profile/hiddev.o
 .text.hidDevRptByHandle
                0x000000000000332c       0x30 ./Profile/hiddev.o
 .text.hidDevParamUpdateCB
                0x000000000000335c       0x12 ./Profile/hiddev.o
 .text.hidDevInitialAdvertising
                0x000000000000336e       0x3c ./Profile/hiddev.o
 .text.hidDevBattCB
                0x00000000000033aa       0x28 ./Profile/hiddev.o
 .text.hidDevPairStateCB
                0x00000000000033d2       0x28 ./Profile/hiddev.o
 .text.hidDevPasscodeCB
                0x00000000000033fa       0x34 ./Profile/hiddev.o
 .text.HidDev_ProcessEvent
                0x000000000000342e       0xe8 ./Profile/hiddev.o
                0x000000000000342e                HidDev_ProcessEvent
 .text.hidDevGapStateCB
                0x0000000000003516      0x124 ./Profile/hiddev.o
 .text.HidDev_Init
                0x000000000000363a       0x66 ./Profile/hiddev.o
                0x000000000000363a                HidDev_Init
 .text.HidDev_Register
                0x00000000000036a0        0xa ./Profile/hiddev.o
                0x00000000000036a0                HidDev_Register
 .text.HidDev_RegisterReports
                0x00000000000036aa        0xa ./Profile/hiddev.o
                0x00000000000036aa                HidDev_RegisterReports
 .text.HidDev_Report
                0x00000000000036b4      0x12c ./Profile/hiddev.o
                0x00000000000036b4                HidDev_Report
 .text.HidDev_ReadAttrCB
                0x00000000000037e0      0x104 ./Profile/hiddev.o
                0x00000000000037e0                HidDev_ReadAttrCB
 .text.HidDev_WriteAttrCB
                0x00000000000038e4      0x146 ./Profile/hiddev.o
                0x00000000000038e4                HidDev_WriteAttrCB
 .text.Hid_AddService
                0x0000000000003a2a      0x108 ./Profile/hidkbdservice.o
                0x0000000000003a2a                Hid_AddService
 .text.Hid_SetParameter
                0x0000000000003b32       0x5a ./Profile/hidkbdservice.o
                0x0000000000003b32                Hid_SetParameter
 .text.Hid_GetParameter
                0x0000000000003b8c       0x42 ./Profile/hidkbdservice.o
                0x0000000000003b8c                Hid_GetParameter
 .text.scanParamReadAttrCB
                0x0000000000003bce        0x4 ./Profile/scanparamservice.o
 .text.scanParamWriteAttrCB
                0x0000000000003bd2       0x66 ./Profile/scanparamservice.o
 .text.ScanParam_AddService
                0x0000000000003c38       0x2c ./Profile/scanparamservice.o
                0x0000000000003c38                ScanParam_AddService
 .text.ScanParam_Register
                0x0000000000003c64        0x6 ./Profile/scanparamservice.o
                0x0000000000003c64                ScanParam_Register
 .text.ScanParam_RefreshNotify
                0x0000000000003c6a       0x5c ./Profile/scanparamservice.o
                0x0000000000003c6a                ScanParam_RefreshNotify
 .text.ScanParam_HandleConnStatusCB
                0x0000000000003cc6       0x3e ./Profile/scanparamservice.o
                0x0000000000003cc6                ScanParam_HandleConnStatusCB
 .text.Lib_Calibration_LSI
                0x0000000000003d04        0x6 ./HAL/MCU.o
                0x0000000000003d04                Lib_Calibration_LSI
 .text.Lib_Read_Flash
                0x0000000000003d0a       0x1c ./HAL/MCU.o
                0x0000000000003d0a                Lib_Read_Flash
 .text.HAL_GetInterTempValue
                0x0000000000003d26       0x72 ./HAL/MCU.o
                0x0000000000003d26                HAL_GetInterTempValue
 .text.HAL_ProcessEvent
                0x0000000000003d98       0x88 ./HAL/MCU.o
                0x0000000000003d98                HAL_ProcessEvent
 .text.Lib_Write_Flash_592A
                0x0000000000003e20       0x84 ./HAL/MCU.o
                0x0000000000003e20                Lib_Write_Flash_592A
 .text.Lib_Write_Flash
                0x0000000000003ea4       0x52 ./HAL/MCU.o
                0x0000000000003ea4                Lib_Write_Flash
 .text.CH59x_BLEInit
                0x0000000000003ef6      0x18c ./HAL/MCU.o
                0x0000000000003ef6                CH59x_BLEInit
 .text.HAL_Init
                0x0000000000004082       0x30 ./HAL/MCU.o
                0x0000000000004082                HAL_Init
 .text.HAL_TimeInit
                0x00000000000040b2       0xca ./HAL/RTC.o
                0x00000000000040b2                HAL_TimeInit
 .text.AppLed_ProcessEvent
                0x000000000000417c       0x3e ./APP/app_led.o
                0x000000000000417c                AppLed_ProcessEvent
 .text.AppLed_Init
                0x00000000000041ba       0x32 ./APP/app_led.o
                0x00000000000041ba                AppLed_Init
 .text.AppLed_Set_State
                0x00000000000041ec       0x5e ./APP/app_led.o
                0x00000000000041ec                AppLed_Set_State
 .text.hidEmuEvtCB
                0x000000000000424a        0x2 ./APP/hidkbd.o
 .text.hidEmuStateCB
                0x000000000000424c      0x124 ./APP/hidkbd.o
 .text.hidEmuRptCB
                0x0000000000004370       0x70 ./APP/hidkbd.o
 .text.HidEmu_ProcessEvent
                0x00000000000043e0       0x9a ./APP/hidkbd.o
                0x00000000000043e0                HidEmu_ProcessEvent
 .text.HidEmu_Init
                0x000000000000447a      0x106 ./APP/hidkbd.o
                0x000000000000447a                HidEmu_Init
 .text.hidEmuSendKbdReport
                0x0000000000004580       0x28 ./APP/hidkbd.o
                0x0000000000004580                hidEmuSendKbdReport
 .text.HidEmu_Disconnect
                0x00000000000045a8       0x12 ./APP/hidkbd.o
                0x00000000000045a8                HidEmu_Disconnect
 .text.startup.main
                0x00000000000045ba       0x58 ./APP/hidkbd_main.o
                0x00000000000045ba                main
 .text.GPIO_KeyInput
                0x0000000000004612       0x54 ./APP/key_scan.o
                0x0000000000004612                GPIO_KeyInput
 .text.Key_Scan_Task
                0x0000000000004666      0x15c ./APP/key_scan.o
                0x0000000000004666                Key_Scan_Task
 .text.tmos_msg_enqueue
                0x00000000000047c2       0x1e d:\Code\CH592\EVT(演示) - 副本\EXAM\BLE\LIB\libCH59xBLE.a(message.o)
                0x00000000000047c2                tmos_msg_enqueue
 .text.tmos_msg_extract
                0x00000000000047e0       0x1e d:\Code\CH592\EVT(演示) - 副本\EXAM\BLE\LIB\libCH59xBLE.a(message.o)
                0x00000000000047e0                tmos_msg_extract
 .text.tmos_msg_deallocate
                0x00000000000047fe       0x52 d:\Code\CH592\EVT(演示) - 副本\EXAM\BLE\LIB\libCH59xBLE.a(message.o)
                0x00000000000047fe                tmos_msg_deallocate
 .text.tmos_msg_allocate
                0x0000000000004850       0x70 d:\Code\CH592\EVT(演示) - 副本\EXAM\BLE\LIB\libCH59xBLE.a(message.o)
                0x0000000000004850                tmos_msg_allocate
 .text.tmos_msg_receive
                0x00000000000048c0       0x86 d:\Code\CH592\EVT(演示) - 副本\EXAM\BLE\LIB\libCH59xBLE.a(message.o)
                0x00000000000048c0                tmos_msg_receive
 .text.tmos_msg_send
                0x0000000000004946       0x92 d:\Code\CH592\EVT(演示) - 副本\EXAM\BLE\LIB\libCH59xBLE.a(message.o)
                0x0000000000004946                tmos_msg_send
 .text.tmos_msg_init
                0x00000000000049d8        0xa d:\Code\CH592\EVT(演示) - 副本\EXAM\BLE\LIB\libCH59xBLE.a(message.o)
                0x00000000000049d8                tmos_msg_init
 .text.tmosFindTask
                0x00000000000049e2       0x24 d:\Code\CH592\EVT(演示) - 副本\EXAM\BLE\LIB\libCH59xBLE.a(tmos.o)
 .text.TMOS_CB_ProcessEvent
                0x0000000000004a06       0x64 d:\Code\CH592\EVT(演示) - 副本\EXAM\BLE\LIB\libCH59xBLE.a(tmos.o)
                0x0000000000004a06                TMOS_CB_ProcessEvent
 .text.TMOS_CB_PeriodicProcessEvent
                0x0000000000004a6a       0x86 d:\Code\CH592\EVT(演示) - 副本\EXAM\BLE\LIB\libCH59xBLE.a(tmos.o)
                0x0000000000004a6a                TMOS_CB_PeriodicProcessEvent
 .text.tmos_rand
                0x0000000000004af0       0x72 d:\Code\CH592\EVT(演示) - 副本\EXAM\BLE\LIB\libCH59xBLE.a(tmos.o)
                0x0000000000004af0                tmos_rand
 .text.tmos_memdup
                0x0000000000004b62       0x5c d:\Code\CH592\EVT(演示) - 副本\EXAM\BLE\LIB\libCH59xBLE.a(tmos.o)
                0x0000000000004b62                tmos_memdup
 .text.tmos_start_periodic_callback_task
                0x0000000000004bbe      0x120 d:\Code\CH592\EVT(演示) - 副本\EXAM\BLE\LIB\libCH59xBLE.a(tmos.o)
                0x0000000000004bbe                tmos_start_periodic_callback_task
 .text.tmos_set_event
                0x0000000000004cde       0x4a d:\Code\CH592\EVT(演示) - 副本\EXAM\BLE\LIB\libCH59xBLE.a(tmos.o)
                0x0000000000004cde                tmos_set_event
 .text.tmos_clear_event
                0x0000000000004d28       0x4e d:\Code\CH592\EVT(演示) - 副本\EXAM\BLE\LIB\libCH59xBLE.a(tmos.o)
                0x0000000000004d28                tmos_clear_event
 .text.tmos_update_callback_timer
                0x0000000000004d76       0xe2 d:\Code\CH592\EVT(演示) - 副本\EXAM\BLE\LIB\libCH59xBLE.a(tmos.o)
                0x0000000000004d76                tmos_update_callback_timer
 .text.tmos_update_periodic_callback_timer
                0x0000000000004e58       0x82 d:\Code\CH592\EVT(演示) - 副本\EXAM\BLE\LIB\libCH59xBLE.a(tmos.o)
                0x0000000000004e58                tmos_update_periodic_callback_timer
 .text.tmos_start_task
                0x0000000000004eda      0x16a d:\Code\CH592\EVT(演示) - 副本\EXAM\BLE\LIB\libCH59xBLE.a(tmos.o)
                0x0000000000004eda                tmos_start_task
 .text.tmos_start_callback_task
                0x0000000000005044       0xc8 d:\Code\CH592\EVT(演示) - 副本\EXAM\BLE\LIB\libCH59xBLE.a(tmos.o)
                0x0000000000005044                tmos_start_callback_task
 .text.tmos_start_reload_task
                0x000000000000510c       0x76 d:\Code\CH592\EVT(演示) - 副本\EXAM\BLE\LIB\libCH59xBLE.a(tmos.o)
                0x000000000000510c                tmos_start_reload_task
 .text.tmos_stop_task
                0x0000000000005182       0x74 d:\Code\CH592\EVT(演示) - 副本\EXAM\BLE\LIB\libCH59xBLE.a(tmos.o)
                0x0000000000005182                tmos_stop_task
 .text.tmos_stop_callback_task
                0x00000000000051f6       0x82 d:\Code\CH592\EVT(演示) - 副本\EXAM\BLE\LIB\libCH59xBLE.a(tmos.o)
                0x00000000000051f6                tmos_stop_callback_task
 .text.tmos_get_task_timer
                0x0000000000005278       0x82 d:\Code\CH592\EVT(演示) - 副本\EXAM\BLE\LIB\libCH59xBLE.a(tmos.o)
                0x0000000000005278                tmos_get_task_timer
 .text.tmos_proces_idle
                0x00000000000052fa       0xc6 d:\Code\CH592\EVT(演示) - 副本\EXAM\BLE\LIB\libCH59xBLE.a(tmos.o)
                0x00000000000052fa                tmos_proces_idle
 .text.TMOS_TimerRegister
                0x00000000000053c0       0x1e d:\Code\CH592\EVT(演示) - 副本\EXAM\BLE\LIB\libCH59xBLE.a(tmos.o)
                0x00000000000053c0                TMOS_TimerRegister
 .text.TMOS_ProcessRegister
                0x00000000000053de       0x16 d:\Code\CH592\EVT(演示) - 副本\EXAM\BLE\LIB\libCH59xBLE.a(tmos.o)
                0x00000000000053de                TMOS_ProcessRegister
 .text.TMOS_SysRegister
                0x00000000000053f4       0x16 d:\Code\CH592\EVT(演示) - 副本\EXAM\BLE\LIB\libCH59xBLE.a(tmos.o)
                0x00000000000053f4                TMOS_SysRegister
 .text.TMOS_Init
                0x000000000000540a      0x140 d:\Code\CH592\EVT(演示) - 副本\EXAM\BLE\LIB\libCH59xBLE.a(tmos.o)
                0x000000000000540a                TMOS_Init
 .text.TMOS_ProcessEventRegister
                0x000000000000554a       0x3c d:\Code\CH592\EVT(演示) - 副本\EXAM\BLE\LIB\libCH59xBLE.a(tmos.o)
                0x000000000000554a                TMOS_ProcessEventRegister
 .text.BLE_LibInit
                0x0000000000005586      0x170 d:\Code\CH592\EVT(演示) - 副本\EXAM\BLE\LIB\libCH59xBLE.a(tmos.o)
                0x0000000000005586                BLE_LibInit
 .text.clockGetTickValve
                0x00000000000056f6       0x7e d:\Code\CH592\EVT(演示) - 副本\EXAM\BLE\LIB\libCH59xBLE.a(tmos_hw.o)
 .text.ll_get_sca_divisor
                0x0000000000005774       0x40 d:\Code\CH592\EVT(演示) - 副本\EXAM\BLE\LIB\libCH59xBLE.a(tmos_hw.o)
                0x0000000000005774                ll_get_sca_divisor
 .text.ll_get_sca_own
                0x00000000000057b4       0x46 d:\Code\CH592\EVT(演示) - 副本\EXAM\BLE\LIB\libCH59xBLE.a(tmos_hw.o)
                0x00000000000057b4                ll_get_sca_own
 .text.ble_ll_common_rand8
                0x00000000000057fa       0x24 d:\Code\CH592\EVT(演示) - 副本\EXAM\BLE\LIB\libCH59xBLE.a(tmos_hw.o)
                0x00000000000057fa                ble_ll_common_rand8
 .text.ble_ll_common_rand16
                0x000000000000581e       0x24 d:\Code\CH592\EVT(演示) - 副本\EXAM\BLE\LIB\libCH59xBLE.a(tmos_hw.o)
                0x000000000000581e                ble_ll_common_rand16
 .text.ble_ll_common_rand32
                0x0000000000005842       0x20 d:\Code\CH592\EVT(演示) - 副本\EXAM\BLE\LIB\libCH59xBLE.a(tmos_hw.o)
                0x0000000000005842                ble_ll_common_rand32
 .text.TMOS_TempSample
                0x0000000000005862       0x62 d:\Code\CH592\EVT(演示) - 副本\EXAM\BLE\LIB\libCH59xBLE.a(tmos_hw.o)
                0x0000000000005862                TMOS_TempSample
 .text.TMOS_TimerInit
                0x00000000000058c4      0x106 d:\Code\CH592\EVT(演示) - 副本\EXAM\BLE\LIB\libCH59xBLE.a(tmos_hw.o)
                0x00000000000058c4                TMOS_TimerInit
 .text.tmos_snv_init
                0x00000000000059ca       0xc0 d:\Code\CH592\EVT(演示) - 副本\EXAM\BLE\LIB\libCH59xBLE.a(tmos_snv.o)
                0x00000000000059ca                tmos_snv_init
 .text.tmos_snv_read
                0x0000000000005a8a      0x294 d:\Code\CH592\EVT(演示) - 副本\EXAM\BLE\LIB\libCH59xBLE.a(tmos_snv.o)
                0x0000000000005a8a                tmos_snv_read
 .text.tmos_snv_notify
                0x0000000000005d1e       0x5a d:\Code\CH592\EVT(演示) - 副本\EXAM\BLE\LIB\libCH59xBLE.a(tmos_snv.o)
                0x0000000000005d1e                tmos_snv_notify
 .text.tmos_snv_write
                0x0000000000005d78      0x2d2 d:\Code\CH592\EVT(演示) - 副本\EXAM\BLE\LIB\libCH59xBLE.a(tmos_snv.o)
                0x0000000000005d78                tmos_snv_write
 .text.tmos_snv_compact
                0x000000000000604a        0x4 d:\Code\CH592\EVT(演示) - 副本\EXAM\BLE\LIB\libCH59xBLE.a(tmos_snv.o)
                0x000000000000604a                tmos_snv_compact
 .text.disconnectNext
                0x000000000000604e       0x22 d:\Code\CH592\EVT(演示) - 副本\EXAM\BLE\LIB\libCH59xBLE.a(gap.o)
 .text.GAP_ParamInit
                0x0000000000006070      0x164 d:\Code\CH592\EVT(演示) - 副本\EXAM\BLE\LIB\libCH59xBLE.a(gap.o)
                0x0000000000006070                GAP_ParamInit
 .text.sendTerminateEvent
                0x00000000000061d4       0x58 d:\Code\CH592\EVT(演示) - 副本\EXAM\BLE\LIB\libCH59xBLE.a(gap.o)
                0x00000000000061d4                sendTerminateEvent
 .text.gapRegisterCentral
                0x000000000000622c        0x6 d:\Code\CH592\EVT(演示) - 副本\EXAM\BLE\LIB\libCH59xBLE.a(gap.o)
                0x000000000000622c                gapRegisterCentral
 .text.gapRegisterCentralConn
                0x0000000000006232        0x6 d:\Code\CH592\EVT(演示) - 副本\EXAM\BLE\LIB\libCH59xBLE.a(gap.o)
                0x0000000000006232                gapRegisterCentralConn
 .text.gapRegisterPeripheral
                0x0000000000006238        0x6 d:\Code\CH592\EVT(演示) - 副本\EXAM\BLE\LIB\libCH59xBLE.a(gap.o)
                0x0000000000006238                gapRegisterPeripheral
 .text.gapRegisterPeripheralConn
                0x000000000000623e        0x6 d:\Code\CH592\EVT(演示) - 副本\EXAM\BLE\LIB\libCH59xBLE.a(gap.o)
                0x000000000000623e                gapRegisterPeripheralConn
 .text.smGenerateRandBuf
                0x0000000000006244       0x56 d:\Code\CH592\EVT(演示) - 副本\EXAM\BLE\LIB\libCH59xBLE.a(gap.o)
                0x0000000000006244                smGenerateRandBuf
 .text.gapL2capConnParamUpdateReq
                0x000000000000629a       0x36 d:\Code\CH592\EVT(演示) - 副本\EXAM\BLE\LIB\libCH59xBLE.a(gap.o)
                0x000000000000629a                gapL2capConnParamUpdateReq
 .text.gapValidADType
                0x00000000000062d0       0x16 d:\Code\CH592\EVT(演示) - 副本\EXAM\BLE\LIB\libCH59xBLE.a(gap.o)
                0x00000000000062d0                gapValidADType
 .text.gapFindADType
                0x00000000000062e6       0x92 d:\Code\CH592\EVT(演示) - 副本\EXAM\BLE\LIB\libCH59xBLE.a(gap.o)
                0x00000000000062e6                gapFindADType
 .text.GAP_SecParamsInit
                0x0000000000006378       0xaa d:\Code\CH592\EVT(演示) - 副本\EXAM\BLE\LIB\libCH59xBLE.a(gap.o)
                0x0000000000006378                GAP_SecParamsInit
 .text.GAP_ParamsInit
                0x0000000000006422       0x50 d:\Code\CH592\EVT(演示) - 副本\EXAM\BLE\LIB\libCH59xBLE.a(gap.o)
                0x0000000000006422                GAP_ParamsInit
 .text.gapAddAddrAdj
                0x0000000000006472       0x48 d:\Code\CH592\EVT(演示) - 副本\EXAM\BLE\LIB\libCH59xBLE.a(gap.o)
                0x0000000000006472                gapAddAddrAdj
 .text.gapDetermineAddrType
                0x00000000000064ba       0x28 d:\Code\CH592\EVT(演示) - 副本\EXAM\BLE\LIB\libCH59xBLE.a(gap.o)
                0x00000000000064ba                gapDetermineAddrType
 .text.gapFreeAuthLink
                0x00000000000064e2       0x4a d:\Code\CH592\EVT(演示) - 副本\EXAM\BLE\LIB\libCH59xBLE.a(gap.o)
                0x00000000000064e2                gapFreeAuthLink
 .text.gapGetDevAddress
                0x000000000000652c       0x24 d:\Code\CH592\EVT(演示) - 副本\EXAM\BLE\LIB\libCH59xBLE.a(gap.o)
                0x000000000000652c                gapGetDevAddress
 .text.gapGetDevAddressMode
                0x0000000000006550        0xa d:\Code\CH592\EVT(演示) - 副本\EXAM\BLE\LIB\libCH59xBLE.a(gap.o)
                0x0000000000006550                gapGetDevAddressMode
 .text.gapGetIRK
                0x000000000000655a        0xc d:\Code\CH592\EVT(演示) - 副本\EXAM\BLE\LIB\libCH59xBLE.a(gap.o)
                0x000000000000655a                gapGetIRK
 .text.gapGetSRK
                0x0000000000006566        0xc d:\Code\CH592\EVT(演示) - 副本\EXAM\BLE\LIB\libCH59xBLE.a(gap.o)
                0x0000000000006566                gapGetSRK
 .text.gapGetSignCounter
                0x0000000000006572        0xe d:\Code\CH592\EVT(演示) - 副本\EXAM\BLE\LIB\libCH59xBLE.a(gap.o)
                0x0000000000006572                gapGetSignCounter
 .text.gapIncSignCounter
                0x0000000000006580       0x28 d:\Code\CH592\EVT(演示) - 副本\EXAM\BLE\LIB\libCH59xBLE.a(gap.o)
                0x0000000000006580                gapIncSignCounter
 .text.gapProcessConnEvt
                0x00000000000065a8       0x48 d:\Code\CH592\EVT(演示) - 副本\EXAM\BLE\LIB\libCH59xBLE.a(gap.o)
                0x00000000000065a8                gapProcessConnEvt
 .text.gapProcessDisconnectCompleteEvt
                0x00000000000065f0       0xa8 d:\Code\CH592\EVT(演示) - 副本\EXAM\BLE\LIB\libCH59xBLE.a(gap.o)
                0x00000000000065f0                gapProcessDisconnectCompleteEvt
 .text.sendAuthEvent
                0x0000000000006698      0x11e d:\Code\CH592\EVT(演示) - 副本\EXAM\BLE\LIB\libCH59xBLE.a(gap.o)
                0x0000000000006698                sendAuthEvent
 .text.gapSendBondCompleteEvent
                0x00000000000067b6       0x74 d:\Code\CH592\EVT(演示) - 副本\EXAM\BLE\LIB\libCH59xBLE.a(gap.o)
                0x00000000000067b6                gapSendBondCompleteEvent
 .text.gapSendPairingReqEvent
                0x000000000000682a       0x96 d:\Code\CH592\EVT(演示) - 副本\EXAM\BLE\LIB\libCH59xBLE.a(gap.o)
                0x000000000000682a                gapSendPairingReqEvent
 .text.gapSendSlaveSecurityReqEvent
                0x00000000000068c0       0x68 d:\Code\CH592\EVT(演示) - 副本\EXAM\BLE\LIB\libCH59xBLE.a(gap.o)
                0x00000000000068c0                gapSendSlaveSecurityReqEvent
 .text.gapSendDeviceInitDoneEvent
                0x0000000000006928       0x88 d:\Code\CH592\EVT(演示) - 副本\EXAM\BLE\LIB\libCH59xBLE.a(gap.o)
                0x0000000000006928                gapSendDeviceInitDoneEvent
 .text.gapSendLinkUpdateEvent
                0x00000000000069b0       0xb2 d:\Code\CH592\EVT(演示) - 副本\EXAM\BLE\LIB\libCH59xBLE.a(gap.o)
                0x00000000000069b0                gapSendLinkUpdateEvent
 .text.gapSendPhyUpdateEvent
                0x0000000000006a62       0x58 d:\Code\CH592\EVT(演示) - 副本\EXAM\BLE\LIB\libCH59xBLE.a(gap.o)
                0x0000000000006a62                gapSendPhyUpdateEvent
 .text.gapSendEstLinkEvent
                0x0000000000006aba       0xbc d:\Code\CH592\EVT(演示) - 副本\EXAM\BLE\LIB\libCH59xBLE.a(gap.o)
                0x0000000000006aba                gapSendEstLinkEvent
 .text.gapProcessNewAddr
                0x0000000000006b76       0x3e d:\Code\CH592\EVT(演示) - 副本\EXAM\BLE\LIB\libCH59xBLE.a(gap.o)
                0x0000000000006b76                gapProcessNewAddr
 .text.gapProcessRandomAddrComplete
                0x0000000000006bb4       0xb6 d:\Code\CH592\EVT(演示) - 副本\EXAM\BLE\LIB\libCH59xBLE.a(gap.o)
                0x0000000000006bb4                gapProcessRandomAddrComplete
 .text.GAP_Authenticate
                0x0000000000006c6a       0xde d:\Code\CH592\EVT(演示) - 副本\EXAM\BLE\LIB\libCH59xBLE.a(gap.o)
                0x0000000000006c6a                GAP_Authenticate
 .text.GAP_Bond
                0x0000000000006d48       0xa6 d:\Code\CH592\EVT(演示) - 副本\EXAM\BLE\LIB\libCH59xBLE.a(gap.o)
                0x0000000000006d48                GAP_Bond
 .text.GAP_GetParamValue
                0x0000000000006dee       0x20 d:\Code\CH592\EVT(演示) - 副本\EXAM\BLE\LIB\libCH59xBLE.a(gap.o)
                0x0000000000006dee                GAP_GetParamValue
 .text.GAP_PasscodeUpdate
                0x0000000000006e0e       0x54 d:\Code\CH592\EVT(演示) - 副本\EXAM\BLE\LIB\libCH59xBLE.a(gap.o)
                0x0000000000006e0e                GAP_PasscodeUpdate
 .text.GAP_RegisterForMsgs
                0x0000000000006e62        0xa d:\Code\CH592\EVT(演示) - 副本\EXAM\BLE\LIB\libCH59xBLE.a(gap.o)
                0x0000000000006e62                GAP_RegisterForMsgs
 .text.GAP_ResolvePrivateAddr
                0x0000000000006e6c        0x4 d:\Code\CH592\EVT(演示) - 副本\EXAM\BLE\LIB\libCH59xBLE.a(gap.o)
                0x0000000000006e6c                GAP_ResolvePrivateAddr
 .text.gapPairingCompleteCB
                0x0000000000006e70      0x188 d:\Code\CH592\EVT(演示) - 副本\EXAM\BLE\LIB\libCH59xBLE.a(gap.o)
                0x0000000000006e70                gapPairingCompleteCB
 .text.gapPasskeyNeededCB
                0x0000000000006ff8       0x8e d:\Code\CH592\EVT(演示) - 副本\EXAM\BLE\LIB\libCH59xBLE.a(gap.o)
                0x0000000000006ff8                gapPasskeyNeededCB
 .text.gapOobNeededCB
                0x0000000000007086       0xa6 d:\Code\CH592\EVT(演示) - 副本\EXAM\BLE\LIB\libCH59xBLE.a(gap.o)
                0x0000000000007086                gapOobNeededCB
 .text.gapFreeEstLink
                0x000000000000712c       0x20 d:\Code\CH592\EVT(演示) - 副本\EXAM\BLE\LIB\libCH59xBLE.a(gap.o)
                0x000000000000712c                gapFreeEstLink
 .text.gapUpdateConnSignCounter
                0x000000000000714c       0x7a d:\Code\CH592\EVT(演示) - 副本\EXAM\BLE\LIB\libCH59xBLE.a(gap.o)
                0x000000000000714c                gapUpdateConnSignCounter
 .text.GAP_SendSlaveSecurityRequest
                0x00000000000071c6       0x4a d:\Code\CH592\EVT(演示) - 副本\EXAM\BLE\LIB\libCH59xBLE.a(gap.o)
                0x00000000000071c6                GAP_SendSlaveSecurityRequest
 .text.GAP_Signable
                0x0000000000007210       0x6a d:\Code\CH592\EVT(演示) - 副本\EXAM\BLE\LIB\libCH59xBLE.a(gap.o)
                0x0000000000007210                GAP_Signable
 .text.GAP_TerminateAuth
                0x000000000000727a       0x2a d:\Code\CH592\EVT(演示) - 副本\EXAM\BLE\LIB\libCH59xBLE.a(gap.o)
                0x000000000000727a                GAP_TerminateAuth
 .text.GAP_NumActiveConnections
                0x00000000000072a4        0x4 d:\Code\CH592\EVT(演示) - 副本\EXAM\BLE\LIB\libCH59xBLE.a(gap.o)
                0x00000000000072a4                GAP_NumActiveConnections
 .text.GAP_TerminateLinkReq
                0x00000000000072a8       0x8e d:\Code\CH592\EVT(演示) - 副本\EXAM\BLE\LIB\libCH59xBLE.a(gap.o)
                0x00000000000072a8                GAP_TerminateLinkReq
 .text.GAP_SetParamValue
                0x0000000000007336       0x6c d:\Code\CH592\EVT(演示) - 副本\EXAM\BLE\LIB\libCH59xBLE.a(gap.o)
                0x0000000000007336                GAP_SetParamValue
 .text.GAP_Init
                0x00000000000073a2       0x62 d:\Code\CH592\EVT(演示) - 副本\EXAM\BLE\LIB\libCH59xBLE.a(gap.o)
                0x00000000000073a2                GAP_Init
 .text.GAP_ProcessEvent
                0x0000000000007404      0x66a d:\Code\CH592\EVT(演示) - 副本\EXAM\BLE\LIB\libCH59xBLE.a(gap.o)
                0x0000000000007404                GAP_ProcessEvent
 .text.gapSendScanEnable
                0x0000000000007a6e       0x3a d:\Code\CH592\EVT(演示) - 副本\EXAM\BLE\LIB\libCH59xBLE.a(gap_central.o)
 .text.gapCentProcessConnEvt
                0x0000000000007aa8      0x168 d:\Code\CH592\EVT(演示) - 副本\EXAM\BLE\LIB\libCH59xBLE.a(gap_central.o)
                0x0000000000007aa8                gapCentProcessConnEvt
 .text.gapProcessScanningPeriodicAdvEvt
                0x0000000000007c10       0xa0 d:\Code\CH592\EVT(演示) - 副本\EXAM\BLE\LIB\libCH59xBLE.a(gap_central.o)
                0x0000000000007c10                gapProcessScanningPeriodicAdvEvt
 .text.gapCancelLinkReq
                0x0000000000007cb0       0x38 d:\Code\CH592\EVT(演示) - 副本\EXAM\BLE\LIB\libCH59xBLE.a(gap_central.o)
                0x0000000000007cb0                gapCancelLinkReq
 .text.gapProcessAdvertDevInfo
                0x0000000000007ce8      0x242 d:\Code\CH592\EVT(演示) - 副本\EXAM\BLE\LIB\libCH59xBLE.a(gap_central.o)
                0x0000000000007ce8                gapProcessAdvertDevInfo
 .text.gapProcessExtAdvertDevInfo
                0x0000000000007f2a      0x260 d:\Code\CH592\EVT(演示) - 副本\EXAM\BLE\LIB\libCH59xBLE.a(gap_central.o)
                0x0000000000007f2a                gapProcessExtAdvertDevInfo
 .text.gapProcessPeriodicAdvertisingSyncEstablishedEvt
                0x000000000000818a       0xae d:\Code\CH592\EVT(演示) - 副本\EXAM\BLE\LIB\libCH59xBLE.a(gap_central.o)
                0x000000000000818a                gapProcessPeriodicAdvertisingSyncEstablishedEvt
 .text.gapProcessPeriodicAdvertisingSyncLostEvt
                0x0000000000008238       0x56 d:\Code\CH592\EVT(演示) - 副本\EXAM\BLE\LIB\libCH59xBLE.a(gap_central.o)
                0x0000000000008238                gapProcessPeriodicAdvertisingSyncLostEvt
 .text.gapFreeScanRecs
                0x000000000000828e       0xa6 d:\Code\CH592\EVT(演示) - 副本\EXAM\BLE\LIB\libCH59xBLE.a(gap_central.o)
                0x000000000000828e                gapFreeScanRecs
 .text.gapSendDevDiscEvent
                0x0000000000008334      0x124 d:\Code\CH592\EVT(演示) - 副本\EXAM\BLE\LIB\libCH59xBLE.a(gap_central.o)
                0x0000000000008334                gapSendDevDiscEvent
 .text.gapSetScanParamStatus
                0x0000000000008458       0x56 d:\Code\CH592\EVT(演示) - 副本\EXAM\BLE\LIB\libCH59xBLE.a(gap_central.o)
 .text.gapCentProcessHCICmdEvt
                0x00000000000084ae       0x3c d:\Code\CH592\EVT(演示) - 副本\EXAM\BLE\LIB\libCH59xBLE.a(gap_central.o)
                0x00000000000084ae                gapCentProcessHCICmdEvt
 .text.gapProcessScanningEvt
                0x00000000000084ea      0x110 d:\Code\CH592\EVT(演示) - 副本\EXAM\BLE\LIB\libCH59xBLE.a(gap_central.o)
                0x00000000000084ea                gapProcessScanningEvt
 .text.gapProcessScanningDirectEvt
                0x00000000000085fa       0xfe d:\Code\CH592\EVT(演示) - 副本\EXAM\BLE\LIB\libCH59xBLE.a(gap_central.o)
                0x00000000000085fa                gapProcessScanningDirectEvt
 .text.gapProcessScanningExtAdvEvt
                0x00000000000086f8      0x2c4 d:\Code\CH592\EVT(演示) - 副本\EXAM\BLE\LIB\libCH59xBLE.a(gap_central.o)
                0x00000000000086f8                gapProcessScanningExtAdvEvt
 .text.GAP_CentConnRegister
                0x00000000000089bc       0x1a d:\Code\CH592\EVT(演示) - 副本\EXAM\BLE\LIB\libCH59xBLE.a(gap_central.o)
                0x00000000000089bc                GAP_CentConnRegister
 .text.GAP_CentralParamInit
                0x00000000000089d6       0x6e d:\Code\CH592\EVT(演示) - 副本\EXAM\BLE\LIB\libCH59xBLE.a(gap_central.o)
                0x00000000000089d6                GAP_CentralParamInit
 .text.GAP_CentDevMgrInit
                0x0000000000008a44       0x9c d:\Code\CH592\EVT(演示) - 副本\EXAM\BLE\LIB\libCH59xBLE.a(gap_central.o)
                0x0000000000008a44                GAP_CentDevMgrInit
 .text.gapFreeAdvertState
                0x0000000000008ae0       0x20 d:\Code\CH592\EVT(演示) - 副本\EXAM\BLE\LIB\libCH59xBLE.a(gap_peripheral.o)
 .text.gapSetPeriodicAdvParams
                0x0000000000008b00       0x30 d:\Code\CH592\EVT(演示) - 副本\EXAM\BLE\LIB\libCH59xBLE.a(gap_peripheral.o)
 .text.gapSetConnectionlessCTEParams
                0x0000000000008b30       0x54 d:\Code\CH592\EVT(演示) - 副本\EXAM\BLE\LIB\libCH59xBLE.a(gap_peripheral.o)
 .text.gapSetAdvParams
                0x0000000000008b84       0xfc d:\Code\CH592\EVT(演示) - 副本\EXAM\BLE\LIB\libCH59xBLE.a(gap_peripheral.o)
 .text.gapPeriProcessConnEvt
                0x0000000000008c80       0xd0 d:\Code\CH592\EVT(演示) - 副本\EXAM\BLE\LIB\libCH59xBLE.a(gap_peripheral.o)
 .text.gapWriteAdvDataStatus
                0x0000000000008d50       0x8a d:\Code\CH592\EVT(演示) - 副本\EXAM\BLE\LIB\libCH59xBLE.a(gap_peripheral.o)
 .text.GAP_MakeDiscoverable
                0x0000000000008dda      0x174 d:\Code\CH592\EVT(演示) - 副本\EXAM\BLE\LIB\libCH59xBLE.a(gap_peripheral.o)
                0x0000000000008dda                GAP_MakeDiscoverable
 .text.GAP_EndDiscoverable
                0x0000000000008f4e       0x66 d:\Code\CH592\EVT(演示) - 副本\EXAM\BLE\LIB\libCH59xBLE.a(gap_peripheral.o)
                0x0000000000008f4e                GAP_EndDiscoverable
 .text.gapProcessAdvertisingEvt
                0x0000000000008fb4      0x118 d:\Code\CH592\EVT(演示) - 副本\EXAM\BLE\LIB\libCH59xBLE.a(gap_peripheral.o)
 .text.GAP_MakePeriodic
                0x00000000000090cc       0x2a d:\Code\CH592\EVT(演示) - 副本\EXAM\BLE\LIB\libCH59xBLE.a(gap_peripheral.o)
                0x00000000000090cc                GAP_MakePeriodic
 .text.GAP_EndPeriodic
                0x00000000000090f6       0x10 d:\Code\CH592\EVT(演示) - 副本\EXAM\BLE\LIB\libCH59xBLE.a(gap_peripheral.o)
                0x00000000000090f6                GAP_EndPeriodic
 .text.GAP_MakeConnecttionlessCTE
                0x0000000000009106       0x1a d:\Code\CH592\EVT(演示) - 副本\EXAM\BLE\LIB\libCH59xBLE.a(gap_peripheral.o)
                0x0000000000009106                GAP_MakeConnecttionlessCTE
 .text.GAP_EndConnecttionlessCTE
                0x0000000000009120        0xc d:\Code\CH592\EVT(演示) - 副本\EXAM\BLE\LIB\libCH59xBLE.a(gap_peripheral.o)
                0x0000000000009120                GAP_EndConnecttionlessCTE
 .text.GAP_SetAdvertisingAdvData
                0x000000000000912c      0x102 d:\Code\CH592\EVT(演示) - 副本\EXAM\BLE\LIB\libCH59xBLE.a(gap_peripheral.o)
                0x000000000000912c                GAP_SetAdvertisingAdvData
 .text.GAP_SetAdvertisingRspData
                0x000000000000922e      0x102 d:\Code\CH592\EVT(演示) - 副本\EXAM\BLE\LIB\libCH59xBLE.a(gap_peripheral.o)
                0x000000000000922e                GAP_SetAdvertisingRspData
 .text.GAP_SetPeriodicAdvertisingData
                0x0000000000009330       0xc6 d:\Code\CH592\EVT(演示) - 副本\EXAM\BLE\LIB\libCH59xBLE.a(gap_peripheral.o)
                0x0000000000009330                GAP_SetPeriodicAdvertisingData
 .text.GAP_GetAdvertisingAdvData
                0x00000000000093f6       0x26 d:\Code\CH592\EVT(演示) - 副本\EXAM\BLE\LIB\libCH59xBLE.a(gap_peripheral.o)
                0x00000000000093f6                GAP_GetAdvertisingAdvData
 .text.GAP_GetAdvertisingRspData
                0x000000000000941c       0x34 d:\Code\CH592\EVT(演示) - 副本\EXAM\BLE\LIB\libCH59xBLE.a(gap_peripheral.o)
                0x000000000000941c                GAP_GetAdvertisingRspData
 .text.GAP_GetPeriodicAdvertisingData
                0x0000000000009450       0x34 d:\Code\CH592\EVT(演示) - 副本\EXAM\BLE\LIB\libCH59xBLE.a(gap_peripheral.o)
                0x0000000000009450                GAP_GetPeriodicAdvertisingData
 .text.GAP_ConfigDeviceAddr
                0x0000000000009484      0x124 d:\Code\CH592\EVT(演示) - 副本\EXAM\BLE\LIB\libCH59xBLE.a(gap_peripheral.o)
                0x0000000000009484                GAP_ConfigDeviceAddr
 .text.GAP_PeriConnRegister
                0x00000000000095a8       0x2e d:\Code\CH592\EVT(演示) - 副本\EXAM\BLE\LIB\libCH59xBLE.a(gap_peripheral.o)
                0x00000000000095a8                GAP_PeriConnRegister
 .text.GAP_PeripheralParamInit
                0x00000000000095d6       0x70 d:\Code\CH592\EVT(演示) - 副本\EXAM\BLE\LIB\libCH59xBLE.a(gap_peripheral.o)
                0x00000000000095d6                GAP_PeripheralParamInit
 .text.gapSendMakeDiscEvent
                0x0000000000009646       0x50 d:\Code\CH592\EVT(演示) - 副本\EXAM\BLE\LIB\libCH59xBLE.a(gap_peripheral.o)
                0x0000000000009646                gapSendMakeDiscEvent
 .text.gapWriteAdvEnableStatus
                0x0000000000009696      0x110 d:\Code\CH592\EVT(演示) - 副本\EXAM\BLE\LIB\libCH59xBLE.a(gap_peripheral.o)
 .text.gapSendMakePeriodicEvent
                0x00000000000097a6       0x3a d:\Code\CH592\EVT(演示) - 副本\EXAM\BLE\LIB\libCH59xBLE.a(gap_peripheral.o)
                0x00000000000097a6                gapSendMakePeriodicEvent
 .text.gapSendMakeConnectionlessCTEEvent
                0x00000000000097e0       0x3a d:\Code\CH592\EVT(演示) - 副本\EXAM\BLE\LIB\libCH59xBLE.a(gap_peripheral.o)
                0x00000000000097e0                gapSendMakeConnectionlessCTEEvent
 .text.gapPeriProcessHCICmdCompleteEvt
                0x000000000000981a      0x232 d:\Code\CH592\EVT(演示) - 副本\EXAM\BLE\LIB\libCH59xBLE.a(gap_peripheral.o)
 .text.GAP_PeriDevMgrInit
                0x0000000000009a4c       0x2e d:\Code\CH592\EVT(演示) - 副本\EXAM\BLE\LIB\libCH59xBLE.a(gap_peripheral.o)
                0x0000000000009a4c                GAP_PeriDevMgrInit
 .text.ggs_SetAttrWPermit
                0x0000000000009a7a       0x68 d:\Code\CH592\EVT(演示) - 副本\EXAM\BLE\LIB\libCH59xBLE.a(gapgattserver.o)
 .text.ggs_ReadAttrCB
                0x0000000000009ae2      0x156 d:\Code\CH592\EVT(演示) - 副本\EXAM\BLE\LIB\libCH59xBLE.a(gapgattserver.o)
 .text.ggs_WriteAttrCB
                0x0000000000009c38      0x162 d:\Code\CH592\EVT(演示) - 副本\EXAM\BLE\LIB\libCH59xBLE.a(gapgattserver.o)
 .text.GGS_ParamInit
                0x0000000000009d9a      0x15c d:\Code\CH592\EVT(演示) - 副本\EXAM\BLE\LIB\libCH59xBLE.a(gapgattserver.o)
                0x0000000000009d9a                GGS_ParamInit
 .text.GGS_SetParameter
                0x0000000000009ef6      0x116 d:\Code\CH592\EVT(演示) - 副本\EXAM\BLE\LIB\libCH59xBLE.a(gapgattserver.o)
                0x0000000000009ef6                GGS_SetParameter
 .text.GGS_AddService
                0x000000000000a00c       0x2c d:\Code\CH592\EVT(演示) - 副本\EXAM\BLE\LIB\libCH59xBLE.a(gapgattserver.o)
                0x000000000000a00c                GGS_AddService
 .text.GAP_DeviceInit
                0x000000000000a038       0xd8 d:\Code\CH592\EVT(演示) - 副本\EXAM\BLE\LIB\libCH59xBLE.a(gapgattserver.o)
                0x000000000000a038                GAP_DeviceInit
 .text.gattGetPayload
                0x000000000000a110       0x7e d:\Code\CH592\EVT(演示) - 副本\EXAM\BLE\LIB\libCH59xBLE.a(gatt.o)
                0x000000000000a110                gattGetPayload
 .text.gattNotifyEvent
                0x000000000000a18e       0x84 d:\Code\CH592\EVT(演示) - 副本\EXAM\BLE\LIB\libCH59xBLE.a(gatt.o)
                0x000000000000a18e                gattNotifyEvent
 .text.gattSendFlowCtrlEvt
                0x000000000000a212       0x52 d:\Code\CH592\EVT(演示) - 副本\EXAM\BLE\LIB\libCH59xBLE.a(gatt.o)
                0x000000000000a212                gattSendFlowCtrlEvt
 .text.gattStartTimer
                0x000000000000a264        0xc d:\Code\CH592\EVT(演示) - 副本\EXAM\BLE\LIB\libCH59xBLE.a(gatt.o)
                0x000000000000a264                gattStartTimer
 .text.gattStopTimer
                0x000000000000a270       0x32 d:\Code\CH592\EVT(演示) - 副本\EXAM\BLE\LIB\libCH59xBLE.a(gatt.o)
                0x000000000000a270                gattStopTimer
 .text.GATT_AppCompletedMsg
                0x000000000000a2a2       0x30 d:\Code\CH592\EVT(演示) - 副本\EXAM\BLE\LIB\libCH59xBLE.a(gatt.o)
                0x000000000000a2a2                GATT_AppCompletedMsg
 .text.GATT_NotifyEvent
                0x000000000000a2d2       0x56 d:\Code\CH592\EVT(演示) - 副本\EXAM\BLE\LIB\libCH59xBLE.a(gatt.o)
                0x000000000000a2d2                GATT_NotifyEvent
 .text.gattRegisterServer
                0x000000000000a328        0x6 d:\Code\CH592\EVT(演示) - 副本\EXAM\BLE\LIB\libCH59xBLE.a(gatt.o)
                0x000000000000a328                gattRegisterServer
 .text.GATT_UpdateMTU
                0x000000000000a32e       0x5a d:\Code\CH592\EVT(演示) - 副本\EXAM\BLE\LIB\libCH59xBLE.a(gatt.o)
                0x000000000000a32e                GATT_UpdateMTU
 .text.GATT_bm_alloc
                0x000000000000a388       0xe8 d:\Code\CH592\EVT(演示) - 副本\EXAM\BLE\LIB\libCH59xBLE.a(gatt.o)
                0x000000000000a388                GATT_bm_alloc
 .text.GATT_ServiceChangedInd
                0x000000000000a470       0x94 d:\Code\CH592\EVT(演示) - 副本\EXAM\BLE\LIB\libCH59xBLE.a(gatt.o)
                0x000000000000a470                GATT_ServiceChangedInd
 .text.GATT_bm_free
                0x000000000000a504       0x1c d:\Code\CH592\EVT(演示) - 副本\EXAM\BLE\LIB\libCH59xBLE.a(gatt.o)
                0x000000000000a504                GATT_bm_free
 .text.GATT_Init
                0x000000000000a520       0x2a d:\Code\CH592\EVT(演示) - 副本\EXAM\BLE\LIB\libCH59xBLE.a(gatt.o)
                0x000000000000a520                GATT_Init
 .text.GATT_ProcessEvent
                0x000000000000a54a      0x140 d:\Code\CH592\EVT(演示) - 副本\EXAM\BLE\LIB\libCH59xBLE.a(gatt.o)
                0x000000000000a54a                GATT_ProcessEvent
 .text.gattProcessExchangeMTUReq
                0x000000000000a68a        0x4 d:\Code\CH592\EVT(演示) - 副本\EXAM\BLE\LIB\libCH59xBLE.a(gattservapp.o)
 .text.gattServApp_FindCharCfgItem
                0x000000000000a68e       0x24 d:\Code\CH592\EVT(演示) - 副本\EXAM\BLE\LIB\libCH59xBLE.a(gattservapp.o)
 .text.gattServerHandleTimerCB
                0x000000000000a6b2       0x3c d:\Code\CH592\EVT(演示) - 副本\EXAM\BLE\LIB\libCH59xBLE.a(gattservapp.o)
 .text.GATTServApp_InitCharCfg.part.12
                0x000000000000a6ee       0x20 d:\Code\CH592\EVT(演示) - 副本\EXAM\BLE\LIB\libCH59xBLE.a(gattservapp.o)
 .text.gattProcessExecuteWriteReq
                0x000000000000a70e        0x4 d:\Code\CH592\EVT(演示) - 副本\EXAM\BLE\LIB\libCH59xBLE.a(gattservapp.o)
 .text.GATTServApp_ParamInit
                0x000000000000a712       0xd6 d:\Code\CH592\EVT(演示) - 副本\EXAM\BLE\LIB\libCH59xBLE.a(gattservapp.o)
                0x000000000000a712                GATTServApp_ParamInit
 .text.GATTServApp_ReadCharCfg
                0x000000000000a7e8       0x18 d:\Code\CH592\EVT(演示) - 副本\EXAM\BLE\LIB\libCH59xBLE.a(gattservapp.o)
                0x000000000000a7e8                GATTServApp_ReadCharCfg
 .text.GATTServApp_WriteCharCfg
                0x000000000000a800       0x3c d:\Code\CH592\EVT(演示) - 副本\EXAM\BLE\LIB\libCH59xBLE.a(gattservapp.o)
                0x000000000000a800                GATTServApp_WriteCharCfg
 .text.GATTServApp_ProcessCCCWriteReq
                0x000000000000a83c       0x60 d:\Code\CH592\EVT(演示) - 副本\EXAM\BLE\LIB\libCH59xBLE.a(gattservapp.o)
                0x000000000000a83c                GATTServApp_ProcessCCCWriteReq
 .text.gattServApp_WriteAttrCB
                0x000000000000a89c       0x34 d:\Code\CH592\EVT(演示) - 副本\EXAM\BLE\LIB\libCH59xBLE.a(gattservapp.o)
                0x000000000000a89c                gattServApp_WriteAttrCB
 .text.GATTServApp_SendCCCUpdatedEvent
                0x000000000000a8d0       0x5e d:\Code\CH592\EVT(演示) - 副本\EXAM\BLE\LIB\libCH59xBLE.a(gattservapp.o)
                0x000000000000a8d0                GATTServApp_SendCCCUpdatedEvent
 .text.GATTServApp_SendServiceChangedInd
                0x000000000000a92e       0x36 d:\Code\CH592\EVT(演示) - 副本\EXAM\BLE\LIB\libCH59xBLE.a(gattservapp.o)
                0x000000000000a92e                GATTServApp_SendServiceChangedInd
 .text.gattServApp_ClearPrepareWriteQ
                0x000000000000a964       0x50 d:\Code\CH592\EVT(演示) - 副本\EXAM\BLE\LIB\libCH59xBLE.a(gattservapp.o)
                0x000000000000a964                gattServApp_ClearPrepareWriteQ
 .text.gattServApp_FindPrepareWriteQ
                0x000000000000a9b4       0x30 d:\Code\CH592\EVT(演示) - 副本\EXAM\BLE\LIB\libCH59xBLE.a(gattservapp.o)
                0x000000000000a9b4                gattServApp_FindPrepareWriteQ
 .text.gattServApp_FindServiceCBs
                0x000000000000a9e4       0x18 d:\Code\CH592\EVT(演示) - 副本\EXAM\BLE\LIB\libCH59xBLE.a(gattservapp.o)
                0x000000000000a9e4                gattServApp_FindServiceCBs
 .text.gattServApp_FindAuthorizeAttrCB
                0x000000000000a9fc       0x16 d:\Code\CH592\EVT(演示) - 副本\EXAM\BLE\LIB\libCH59xBLE.a(gattservapp.o)
                0x000000000000a9fc                gattServApp_FindAuthorizeAttrCB
 .text.gattServApp_IsWriteLong
                0x000000000000aa12       0xea d:\Code\CH592\EVT(演示) - 副本\EXAM\BLE\LIB\libCH59xBLE.a(gattservapp.o)
                0x000000000000aa12                gattServApp_IsWriteLong
 .text.gattFindService
                0x000000000000aafc       0x1c d:\Code\CH592\EVT(演示) - 副本\EXAM\BLE\LIB\libCH59xBLE.a(gattservapp.o)
                0x000000000000aafc                gattFindService
 .text.GATT_ServiceNumAttrs
                0x000000000000ab18       0x18 d:\Code\CH592\EVT(演示) - 副本\EXAM\BLE\LIB\libCH59xBLE.a(gattservapp.o)
                0x000000000000ab18                GATT_ServiceNumAttrs
 .text.GATT_ServiceEncKeySize
                0x000000000000ab30       0x18 d:\Code\CH592\EVT(演示) - 副本\EXAM\BLE\LIB\libCH59xBLE.a(gattservapp.o)
                0x000000000000ab30                GATT_ServiceEncKeySize
 .text.GATT_VerifyWritePermissions.part.7
                0x000000000000ab48       0x2e d:\Code\CH592\EVT(演示) - 副本\EXAM\BLE\LIB\libCH59xBLE.a(gattservapp.o)
 .text.gattResetServerInfo
                0x000000000000ab76       0x1c d:\Code\CH592\EVT(演示) - 副本\EXAM\BLE\LIB\libCH59xBLE.a(gattservapp.o)
                0x000000000000ab76                gattResetServerInfo
 .text.gattFindServerInfo
                0x000000000000ab92       0x2c d:\Code\CH592\EVT(演示) - 副本\EXAM\BLE\LIB\libCH59xBLE.a(gattservapp.o)
                0x000000000000ab92                gattFindServerInfo
 .text.gattServerHandleConnStatusCB
                0x000000000000abbe       0x98 d:\Code\CH592\EVT(演示) - 副本\EXAM\BLE\LIB\libCH59xBLE.a(gattservapp.o)
                0x000000000000abbe                gattServerHandleConnStatusCB
 .text.gattServerProcessMsgCB
                0x000000000000ac56      0x1c0 d:\Code\CH592\EVT(演示) - 副本\EXAM\BLE\LIB\libCH59xBLE.a(gattservapp.o)
                0x000000000000ac56                gattServerProcessMsgCB
 .text.gattServerNotifyTxCB
                0x000000000000ae16       0x28 d:\Code\CH592\EVT(演示) - 副本\EXAM\BLE\LIB\libCH59xBLE.a(gattservapp.o)
 .text.GATT_FindHandle
                0x000000000000ae3e       0x4a d:\Code\CH592\EVT(演示) - 副本\EXAM\BLE\LIB\libCH59xBLE.a(gattservapp.o)
                0x000000000000ae3e                GATT_FindHandle
 .text.GATTServApp_WriteAttr
                0x000000000000ae88       0xa8 d:\Code\CH592\EVT(演示) - 副本\EXAM\BLE\LIB\libCH59xBLE.a(gattservapp.o)
                0x000000000000ae88                GATTServApp_WriteAttr
 .text.gattServApp_ProcessExecuteWriteReq
                0x000000000000af30      0x100 d:\Code\CH592\EVT(演示) - 副本\EXAM\BLE\LIB\libCH59xBLE.a(gattservapp.o)
                0x000000000000af30                gattServApp_ProcessExecuteWriteReq
 .text.GATTServApp_UpdateCharCfg
                0x000000000000b030       0x1e d:\Code\CH592\EVT(演示) - 副本\EXAM\BLE\LIB\libCH59xBLE.a(gattservapp.o)
                0x000000000000b030                GATTServApp_UpdateCharCfg
 .text.gattServApp_ProcessPrepareWriteReq
                0x000000000000b04e      0x10e d:\Code\CH592\EVT(演示) - 副本\EXAM\BLE\LIB\libCH59xBLE.a(gattservapp.o)
                0x000000000000b04e                gattServApp_ProcessPrepareWriteReq
 .text.gattServApp_ProcessWriteReq
                0x000000000000b15c       0xb0 d:\Code\CH592\EVT(演示) - 副本\EXAM\BLE\LIB\libCH59xBLE.a(gattservapp.o)
                0x000000000000b15c                gattServApp_ProcessWriteReq
 .text.GATT_Indication
                0x000000000000b20c       0xa4 d:\Code\CH592\EVT(演示) - 副本\EXAM\BLE\LIB\libCH59xBLE.a(gattservapp.o)
                0x000000000000b20c                GATT_Indication
 .text.GATT_FindHandleUUID
                0x000000000000b2b0       0x94 d:\Code\CH592\EVT(演示) - 副本\EXAM\BLE\LIB\libCH59xBLE.a(gattservapp.o)
                0x000000000000b2b0                GATT_FindHandleUUID
 .text.gattProcessReadByGrpTypeReq
                0x000000000000b344       0x60 d:\Code\CH592\EVT(演示) - 副本\EXAM\BLE\LIB\libCH59xBLE.a(gattservapp.o)
 .text.gattProcessReadByTypeReq
                0x000000000000b3a4       0x34 d:\Code\CH592\EVT(演示) - 副本\EXAM\BLE\LIB\libCH59xBLE.a(gattservapp.o)
 .text.gattProcessFindByTypeValueReq
                0x000000000000b3d8       0x34 d:\Code\CH592\EVT(演示) - 副本\EXAM\BLE\LIB\libCH59xBLE.a(gattservapp.o)
 .text.gattProcessFindInfoReq
                0x000000000000b40c      0x1aa d:\Code\CH592\EVT(演示) - 副本\EXAM\BLE\LIB\libCH59xBLE.a(gattservapp.o)
 .text.GATT_Notification
                0x000000000000b5b6       0x70 d:\Code\CH592\EVT(演示) - 副本\EXAM\BLE\LIB\libCH59xBLE.a(gattservapp.o)
                0x000000000000b5b6                GATT_Notification
 .text.GATT_VerifyWritePermissions
                0x000000000000b626       0x6a d:\Code\CH592\EVT(演示) - 副本\EXAM\BLE\LIB\libCH59xBLE.a(gattservapp.o)
                0x000000000000b626                GATT_VerifyWritePermissions
 .text.gattProcessWriteReq
                0x000000000000b690       0x36 d:\Code\CH592\EVT(演示) - 副本\EXAM\BLE\LIB\libCH59xBLE.a(gattservapp.o)
 .text.GATT_VerifyPrepareWritePermissions
                0x000000000000b6c6       0x56 d:\Code\CH592\EVT(演示) - 副本\EXAM\BLE\LIB\libCH59xBLE.a(gattservapp.o)
                0x000000000000b6c6                GATT_VerifyPrepareWritePermissions
 .text.gattProcessPrepareWriteReq
                0x000000000000b71c       0x36 d:\Code\CH592\EVT(演示) - 副本\EXAM\BLE\LIB\libCH59xBLE.a(gattservapp.o)
 .text.GATT_FindNextAttr
                0x000000000000b752       0xc2 d:\Code\CH592\EVT(演示) - 副本\EXAM\BLE\LIB\libCH59xBLE.a(gattservapp.o)
                0x000000000000b752                GATT_FindNextAttr
 .text.GATTServApp_ReadAttr
                0x000000000000b814      0x2ea d:\Code\CH592\EVT(演示) - 副本\EXAM\BLE\LIB\libCH59xBLE.a(gattservapp.o)
                0x000000000000b814                GATTServApp_ReadAttr
 .text.gattServApp_ProcessReadMultiReq
                0x000000000000bafe      0x16e d:\Code\CH592\EVT(演示) - 副本\EXAM\BLE\LIB\libCH59xBLE.a(gattservapp.o)
                0x000000000000bafe                gattServApp_ProcessReadMultiReq
 .text.gattServApp_ProcessFindByTypeValueReq
                0x000000000000bc6c      0x1a0 d:\Code\CH592\EVT(演示) - 副本\EXAM\BLE\LIB\libCH59xBLE.a(gattservapp.o)
                0x000000000000bc6c                gattServApp_ProcessFindByTypeValueReq
 .text.GATT_VerifyReadPermissions
                0x000000000000be0c       0x68 d:\Code\CH592\EVT(演示) - 副本\EXAM\BLE\LIB\libCH59xBLE.a(gattservapp.o)
                0x000000000000be0c                GATT_VerifyReadPermissions
 .text.gattProcessReadMultiReq
                0x000000000000be74       0xae d:\Code\CH592\EVT(演示) - 副本\EXAM\BLE\LIB\libCH59xBLE.a(gattservapp.o)
 .text.gattProcessReadReq
                0x000000000000bf22       0x30 d:\Code\CH592\EVT(演示) - 副本\EXAM\BLE\LIB\libCH59xBLE.a(gattservapp.o)
 .text.gattServApp_ProcessReadByGrpTypeReq
                0x000000000000bf52      0x200 d:\Code\CH592\EVT(演示) - 副本\EXAM\BLE\LIB\libCH59xBLE.a(gattservapp.o)
                0x000000000000bf52                gattServApp_ProcessReadByGrpTypeReq
 .text.gattServApp_ProcessReadByTypeReq
                0x000000000000c152      0x1ae d:\Code\CH592\EVT(演示) - 副本\EXAM\BLE\LIB\libCH59xBLE.a(gattservapp.o)
                0x000000000000c152                gattServApp_ProcessReadByTypeReq
 .text.GATT_RegisterService
                0x000000000000c300      0x100 d:\Code\CH592\EVT(演示) - 副本\EXAM\BLE\LIB\libCH59xBLE.a(gattservapp.o)
                0x000000000000c300                GATT_RegisterService
 .text.GATTServApp_RegisterService
                0x000000000000c400       0x7c d:\Code\CH592\EVT(演示) - 副本\EXAM\BLE\LIB\libCH59xBLE.a(gattservapp.o)
                0x000000000000c400                GATTServApp_RegisterService
 .text.GATTServApp_AddService
                0x000000000000c47c       0x2c d:\Code\CH592\EVT(演示) - 副本\EXAM\BLE\LIB\libCH59xBLE.a(gattservapp.o)
                0x000000000000c47c                GATTServApp_AddService
 .text.GATTServApp_RegisterForMsg
                0x000000000000c4a8        0x6 d:\Code\CH592\EVT(演示) - 副本\EXAM\BLE\LIB\libCH59xBLE.a(gattservapp.o)
                0x000000000000c4a8                GATTServApp_RegisterForMsg
 .text.GATTServApp_InitCharCfg
                0x000000000000c4ae       0x28 d:\Code\CH592\EVT(演示) - 副本\EXAM\BLE\LIB\libCH59xBLE.a(gattservapp.o)
                0x000000000000c4ae                GATTServApp_InitCharCfg
 .text.gattServApp_HandleConnStatusCB
                0x000000000000c4d6       0x74 d:\Code\CH592\EVT(演示) - 副本\EXAM\BLE\LIB\libCH59xBLE.a(gattservapp.o)
                0x000000000000c4d6                gattServApp_HandleConnStatusCB
 .text.GATT_InitServer
                0x000000000000c54a       0xfa d:\Code\CH592\EVT(演示) - 副本\EXAM\BLE\LIB\libCH59xBLE.a(gattservapp.o)
                0x000000000000c54a                GATT_InitServer
 .text.GATTServApp_Init
                0x000000000000c644       0x34 d:\Code\CH592\EVT(演示) - 副本\EXAM\BLE\LIB\libCH59xBLE.a(gattservapp.o)
                0x000000000000c644                GATTServApp_Init
 .text.GATTServApp_ProcessEvent
                0x000000000000c678      0x36a d:\Code\CH592\EVT(演示) - 副本\EXAM\BLE\LIB\libCH59xBLE.a(gattservapp.o)
                0x000000000000c678                GATTServApp_ProcessEvent
 .text.l2capAllocConnChannel
                0x000000000000c9e2       0xe0 d:\Code\CH592\EVT(演示) - 副本\EXAM\BLE\LIB\libCH59xBLE.a(l2cap.o)
                0x000000000000c9e2                l2capAllocConnChannel
 .text.l2capFindLocalCID
                0x000000000000cac2       0x2c d:\Code\CH592\EVT(演示) - 副本\EXAM\BLE\LIB\libCH59xBLE.a(l2cap.o)
                0x000000000000cac2                l2capFindLocalCID
 .text.l2capFindLocalId
                0x000000000000caee       0x30 d:\Code\CH592\EVT(演示) - 副本\EXAM\BLE\LIB\libCH59xBLE.a(l2cap.o)
                0x000000000000caee                l2capFindLocalId
 .text.l2capFindPsm
                0x000000000000cb1e       0x30 d:\Code\CH592\EVT(演示) - 副本\EXAM\BLE\LIB\libCH59xBLE.a(l2cap.o)
                0x000000000000cb1e                l2capFindPsm
 .text.l2capFindRemoteCID
                0x000000000000cb4e       0x3c d:\Code\CH592\EVT(演示) - 副本\EXAM\BLE\LIB\libCH59xBLE.a(l2cap.o)
                0x000000000000cb4e                l2capFindRemoteCID
 .text.l2capFreeChannel
                0x000000000000cb8a       0x4e d:\Code\CH592\EVT(演示) - 副本\EXAM\BLE\LIB\libCH59xBLE.a(l2cap.o)
                0x000000000000cb8a                l2capFreeChannel
 .text.l2capDisconnectChannel
                0x000000000000cbd8       0x28 d:\Code\CH592\EVT(演示) - 副本\EXAM\BLE\LIB\libCH59xBLE.a(l2cap.o)
                0x000000000000cbd8                l2capDisconnectChannel
 .text.l2capHandleTimerCB
                0x000000000000cc00       0x2c d:\Code\CH592\EVT(演示) - 副本\EXAM\BLE\LIB\libCH59xBLE.a(l2cap.o)
                0x000000000000cc00                l2capHandleTimerCB
 .text.l2capFreePendingPkt
                0x000000000000cc2c       0x58 d:\Code\CH592\EVT(演示) - 副本\EXAM\BLE\LIB\libCH59xBLE.a(l2cap.o)
                0x000000000000cc2c                l2capFreePendingPkt
 .text.l2capGetCoChannelInfo
                0x000000000000cc84       0x86 d:\Code\CH592\EVT(演示) - 副本\EXAM\BLE\LIB\libCH59xBLE.a(l2cap.o)
                0x000000000000cc84                l2capGetCoChannelInfo
 .text.l2capNumActiveChannnels
                0x000000000000cd0a       0x48 d:\Code\CH592\EVT(演示) - 副本\EXAM\BLE\LIB\libCH59xBLE.a(l2cap.o)
                0x000000000000cd0a                l2capNumActiveChannnels
 .text.l2capStartTimer
                0x000000000000cd52       0x1a d:\Code\CH592\EVT(演示) - 副本\EXAM\BLE\LIB\libCH59xBLE.a(l2cap.o)
                0x000000000000cd52                l2capStartTimer
 .text.l2capStopTimer
                0x000000000000cd6c       0x1e d:\Code\CH592\EVT(演示) - 副本\EXAM\BLE\LIB\libCH59xBLE.a(l2cap.o)
                0x000000000000cd6c                l2capStopTimer
 .text.l2capDisconnectAllChannels
                0x000000000000cd8a       0xdc d:\Code\CH592\EVT(演示) - 副本\EXAM\BLE\LIB\libCH59xBLE.a(l2cap.o)
                0x000000000000cd8a                l2capDisconnectAllChannels
 .text.l2capHandleConnStatusCB
                0x000000000000ce66       0x3c d:\Code\CH592\EVT(演示) - 副本\EXAM\BLE\LIB\libCH59xBLE.a(l2cap.o)
                0x000000000000ce66                l2capHandleConnStatusCB
 .text.l2capHandleRxError
                0x000000000000cea2        0x6 d:\Code\CH592\EVT(演示) - 副本\EXAM\BLE\LIB\libCH59xBLE.a(l2cap.o)
                0x000000000000cea2                l2capHandleRxError
 .text.L2CAP_GetMTU
                0x000000000000cea8        0x6 d:\Code\CH592\EVT(演示) - 副本\EXAM\BLE\LIB\libCH59xBLE.a(l2cap.o)
                0x000000000000cea8                L2CAP_GetMTU
 .text.L2CAP_HostNumCompletedPkts
                0x000000000000ceae       0x28 d:\Code\CH592\EVT(演示) - 副本\EXAM\BLE\LIB\libCH59xBLE.a(l2cap.o)
                0x000000000000ceae                L2CAP_HostNumCompletedPkts
 .text.L2CAP_ParseConnectReq
                0x000000000000ced6       0x5e d:\Code\CH592\EVT(演示) - 副本\EXAM\BLE\LIB\libCH59xBLE.a(l2cap.o)
                0x000000000000ced6                L2CAP_ParseConnectReq
 .text.L2CAP_ParseFlowCtrlCredit
                0x000000000000cf34       0x2e d:\Code\CH592\EVT(演示) - 副本\EXAM\BLE\LIB\libCH59xBLE.a(l2cap.o)
                0x000000000000cf34                L2CAP_ParseFlowCtrlCredit
 .text.L2CAP_RegisterApp
                0x000000000000cf62       0x30 d:\Code\CH592\EVT(演示) - 副本\EXAM\BLE\LIB\libCH59xBLE.a(l2cap.o)
                0x000000000000cf62                L2CAP_RegisterApp
 .text.L2CAP_SetBufSize
                0x000000000000cf92       0x1e d:\Code\CH592\EVT(演示) - 副本\EXAM\BLE\LIB\libCH59xBLE.a(l2cap.o)
                0x000000000000cf92                L2CAP_SetBufSize
 .text.L2CAP_bm_alloc
                0x000000000000cfb0       0x2a d:\Code\CH592\EVT(演示) - 副本\EXAM\BLE\LIB\libCH59xBLE.a(l2cap.o)
                0x000000000000cfb0                L2CAP_bm_alloc
 .text.L2CAP_Init
                0x000000000000cfda      0x15e d:\Code\CH592\EVT(演示) - 副本\EXAM\BLE\LIB\libCH59xBLE.a(l2cap.o)
                0x000000000000cfda                L2CAP_Init
 .text.L2CAP_ProcessEvent
                0x000000000000d138       0xd4 d:\Code\CH592\EVT(演示) - 副本\EXAM\BLE\LIB\libCH59xBLE.a(l2cap.o)
                0x000000000000d138                L2CAP_ProcessEvent
 .text.l2capParseCmdReject
                0x000000000000d20c       0x5e d:\Code\CH592\EVT(演示) - 副本\EXAM\BLE\LIB\libCH59xBLE.a(l2cap_input.o)
                0x000000000000d20c                l2capParseCmdReject
 .text.l2capParseDisconnectReq
                0x000000000000d26a       0x2e d:\Code\CH592\EVT(演示) - 副本\EXAM\BLE\LIB\libCH59xBLE.a(l2cap_input.o)
                0x000000000000d26a                l2capParseDisconnectReq
 .text.l2capParseDisconnectRsp
                0x000000000000d298       0x2e d:\Code\CH592\EVT(演示) - 副本\EXAM\BLE\LIB\libCH59xBLE.a(l2cap_input.o)
                0x000000000000d298                l2capParseDisconnectRsp
 .text.L2CAP_ParseParamUpdateReq
                0x000000000000d2c6       0x4e d:\Code\CH592\EVT(演示) - 副本\EXAM\BLE\LIB\libCH59xBLE.a(l2cap_input.o)
                0x000000000000d2c6                L2CAP_ParseParamUpdateReq
 .text.l2capParseParamUpdateRsp
                0x000000000000d314       0x1e d:\Code\CH592\EVT(演示) - 副本\EXAM\BLE\LIB\libCH59xBLE.a(l2cap_input.o)
                0x000000000000d314                l2capParseParamUpdateRsp
 .text.l2capProcessConnectReq
                0x000000000000d332       0xfc d:\Code\CH592\EVT(演示) - 副本\EXAM\BLE\LIB\libCH59xBLE.a(l2cap_input.o)
                0x000000000000d332                l2capProcessConnectReq
 .text.l2capParseConnectRsp
                0x000000000000d42e       0x5e d:\Code\CH592\EVT(演示) - 副本\EXAM\BLE\LIB\libCH59xBLE.a(l2cap_input.o)
                0x000000000000d42e                l2capParseConnectRsp
 .text.l2capParseSignalHdr
                0x000000000000d48c       0x22 d:\Code\CH592\EVT(演示) - 副本\EXAM\BLE\LIB\libCH59xBLE.a(l2cap_input.o)
                0x000000000000d48c                l2capParseSignalHdr
 .text.l2capParsePacket
                0x000000000000d4ae       0x8c d:\Code\CH592\EVT(演示) - 副本\EXAM\BLE\LIB\libCH59xBLE.a(l2cap_input.o)
                0x000000000000d4ae                l2capParsePacket
 .text.l2capProcessReq
                0x000000000000d53a      0x15e d:\Code\CH592\EVT(演示) - 副本\EXAM\BLE\LIB\libCH59xBLE.a(l2cap_input.o)
                0x000000000000d53a                l2capProcessReq
 .text.l2capProcessRsp
                0x000000000000d698      0x150 d:\Code\CH592\EVT(演示) - 副本\EXAM\BLE\LIB\libCH59xBLE.a(l2cap_input.o)
                0x000000000000d698                l2capProcessRsp
 .text.l2capProcessRxData
                0x000000000000d7e8       0xf8 d:\Code\CH592\EVT(演示) - 副本\EXAM\BLE\LIB\libCH59xBLE.a(l2cap_input.o)
                0x000000000000d7e8                l2capProcessRxData
 .text.l2capNotifyData
                0x000000000000d8e0       0x5e d:\Code\CH592\EVT(演示) - 副本\EXAM\BLE\LIB\libCH59xBLE.a(l2cap_output.o)
                0x000000000000d8e0                l2capNotifyData
 .text.l2capNotifySignal
                0x000000000000d93e       0x7a d:\Code\CH592\EVT(演示) - 副本\EXAM\BLE\LIB\libCH59xBLE.a(l2cap_output.o)
                0x000000000000d93e                l2capNotifySignal
 .text.l2capNotifyCreditEvt
                0x000000000000d9b8       0xa4 d:\Code\CH592\EVT(演示) - 副本\EXAM\BLE\LIB\libCH59xBLE.a(l2cap_output.o)
                0x000000000000d9b8                l2capNotifyCreditEvt
 .text.l2capNotifyChannelEstEvt
                0x000000000000da5c       0x5c d:\Code\CH592\EVT(演示) - 副本\EXAM\BLE\LIB\libCH59xBLE.a(l2cap_output.o)
                0x000000000000da5c                l2capNotifyChannelEstEvt
 .text.l2capNotifyChannelTermEvt
                0x000000000000dab8       0x3e d:\Code\CH592\EVT(演示) - 副本\EXAM\BLE\LIB\libCH59xBLE.a(l2cap_output.o)
                0x000000000000dab8                l2capNotifyChannelTermEvt
 .text.l2capNotifyEvent
                0x000000000000daf6       0x66 d:\Code\CH592\EVT(演示) - 副本\EXAM\BLE\LIB\libCH59xBLE.a(l2cap_output.o)
                0x000000000000daf6                l2capNotifyEvent
 .text.l2capStoreFCPkt
                0x000000000000db5c       0x32 d:\Code\CH592\EVT(演示) - 副本\EXAM\BLE\LIB\libCH59xBLE.a(l2cap_output.o)
                0x000000000000db5c                l2capStoreFCPkt
 .text.l2capFreeTxSDU
                0x000000000000db8e       0x9e d:\Code\CH592\EVT(演示) - 副本\EXAM\BLE\LIB\libCH59xBLE.a(l2cap_output.o)
                0x000000000000db8e                l2capFreeTxSDU
 .text.l2capReassembleSegment
                0x000000000000dc2c      0x178 d:\Code\CH592\EVT(演示) - 副本\EXAM\BLE\LIB\libCH59xBLE.a(l2cap_output.o)
                0x000000000000dc2c                l2capReassembleSegment
 .text.l2capEncapSendData
                0x000000000000dda4       0xf0 d:\Code\CH592\EVT(演示) - 副本\EXAM\BLE\LIB\libCH59xBLE.a(l2cap_output.o)
                0x000000000000dda4                l2capEncapSendData
 .text.l2capSendFCPkt.part.3
                0x000000000000de94       0x70 d:\Code\CH592\EVT(演示) - 副本\EXAM\BLE\LIB\libCH59xBLE.a(l2cap_output.o)
 .text.l2capSendSegment
                0x000000000000df04      0x108 d:\Code\CH592\EVT(演示) - 副本\EXAM\BLE\LIB\libCH59xBLE.a(l2cap_output.o)
                0x000000000000df04                l2capSendSegment
 .text.l2capSendNextSegment
                0x000000000000e00c       0xb4 d:\Code\CH592\EVT(演示) - 副本\EXAM\BLE\LIB\libCH59xBLE.a(l2cap_output.o)
                0x000000000000e00c                l2capSendNextSegment
 .text.l2capSendPkt
                0x000000000000e0c0       0x3a d:\Code\CH592\EVT(演示) - 副本\EXAM\BLE\LIB\libCH59xBLE.a(l2cap_output.o)
                0x000000000000e0c0                l2capSendPkt
 .text.L2CAP_SendData
                0x000000000000e0fa       0x82 d:\Code\CH592\EVT(演示) - 副本\EXAM\BLE\LIB\libCH59xBLE.a(l2cap_output.o)
                0x000000000000e0fa                L2CAP_SendData
 .text.l2capSendCmd
                0x000000000000e17c       0x8a d:\Code\CH592\EVT(演示) - 副本\EXAM\BLE\LIB\libCH59xBLE.a(l2cap_output.o)
                0x000000000000e17c                l2capSendCmd
 .text.l2capSendReq
                0x000000000000e206       0xc8 d:\Code\CH592\EVT(演示) - 副本\EXAM\BLE\LIB\libCH59xBLE.a(l2cap_output.o)
                0x000000000000e206                l2capSendReq
 .text.l2capBuildDisconnectReq
                0x000000000000e2ce       0x28 d:\Code\CH592\EVT(演示) - 副本\EXAM\BLE\LIB\libCH59xBLE.a(l2cap_sdu.o)
 .text.l2capBuildParamUpdateReq
                0x000000000000e2f6       0x4c d:\Code\CH592\EVT(演示) - 副本\EXAM\BLE\LIB\libCH59xBLE.a(l2cap_sdu.o)
 .text.l2capBuildParamUpdateRsp
                0x000000000000e342       0x16 d:\Code\CH592\EVT(演示) - 副本\EXAM\BLE\LIB\libCH59xBLE.a(l2cap_sdu.o)
 .text.l2capBuildConnectRsp
                0x000000000000e358       0x5e d:\Code\CH592\EVT(演示) - 副本\EXAM\BLE\LIB\libCH59xBLE.a(l2cap_sdu.o)
 .text.l2capBuildCmdReject
                0x000000000000e3b6       0x62 d:\Code\CH592\EVT(演示) - 副本\EXAM\BLE\LIB\libCH59xBLE.a(l2cap_sdu.o)
                0x000000000000e3b6                l2capBuildCmdReject
 .text.l2capBuildDisconnectRsp
                0x000000000000e418       0x28 d:\Code\CH592\EVT(演示) - 副本\EXAM\BLE\LIB\libCH59xBLE.a(l2cap_sdu.o)
                0x000000000000e418                l2capBuildDisconnectRsp
 .text.l2capSendConnectRsp
                0x000000000000e440       0xaa d:\Code\CH592\EVT(演示) - 副本\EXAM\BLE\LIB\libCH59xBLE.a(l2cap_sdu.o)
                0x000000000000e440                l2capSendConnectRsp
 .text.L2CAP_CmdReject
                0x000000000000e4ea       0x12 d:\Code\CH592\EVT(演示) - 副本\EXAM\BLE\LIB\libCH59xBLE.a(l2cap_sdu.o)
                0x000000000000e4ea                L2CAP_CmdReject
 .text.L2CAP_DisconnectReq
                0x000000000000e4fc       0x2a d:\Code\CH592\EVT(演示) - 副本\EXAM\BLE\LIB\libCH59xBLE.a(l2cap_sdu.o)
                0x000000000000e4fc                L2CAP_DisconnectReq
 .text.L2CAP_ConnParamUpdateReq
                0x000000000000e526       0x16 d:\Code\CH592\EVT(演示) - 副本\EXAM\BLE\LIB\libCH59xBLE.a(l2cap_sdu.o)
                0x000000000000e526                L2CAP_ConnParamUpdateReq
 .text.L2CAP_ConnParamUpdateRsp
                0x000000000000e53c       0x12 d:\Code\CH592\EVT(演示) - 副本\EXAM\BLE\LIB\libCH59xBLE.a(l2cap_sdu.o)
                0x000000000000e53c                L2CAP_ConnParamUpdateRsp
 .text.reportStatusChange
                0x000000000000e54e       0x3e d:\Code\CH592\EVT(演示) - 副本\EXAM\BLE\LIB\libCH59xBLE.a(linkdb.o)
 .text.linkDB_Init
                0x000000000000e58c       0xae d:\Code\CH592\EVT(演示) - 副本\EXAM\BLE\LIB\libCH59xBLE.a(linkdb.o)
                0x000000000000e58c                linkDB_Init
 .text.linkDB_Find
                0x000000000000e63a       0x34 d:\Code\CH592\EVT(演示) - 副本\EXAM\BLE\LIB\libCH59xBLE.a(linkdb.o)
                0x000000000000e63a                linkDB_Find
 .text.linkDB_Authen
                0x000000000000e66e       0x5c d:\Code\CH592\EVT(演示) - 副本\EXAM\BLE\LIB\libCH59xBLE.a(linkdb.o)
                0x000000000000e66e                linkDB_Authen
 .text.linkDB_FindByAddr
                0x000000000000e6ca       0x82 d:\Code\CH592\EVT(演示) - 副本\EXAM\BLE\LIB\libCH59xBLE.a(linkdb.o)
                0x000000000000e6ca                linkDB_FindByAddr
 .text.linkDB_FindFirst
                0x000000000000e74c       0x40 d:\Code\CH592\EVT(演示) - 副本\EXAM\BLE\LIB\libCH59xBLE.a(linkdb.o)
                0x000000000000e74c                linkDB_FindFirst
 .text.linkDB_MTU
                0x000000000000e78c       0x18 d:\Code\CH592\EVT(演示) - 副本\EXAM\BLE\LIB\libCH59xBLE.a(linkdb.o)
                0x000000000000e78c                linkDB_MTU
 .text.linkDB_NumActive
                0x000000000000e7a4       0x36 d:\Code\CH592\EVT(演示) - 副本\EXAM\BLE\LIB\libCH59xBLE.a(linkdb.o)
                0x000000000000e7a4                linkDB_NumActive
 .text.linkDB_NumConns
                0x000000000000e7da        0xa d:\Code\CH592\EVT(演示) - 副本\EXAM\BLE\LIB\libCH59xBLE.a(linkdb.o)
                0x000000000000e7da                linkDB_NumConns
 .text.linkDB_Register
                0x000000000000e7e4       0x28 d:\Code\CH592\EVT(演示) - 副本\EXAM\BLE\LIB\libCH59xBLE.a(linkdb.o)
                0x000000000000e7e4                linkDB_Register
 .text.linkDB_Remove
                0x000000000000e80c       0x4c d:\Code\CH592\EVT(演示) - 副本\EXAM\BLE\LIB\libCH59xBLE.a(linkdb.o)
                0x000000000000e80c                linkDB_Remove
 .text.linkDB_Role
                0x000000000000e858       0x18 d:\Code\CH592\EVT(演示) - 副本\EXAM\BLE\LIB\libCH59xBLE.a(linkdb.o)
                0x000000000000e858                linkDB_Role
 .text.linkDB_State
                0x000000000000e870       0x30 d:\Code\CH592\EVT(演示) - 副本\EXAM\BLE\LIB\libCH59xBLE.a(linkdb.o)
                0x000000000000e870                linkDB_State
 .text.linkDB_UpdateMTU
                0x000000000000e8a0       0x28 d:\Code\CH592\EVT(演示) - 副本\EXAM\BLE\LIB\libCH59xBLE.a(linkdb.o)
                0x000000000000e8a0                linkDB_UpdateMTU
 .text.linkDB_PerformFunc
                0x000000000000e8c8       0x5a d:\Code\CH592\EVT(演示) - 副本\EXAM\BLE\LIB\libCH59xBLE.a(linkdb.o)
                0x000000000000e8c8                linkDB_PerformFunc
 .text.linkDB_PeripheralLinkNum
                0x000000000000e922       0x46 d:\Code\CH592\EVT(演示) - 副本\EXAM\BLE\LIB\libCH59xBLE.a(linkdb.o)
                0x000000000000e922                linkDB_PeripheralLinkNum
 .text.linkDB_GetSMEvtID
                0x000000000000e968       0x60 d:\Code\CH592\EVT(演示) - 副本\EXAM\BLE\LIB\libCH59xBLE.a(linkdb.o)
                0x000000000000e968                linkDB_GetSMEvtID
 .text.linkDB_Add
                0x000000000000e9c8       0xb2 d:\Code\CH592\EVT(演示) - 副本\EXAM\BLE\LIB\libCH59xBLE.a(linkdb.o)
                0x000000000000e9c8                linkDB_Add
 .text.linkDB_GetHandleFromSMEvtID
                0x000000000000ea7a       0x3a d:\Code\CH592\EVT(演示) - 副本\EXAM\BLE\LIB\libCH59xBLE.a(linkdb.o)
                0x000000000000ea7a                linkDB_GetHandleFromSMEvtID
 .text.linkDB_GetPairingParam
                0x000000000000eab4       0x76 d:\Code\CH592\EVT(演示) - 副本\EXAM\BLE\LIB\libCH59xBLE.a(linkdb.o)
                0x000000000000eab4                linkDB_GetPairingParam
 .text.linkDB_NeedSendKey
                0x000000000000eb2a       0x4c d:\Code\CH592\EVT(演示) - 副本\EXAM\BLE\LIB\libCH59xBLE.a(linkdb.o)
                0x000000000000eb2a                linkDB_NeedSendKey
 .text.smStartRspTimer
                0x000000000000eb76       0x3a d:\Code\CH592\EVT(演示) - 副本\EXAM\BLE\LIB\libCH59xBLE.a(sm.o)
 .text.smStartEncryption
                0x000000000000ebb0       0xa0 d:\Code\CH592\EVT(演示) - 副本\EXAM\BLE\LIB\libCH59xBLE.a(sm.o)
 .text.smFreePairingParams
                0x000000000000ec50       0x7e d:\Code\CH592\EVT(演示) - 副本\EXAM\BLE\LIB\libCH59xBLE.a(sm.o)
                0x000000000000ec50                smFreePairingParams
 .text.smEndPairing
                0x000000000000ecce       0x60 d:\Code\CH592\EVT(演示) - 副本\EXAM\BLE\LIB\libCH59xBLE.a(sm.o)
                0x000000000000ecce                smEndPairing
 .text.smLinkCheck
                0x000000000000ed2e       0x34 d:\Code\CH592\EVT(演示) - 副本\EXAM\BLE\LIB\libCH59xBLE.a(sm.o)
                0x000000000000ed2e                smLinkCheck
 .text.smNextPairingState
                0x000000000000ed62       0x60 d:\Code\CH592\EVT(演示) - 副本\EXAM\BLE\LIB\libCH59xBLE.a(sm.o)
                0x000000000000ed62                smNextPairingState
 .text.smProcessEncryptChange
                0x000000000000edc2       0xf8 d:\Code\CH592\EVT(演示) - 副本\EXAM\BLE\LIB\libCH59xBLE.a(sm.o)
                0x000000000000edc2                smProcessEncryptChange
 .text.smSendSMMsg
                0x000000000000eeba       0x5c d:\Code\CH592\EVT(演示) - 副本\EXAM\BLE\LIB\libCH59xBLE.a(sm.o)
                0x000000000000eeba                smSendSMMsg
 .text.smSendFailAndEnd
                0x000000000000ef16       0x38 d:\Code\CH592\EVT(演示) - 副本\EXAM\BLE\LIB\libCH59xBLE.a(sm.o)
                0x000000000000ef16                smSendFailAndEnd
 .text.smProcessPairingReq
                0x000000000000ef4e       0x40 d:\Code\CH592\EVT(演示) - 副本\EXAM\BLE\LIB\libCH59xBLE.a(sm.o)
                0x000000000000ef4e                smProcessPairingReq
 .text.smSetPairingReqRsp
                0x000000000000ef8e       0x3c d:\Code\CH592\EVT(演示) - 副本\EXAM\BLE\LIB\libCH59xBLE.a(sm.o)
                0x000000000000ef8e                smSetPairingReqRsp
 .text.SM_StartEncryption
                0x000000000000efca       0x1a d:\Code\CH592\EVT(演示) - 副本\EXAM\BLE\LIB\libCH59xBLE.a(sm.o)
                0x000000000000efca                SM_StartEncryption
 .text.sm_dhkey
                0x000000000000efe4       0x3e d:\Code\CH592\EVT(演示) - 副本\EXAM\BLE\LIB\libCH59xBLE.a(sm.o)
                0x000000000000efe4                sm_dhkey
 .text.sm_c1    0x000000000000f022       0xb4 d:\Code\CH592\EVT(演示) - 副本\EXAM\BLE\LIB\libCH59xBLE.a(sm.o)
                0x000000000000f022                sm_c1
 .text.smDetermineKeySize
                0x000000000000f0d6       0x20 d:\Code\CH592\EVT(演示) - 副本\EXAM\BLE\LIB\libCH59xBLE.a(sm.o)
                0x000000000000f0d6                smDetermineKeySize
 .text.smpParsePairingReq
                0x000000000000f0f6      0x118 d:\Code\CH592\EVT(演示) - 副本\EXAM\BLE\LIB\libCH59xBLE.a(sm.o)
                0x000000000000f0f6                smpParsePairingReq
 .text.smpParseEncInfo
                0x000000000000f20e       0x2a d:\Code\CH592\EVT(演示) - 副本\EXAM\BLE\LIB\libCH59xBLE.a(sm.o)
                0x000000000000f20e                smpParseEncInfo
 .text.smpParseIdentityAddrInfo
                0x000000000000f238       0x34 d:\Code\CH592\EVT(演示) - 副本\EXAM\BLE\LIB\libCH59xBLE.a(sm.o)
                0x000000000000f238                smpParseIdentityAddrInfo
 .text.smpParseIdentityInfo
                0x000000000000f26c       0x2a d:\Code\CH592\EVT(演示) - 副本\EXAM\BLE\LIB\libCH59xBLE.a(sm.o)
                0x000000000000f26c                smpParseIdentityInfo
 .text.smpParseMasterID
                0x000000000000f296       0x3c d:\Code\CH592\EVT(演示) - 副本\EXAM\BLE\LIB\libCH59xBLE.a(sm.o)
                0x000000000000f296                smpParseMasterID
 .text.smpParsePairingConfirm
                0x000000000000f2d2       0x2a d:\Code\CH592\EVT(演示) - 副本\EXAM\BLE\LIB\libCH59xBLE.a(sm.o)
                0x000000000000f2d2                smpParsePairingConfirm
 .text.smpParsePairingFailed
                0x000000000000f2fc       0x1c d:\Code\CH592\EVT(演示) - 副本\EXAM\BLE\LIB\libCH59xBLE.a(sm.o)
                0x000000000000f2fc                smpParsePairingFailed
 .text.smpParsePairingRandom
                0x000000000000f318       0x2a d:\Code\CH592\EVT(演示) - 副本\EXAM\BLE\LIB\libCH59xBLE.a(sm.o)
                0x000000000000f318                smpParsePairingRandom
 .text.smpParseSigningInfo
                0x000000000000f342       0x2a d:\Code\CH592\EVT(演示) - 副本\EXAM\BLE\LIB\libCH59xBLE.a(sm.o)
                0x000000000000f342                smpParseSigningInfo
 .text.smpParsePairingPublicKey
                0x000000000000f36c       0x2c d:\Code\CH592\EVT(演示) - 副本\EXAM\BLE\LIB\libCH59xBLE.a(sm.o)
                0x000000000000f36c                smpParsePairingPublicKey
 .text.smpParsePairingDHKeyCheck
                0x000000000000f398       0x2a d:\Code\CH592\EVT(演示) - 副本\EXAM\BLE\LIB\libCH59xBLE.a(sm.o)
                0x000000000000f398                smpParsePairingDHKeyCheck
 .text.smProcessDataMsg
                0x000000000000f3c2      0x104 d:\Code\CH592\EVT(演示) - 副本\EXAM\BLE\LIB\libCH59xBLE.a(sm.o)
                0x000000000000f3c2                smProcessDataMsg
 .text.smProcessTMOSMsg
                0x000000000000f4c6      0x170 d:\Code\CH592\EVT(演示) - 副本\EXAM\BLE\LIB\libCH59xBLE.a(sm.o)
                0x000000000000f4c6                smProcessTMOSMsg
 .text.SM_CalcRandomAddr
                0x000000000000f636       0x54 d:\Code\CH592\EVT(演示) - 副本\EXAM\BLE\LIB\libCH59xBLE.a(sm.o)
                0x000000000000f636                SM_CalcRandomAddr
 .text.SM_GenerateAuthenSig
                0x000000000000f68a       0xe6 d:\Code\CH592\EVT(演示) - 副本\EXAM\BLE\LIB\libCH59xBLE.a(sm.o)
                0x000000000000f68a                SM_GenerateAuthenSig
 .text.SM_PasskeyUpdate
                0x000000000000f770       0xe8 d:\Code\CH592\EVT(演示) - 副本\EXAM\BLE\LIB\libCH59xBLE.a(sm.o)
                0x000000000000f770                SM_PasskeyUpdate
 .text.SM_ResolveRandomAddrs
                0x000000000000f858       0x5e d:\Code\CH592\EVT(演示) - 副本\EXAM\BLE\LIB\libCH59xBLE.a(sm.o)
                0x000000000000f858                SM_ResolveRandomAddrs
 .text.SM_StartPairing
                0x000000000000f8b6       0xc2 d:\Code\CH592\EVT(演示) - 副本\EXAM\BLE\LIB\libCH59xBLE.a(sm.o)
                0x000000000000f8b6                SM_StartPairing