Archive member included to satisfy reference by file (symbol)

d:\Code\CH592\EVT(演示) - 副本\EXAM\SRC\StdPeriphDriver\libISP592.a(ISP583.o)
                              ./StdPeriphDriver/CH59x_flash.o (FLASH_EEPROM_CMD)
d:\Code\CH592\EVT(演示) - 副本\EXAM\BLE\LIB\libCH59xBLE.a(message.o)
                              ./Profile/hiddev.o (tmos_msg_deallocate)
d:\Code\CH592\EVT(演示) - 副本\EXAM\BLE\LIB\libCH59xBLE.a(tmos.o)
                              ./Profile/battservice.o (tmos_memcpy)
d:\Code\CH592\EVT(演示) - 副本\EXAM\BLE\LIB\libCH59xBLE.a(tmos_hw.o)
                              d:\Code\CH592\EVT(演示) - 副本\EXAM\BLE\LIB\libCH59xBLE.a(tmos.o) (bleClock_t)
d:\Code\CH592\EVT(演示) - 副本\EXAM\BLE\LIB\libCH59xBLE.a(tmos_snv.o)
                              d:\Code\CH592\EVT(演示) - 副本\EXAM\BLE\LIB\libCH59xBLE.a(tmos.o) (tmos_snv_init)
d:\Code\CH592\EVT(演示) - 副本\EXAM\BLE\LIB\libCH59xBLE.a(gap.o)
                              ./Profile/hiddev.o (GAP_SetParamValue)
d:\Code\CH592\EVT(演示) - 副本\EXAM\BLE\LIB\libCH59xBLE.a(gap_central.o)
                              d:\Code\CH592\EVT(演示) - 副本\EXAM\BLE\LIB\libCH59xBLE.a(gap.o) (gapProcessPeriodicAdvertisingSyncEstablishedEvt)
d:\Code\CH592\EVT(演示) - 副本\EXAM\BLE\LIB\libCH59xBLE.a(gap_peripheral.o)
                              ./APP/hidkbd.o (GAP_ConfigDeviceAddr)
d:\Code\CH592\EVT(演示) - 副本\EXAM\BLE\LIB\libCH59xBLE.a(gapgattserver.o)
                              ./APP/hidkbd.o (GGS_SetParameter)
d:\Code\CH592\EVT(演示) - 副本\EXAM\BLE\LIB\libCH59xBLE.a(gatt.o)
                              ./Profile/battservice.o (GATT_bm_alloc)
d:\Code\CH592\EVT(演示) - 副本\EXAM\BLE\LIB\libCH59xBLE.a(gatt_uuid.o)
                              ./Profile/battservice.o (reportRefUUID)
d:\Code\CH592\EVT(演示) - 副本\EXAM\BLE\LIB\libCH59xBLE.a(gattclientapp.o)
                              d:\Code\CH592\EVT(演示) - 副本\EXAM\BLE\LIB\libCH59xBLE.a(gatt.o) (gattGetClientStatus)
d:\Code\CH592\EVT(演示) - 副本\EXAM\BLE\LIB\libCH59xBLE.a(gattservapp.o)
                              ./Profile/battservice.o (GATTServApp_ReadCharCfg)
d:\Code\CH592\EVT(演示) - 副本\EXAM\BLE\LIB\libCH59xBLE.a(l2cap.o)
                              d:\Code\CH592\EVT(演示) - 副本\EXAM\BLE\LIB\libCH59xBLE.a(gatt.o) (L2CAP_GetMTU)
d:\Code\CH592\EVT(演示) - 副本\EXAM\BLE\LIB\libCH59xBLE.a(l2cap_input.o)
                              d:\Code\CH592\EVT(演示) - 副本\EXAM\BLE\LIB\libCH59xBLE.a(l2cap.o) (l2capProcessRxData)
d:\Code\CH592\EVT(演示) - 副本\EXAM\BLE\LIB\libCH59xBLE.a(l2cap_output.o)
                              d:\Code\CH592\EVT(演示) - 副本\EXAM\BLE\LIB\libCH59xBLE.a(l2cap_input.o) (l2capNotifyData)
d:\Code\CH592\EVT(演示) - 副本\EXAM\BLE\LIB\libCH59xBLE.a(l2cap_sdu.o)
                              d:\Code\CH592\EVT(演示) - 副本\EXAM\BLE\LIB\libCH59xBLE.a(l2cap_input.o) (l2capBuildDisconnectRsp)
d:\Code\CH592\EVT(演示) - 副本\EXAM\BLE\LIB\libCH59xBLE.a(linkdb.o)
                              d:\Code\CH592\EVT(演示) - 副本\EXAM\BLE\LIB\libCH59xBLE.a(l2cap.o) (linkDB_Init)
d:\Code\CH592\EVT(演示) - 副本\EXAM\BLE\LIB\libCH59xBLE.a(sm.o)
                              d:\Code\CH592\EVT(演示) - 副本\EXAM\BLE\LIB\libCH59xBLE.a(gap.o) (smFreePairingParams)
d:\Code\CH592\EVT(演示) - 副本\EXAM\BLE\LIB\libCH59xBLE.a(sm_initiator.o)
                              d:\Code\CH592\EVT(演示) - 副本\EXAM\BLE\LIB\libCH59xBLE.a(sm.o) (smInitiatorSendNextKeyInfo)
d:\Code\CH592\EVT(演示) - 副本\EXAM\BLE\LIB\libCH59xBLE.a(sm_pdu.o)
                              d:\Code\CH592\EVT(演示) - 副本\EXAM\BLE\LIB\libCH59xBLE.a(sm.o) (smpBuildPairingReq)
d:\Code\CH592\EVT(演示) - 副本\EXAM\BLE\LIB\libCH59xBLE.a(sm_responding.o)
                              d:\Code\CH592\EVT(演示) - 副本\EXAM\BLE\LIB\libCH59xBLE.a(sm.o) (smResponderSendNextKeyInfo)
d:\Code\CH592\EVT(演示) - 副本\EXAM\BLE\LIB\libCH59xBLE.a(sm_toolbox.o)
                              d:\Code\CH592\EVT(演示) - 副本\EXAM\BLE\LIB\libCH59xBLE.a(sm.o) (sm_ah)
d:\Code\CH592\EVT(演示) - 副本\EXAM\BLE\LIB\libCH59xBLE.a(host_input.o)
                              d:\Code\CH592\EVT(演示) - 副本\EXAM\BLE\LIB\libCH59xBLE.a(gap.o) (gBleHostPara)
d:\Code\CH592\EVT(演示) - 副本\EXAM\BLE\LIB\libCH59xBLE.a(host_output.o)
                              d:\Code\CH592\EVT(演示) - 副本\EXAM\BLE\LIB\libCH59xBLE.a(gap.o) (HCI_DisconnectCmd)
d:\Code\CH592\EVT(演示) - 副本\EXAM\BLE\LIB\libCH59xBLE.a(ll_master.o)
                              d:\Code\CH592\EVT(演示) - 副本\EXAM\BLE\LIB\libCH59xBLE.a(gap_central.o) (LL_SetDataSendPriority)
d:\Code\CH592\EVT(演示) - 副本\EXAM\BLE\LIB\libCH59xBLE.a(ll_pdu.o)
                              d:\Code\CH592\EVT(演示) - 副本\EXAM\BLE\LIB\libCH59xBLE.a(ll_master.o) (LL_ConnectionUpdateInd)
d:\Code\CH592\EVT(演示) - 副本\EXAM\BLE\LIB\libCH59xBLE.a(ll_scan.o)
                              d:\Code\CH592\EVT(演示) - 副本\EXAM\BLE\LIB\libCH59xBLE.a(ll_master.o) (LL_ScanEnable)
d:\Code\CH592\EVT(演示) - 副本\EXAM\BLE\LIB\libCH59xBLE.a(ll_whitelist.o)
                              d:\Code\CH592\EVT(演示) - 副本\EXAM\BLE\LIB\libCH59xBLE.a(ll_scan.o) (LL_WhitelistLookup)
[...]
Memory Configuration

Name             Origin             Length             Attributes
FLASH            0x0000000000000000 0x0000000000070000 xr
RAM              0x0000000020000000 0x0000000000006800 xrw
*default*        0x0000000000000000 0xffffffffffffffff

Linker script and memory map

LOAD ./StdPeriphDriver/CH59x_adc.o
LOAD ./StdPeriphDriver/CH59x_clk.o
LOAD ./StdPeriphDriver/CH59x_flash.o
LOAD ./StdPeriphDriver/CH59x_gpio.o
LOAD ./StdPeriphDriver/CH59x_i2c.o
LOAD ./StdPeriphDriver/CH59x_lcd.o
LOAD ./StdPeriphDriver/CH59x_pwr.o
LOAD ./StdPeriphDriver/CH59x_sys.o
LOAD ./StdPeriphDriver/CH59x_uart1.o
LOAD ./Startup/startup_CH592.o
LOAD ./RVMSIS/core_riscv.o
LOAD ./Profile/battservice.o
LOAD ./Profile/devinfoservice.o
LOAD ./Profile/hiddev.o
LOAD ./Profile/hidkbdservice.o
LOAD ./Profile/scanparamservice.o
LOAD ./LIB/ble_task_scheduler.o
LOAD ./HAL/MCU.o
LOAD ./HAL/RTC.o
LOAD ./HAL/SLEEP.o
LOAD ./APP/hidkbd.o
LOAD ./APP/hidkbd_main.o
LOAD ./APP/key_scan.o
LOAD d:\Code\CH592\EVT(演示) - 副本\EXAM\SRC\StdPeriphDriver\libISP592.a
LOAD d:\Code\CH592\EVT(演示) - 副本\EXAM\BLE\LIB\libCH59xBLE.a
LOAD d:/software/ch592/mounriver/mounriver_studio2/resources/app/resources/win32/components/wch/toolchain/risc-v embedded gcc/bin/../lib/gcc/riscv-none-embed/8.2.0/../../../../riscv-none-embed/lib/rv32imac/ilp32\libm.a
LOAD d:/software/ch592/mounriver/mounriver_studio2/resources/app/resources/win32/components/wch/toolchain/risc-v embedded gcc/bin/../lib/gcc/riscv-none-embed/8.2.0/rv32imac/ilp32\libgcc.a
LOAD d:/software/ch592/mounriver/mounriver_studio2/resources/app/resources/win32/components/wch/toolchain/risc-v embedded gcc/bin/../lib/gcc/riscv-none-embed/8.2.0/../../../../riscv-none-embed/lib/rv32imac/ilp32\libg_nano.a
LOAD d:/software/ch592/mounriver/mounriver_studio2/resources/app/resources/win32/components/wch/toolchain/risc-v embedded gcc/bin/../lib/gcc/riscv-none-embed/8.2.0/../../../../riscv-none-embed/lib/rv32imac/ilp32\libc_nano.a
LOAD d:/software/ch592/mounriver/mounriver_studio2/resources/app/resources/win32/components/wch/toolchain/risc-v embedded gcc/bin/../lib/gcc/riscv-none-embed/8.2.0/rv32imac/ilp32\libgcc.a
START GROUP
LOAD d:/software/ch592/mounriver/mounriver_studio2/resources/app/resources/win32/components/wch/toolchain/risc-v embedded gcc/bin/../lib/gcc/riscv-none-embed/8.2.0/rv32imac/ilp32\libgcc.a
LOAD d:/software/ch592/mounriver/mounriver_studio2/resources/app/resources/win32/components/wch/toolchain/risc-v embedded gcc/bin/../lib/gcc/riscv-none-embed/8.2.0/../../../../riscv-none-embed/lib/rv32imac/ilp32\libc_nano.a
LOAD d:/software/ch592/mounriver/mounriver_studio2/resources/app/resources/win32/components/wch/toolchain/risc-v embedded gcc/bin/../lib/gcc/riscv-none-embed/8.2.0/../../../../riscv-none-embed/lib/rv32imac/ilp32\libnosys.a
END GROUP
START GROUP
LOAD d:/software/ch592/mounriver/mounriver_studio2/resources/app/resources/win32/components/wch/toolchain/risc-v embedded gcc/bin/../lib/gcc/riscv-none-embed/8.2.0/rv32imac/ilp32\libgcc.a
LOAD d:/software/ch592/mounriver/mounriver_studio2/resources/app/resources/win32/components/wch/toolchain/risc-v embedded gcc/bin/../lib/gcc/riscv-none-embed/8.2.0/../../../../riscv-none-embed/lib/rv32imac/ilp32\libc_nano.a
LOAD d:/software/ch592/mounriver/mounriver_studio2/resources/app/resources/win32/components/wch/toolchain/risc-v embedded gcc/bin/../lib/gcc/riscv-none-embed/8.2.0/../../../../riscv-none-embed/lib/rv32imac/ilp32\libnosys.a
END GROUP
                0x0000000000000200                __stack_size = 0x200
                [!provide]                        PROVIDE (_stack_size = __stack_size)

.init           0x0000000000000000        0x4
                0x0000000000000000                _sinit = .
                0x0000000000000000                . = ALIGN (0x4)
 *(SORT_NONE(.init))
 .init          0x0000000000000000        0x4 ./Startup/startup_CH592.o
                0x0000000000000000                _start
                0x0000000000000004                . = ALIGN (0x4)
                0x0000000000000004                _einit = .

.highcodelalign
                0x0000000000000004        0x0
                0x0000000000000004                . = ALIGN (0x4)
                0x0000000000000004                PROVIDE (_highcode_lma = .)

.highcode       0x0000000020000000     0x1fc0 load address 0x0000000000000004
                0x0000000020000000                . = ALIGN (0x4)
                0x0000000020000000                PROVIDE (_highcode_vma_start = .)
 *(.vector)
 .vector        0x0000000020000000       0x90 ./Startup/startup_CH592.o
 *(SORT_NONE(.vector_handler))
 .vector_handler
                0x0000000020000090        0x2 ./Startup/startup_CH592.o
                0x0000000020000090                GPIOB_IRQHandler
                0x0000000020000090                GPIOA_IRQHandler
                0x0000000020000090                SysTick_Handler
                0x0000000020000090                NMI_Handler
                0x0000000020000090                UART1_IRQHandler
                0x0000000020000090                UART0_IRQHandler
                0x0000000020000090                BB_IRQHandler
                0x0000000020000090                Break_Point_Handler
                0x0000000020000090                TMR0_IRQHandler
                0x0000000020000090                UART2_IRQHandler
                0x0000000020000090                PWMX_IRQHandler
                0x0000000020000090                ADC_IRQHandler
                0x0000000020000090                TMR2_IRQHandler
                0x0000000020000090                USB_IRQHandler
                0x0000000020000090                I2C_IRQHandler
                0x0000000020000090                WDOG_BAT_IRQHandler
                0x0000000020000090                TMR3_IRQHandler
                0x0000000020000090                SW_Handler
                0x0000000020000090                SPI0_IRQHandler
                0x0000000020000090                UART3_IRQHandler
                0x0000000020000090                TMR1_IRQHandler
 *(.highcode)
 .highcode      0x0000000020000092       0x18 ./StdPeriphDriver/CH59x_clk.o
                0x0000000020000092                RTC_GetCycle32k
 .highcode      0x00000000200000aa      0x2ce ./StdPeriphDriver/CH59x_sys.o
                0x00000000200000aa                SetSysClock
                0x000000002000026a                SYS_ResetExecute
                0x00000000200002c2                HardFault_Handler
                0x0000000020000342                mDelayuS
                0x0000000020000350                mDelaymS
 *fill*         0x0000000020000378        0x0 
 .highcode      0x0000000020000378       0x4e ./LIB/ble_task_scheduler.o
                0x0000000020000378                Ecall_U_Mode_Handler
                0x0000000020000378                Ecall_M_Mode_Handler
 .highcode      0x00000000200003c6       0x2e ./HAL/RTC.o
                0x00000000200003de                RTC_IRQHandler
 .highcode      0x00000000200003f4        0xa ./APP/hidkbd_main.o
                0x00000000200003f4                Main_Circulation
 .highcode      0x00000000200003fe      0x426 d:\Code\CH592\EVT(演示) - 副本\EXAM\SRC\StdPeriphDriver\libISP592.a(ISP583.o)
                0x00000000200003fe                FLASH_ROM_BEG
                0x0000000020000410                FLASH_ROM_END
                0x000000002000041e                FLASH_ROM_IN
                0x000000002000042c                FLASH_ROM_OUT
                0x000000002000043a                FLASH_ROM_ADDR
                0x0000000020000482                FLASH_ROM_WAIT
                0x00000000200004ba                FLASH_EEPROM_CMD
 *(.highcode.*)
 *fill*         0x0000000020000824        0x0 
 .highcode.LLE_IRQHandler
                0x0000000020000824       0x86 ./LIB/ble_task_scheduler.o
                0x0000000020000824                LLE_IRQHandler
 .highcode.tmos_memcpy
                0x00000000200008aa       0x3e d:\Code\CH592\EVT(演示) - 副本\EXAM\BLE\LIB\libCH59xBLE.a(tmos.o)
                0x00000000200008aa                tmos_memcpy
 .highcode.tmos_memcpy_word
                0x00000000200008e8       0x34 d:\Code\CH592\EVT(演示) - 副本\EXAM\BLE\LIB\libCH59xBLE.a(tmos.o)
                0x00000000200008e8                tmos_memcpy_word
 .highcode.tmos_memset
                0x000000002000091c       0x32 d:\Code\CH592\EVT(演示) - 副本\EXAM\BLE\LIB\libCH59xBLE.a(tmos.o)
                0x000000002000091c                tmos_memset
 .highcode.tmos_strlen
                0x000000002000094e       0x30 d:\Code\CH592\EVT(演示) - 副本\EXAM\BLE\LIB\libCH59xBLE.a(tmos.o)
                0x000000002000094e                tmos_strlen
 .highcode.tmos_memcmp
                0x000000002000097e       0x4e d:\Code\CH592\EVT(演示) - 副本\EXAM\BLE\LIB\libCH59xBLE.a(tmos.o)
                0x000000002000097e                tmos_memcmp
 .highcode.tmos_revmemcpy
                0x00000000200009cc       0x38 d:\Code\CH592\EVT(演示) - 副本\EXAM\BLE\LIB\libCH59xBLE.a(tmos.o)
                0x00000000200009cc                tmos_revmemcpy
 .highcode.tmos_isbufset
                0x0000000020000a04       0x42 d:\Code\CH592\EVT(演示) - 副本\EXAM\BLE\LIB\libCH59xBLE.a(tmos.o)
                0x0000000020000a04                tmos_isbufset
 .highcode.tmos_proces_system_time
                0x0000000020000a46      0x162 d:\Code\CH592\EVT(演示) - 副本\EXAM\BLE\LIB\libCH59xBLE.a(tmos.o)
 .highcode.ble_controller_func
                0x0000000020000ba8       0x40 d:\Code\CH592\EVT(演示) - 副本\EXAM\BLE\LIB\libCH59xBLE.a(tmos.o)
                0x0000000020000ba8                ble_controller_func
 .highcode.TMOS_SystemProcess
                0x0000000020000be8      0x206 d:\Code\CH592\EVT(演示) - 副本\EXAM\BLE\LIB\libCH59xBLE.a(tmos.o)
                0x0000000020000be8                TMOS_SystemProcess
 .highcode.clockGetHSEValue
                0x0000000020000dee       0x36 d:\Code\CH592\EVT(演示) - 副本\EXAM\BLE\LIB\libCH59xBLE.a(tmos_hw.o)
 .highcode.LL_WhitelistLookup
                0x0000000020000e24       0x4e d:\Code\CH592\EVT(演示) - 副本\EXAM\BLE\LIB\libCH59xBLE.a(ll_whitelist.o)
                0x0000000020000e24                LL_WhitelistLookup
 *fill*         0x0000000020000e72        0x2 
 .highcode.ble_controller_scheduler
                0x0000000020000e74        0xa d:\Code\CH592\EVT(演示) - 副本\EXAM\BLE\LIB\libCH59xBLE.a(ble_task_process.o)
 *fill*         0x0000000020000e7e        0x2 
 .highcode.LLE_IRQLibHandler
                0x0000000020000e80       0x3a d:\Code\CH592\EVT(演示) - 副本\EXAM\BLE\LIB\libCH59xBLE.a(ble_task_process.o)
                0x0000000020000e80                LLE_IRQLibHandler
 .highcode.BB_IRQLibHandler
                0x0000000020000eba      0x106 d:\Code\CH592\EVT(演示) - 副本\EXAM\BLE\LIB\libCH59xBLE.a(bb.o)
                0x0000000020000eba                BB_IRQLibHandler
 .highcode.BB_IRQLibFunction
                0x0000000020000fc0        0x6 d:\Code\CH592\EVT(演示) - 副本\EXAM\BLE\LIB\libCH59xBLE.a(bb.o)
                0x0000000020000fc0                BB_IRQLibFunction
 .highcode.lleIrqHandler
                0x0000000020000fc6      0x196 d:\Code\CH592\EVT(演示) - 副本\EXAM\BLE\LIB\libCH59xBLE.a(ip.o)
 .highcode.ll_rx_wait_finish
                0x000000002000115c       0x3e d:\Code\CH592\EVT(演示) - 副本\EXAM\BLE\LIB\libCH59xBLE.a(ip.o)
                0x000000002000115c                ll_rx_wait_finish
 .highcode.ble_ll_chkcrc
                0x000000002000119a       0x92 d:\Code\CH592\EVT(演示) - 副本\EXAM\BLE\LIB\libCH59xBLE.a(ip.o)
                0x000000002000119a                ble_ll_chkcrc
 .highcode.ll_tx_wait_finish
                0x000000002000122c      0x15c d:\Code\CH592\EVT(演示) - 副本\EXAM\BLE\LIB\libCH59xBLE.a(ip.o)
                0x000000002000122c                ll_tx_wait_finish
 .highcode.LLE_IRQSubHandler
                0x0000000020001388       0x24 d:\Code\CH592\EVT(演示) - 副本\EXAM\BLE\LIB\libCH59xBLE.a(lle.o)
                0x0000000020001388                LLE_IRQSubHandler
 .highcode.RFEND_WaitTune
                0x00000000200013ac       0x3a d:\Code\CH592\EVT(演示) - 副本\EXAM\BLE\LIB\libCH59xBLE.a(rfend.o)
                0x00000000200013ac                RFEND_WaitTune
 .highcode.tmos_memory_allocate
                0x00000000200013e6       0xf2 d:\Code\CH592\EVT(演示) - 副本\EXAM\BLE\LIB\libCH59xBLE.a(memory.o)
                0x00000000200013e6                tmos_memory_allocate
 .highcode.tmos_memory_free
                0x00000000200014d8      0x108 d:\Code\CH592\EVT(演示) - 副本\EXAM\BLE\LIB\libCH59xBLE.a(memory.o)
                0x00000000200014d8                tmos_memory_free
 .highcode.ll_connect_send_data
                0x00000000200015e0      0x132 d:\Code\CH592\EVT(演示) - 副本\EXAM\BLE\LIB\libCH59xBLE.a(ll_connect.o)
                0x00000000200015e0                ll_connect_send_data
 .highcode.ll_connect_recv_data
                0x0000000020001712       0xe0 d:\Code\CH592\EVT(演示) - 副本\EXAM\BLE\LIB\libCH59xBLE.a(ll_connect.o)
                0x0000000020001712                ll_connect_recv_data
 .highcode.ll_connect_event_continue
                0x00000000200017f2       0xca d:\Code\CH592\EVT(演示) - 副本\EXAM\BLE\LIB\libCH59xBLE.a(ll_connect.o)
                0x00000000200017f2                ll_connect_event_continue
 .highcode.ll_wait_connect_event
                0x00000000200018bc       0x14 d:\Code\CH592\EVT(演示) - 副本\EXAM\BLE\LIB\libCH59xBLE.a(ll_connect.o)
                0x00000000200018bc                ll_wait_connect_event
 .highcode.ll_get_connect_anchorPoint
                0x00000000200018d0      0x2f0 d:\Code\CH592\EVT(演示) - 副本\EXAM\BLE\LIB\libCH59xBLE.a(ll_connect.o)
                0x00000000200018d0                ll_get_connect_anchorPoint
 .highcode.ll_process_connect_event
                0x0000000020001bc0       0x58 d:\Code\CH592\EVT(演示) - 副本\EXAM\BLE\LIB\libCH59xBLE.a(ll_connect.o)
                0x0000000020001bc0                ll_process_connect_event
 .highcode.LL_HopGetChannel
                0x0000000020001c18       0xa6 d:\Code\CH592\EVT(演示) - 副本\EXAM\BLE\LIB\libCH59xBLE.a(ll_hop.o)
                0x0000000020001c18                LL_HopGetChannel
 .highcode.LL_HopGetChannel2
                0x0000000020001cbe      0x26a d:\Code\CH592\EVT(演示) - 副本\EXAM\BLE\LIB\libCH59xBLE.a(ll_hop.o)
                0x0000000020001cbe                LL_HopGetChannel2
 .highcode.LL_ResolvinglistPeerIdentifyAddressGetIrk
                0x0000000020001f28       0x54 d:\Code\CH592\EVT(演示) - 副本\EXAM\BLE\LIB\libCH59xBLE.a(ll_resolvinglist.o)
                0x0000000020001f28                LL_ResolvinglistPeerIdentifyAddressGetIrk
 .highcode.LL_ResolvinglistPeerRpaAddressGetIrk
                0x0000000020001f7c       0x42 d:\Code\CH592\EVT(演示) - 副本\EXAM\BLE\LIB\libCH59xBLE.a(ll_resolvinglist.o)
                0x0000000020001f7c                LL_ResolvinglistPeerRpaAddressGetIrk
                0x0000000020001fc0                . = ALIGN (0x4)
 *fill*         0x0000000020001fbe        0x2 
                0x0000000020001fc0                PROVIDE (_highcode_vma_end = .)

.text           0x0000000000001fc4    0x249a4
                0x0000000000001fc4                . = ALIGN (0x4)
 *(SORT_NONE(.handle_reset))
 .handle_reset  0x0000000000001fc4       0xae ./Startup/startup_CH592.o
                0x0000000000001fc4                handle_reset
 *(.text)
 .text          0x0000000000002072       0xa8 d:/software/ch592/mounriver/mounriver_studio2/resources/app/resources/win32/components/wch/toolchain/risc-v embedded gcc/bin/../lib/gcc/riscv-none-embed/8.2.0/../../../../riscv-none-embed/lib/rv32imac/ilp32\libg_nano.a(lib_a-memset.o)
                0x0000000000002072                memset
 *(.text.*)
 .text.ADC_InterTSSampInit
                0x000000000000211a       0x34 ./StdPeriphDriver/CH59x_adc.o
                0x000000000000211a                ADC_InterTSSampInit
 .text.LSECFG_Current
                0x000000000000214e       0x4e ./StdPeriphDriver/CH59x_clk.o
                0x000000000000214e                LSECFG_Current
 .text.RTC_InitTime
                0x000000000000219c      0x1d0 ./StdPeriphDriver/CH59x_clk.o
                0x000000000000219c                RTC_InitTime
 .text.Calibration_LSI
                0x000000000000236c      0x89c ./StdPeriphDriver/CH59x_clk.o
                0x000000000000236c                Calibration_LSI
 .text.GPIOA_ModeCfg
                0x0000000000002c08       0xa6 ./StdPeriphDriver/CH59x_gpio.o
                0x0000000000002c08                GPIOA_ModeCfg
 .text.GPIOB_ModeCfg
                0x0000000000002cae       0xa6 ./StdPeriphDriver/CH59x_gpio.o
                0x0000000000002cae                GPIOB_ModeCfg
 .text.GetSysClock
                0x0000000000002d54       0x40 ./StdPeriphDriver/CH59x_sys.o
                0x0000000000002d54                GetSysClock
 .text.SYS_DisableAllIrq
                0x0000000000002d94       0x20 ./StdPeriphDriver/CH59x_sys.o
                0x0000000000002d94                SYS_DisableAllIrq
 .text.SYS_RecoverIrq
                0x0000000000002db4       0x14 ./StdPeriphDriver/CH59x_sys.o
                0x0000000000002db4                SYS_RecoverIrq
 .text.SYS_GetSysTickCnt
                0x0000000000002dc8        0xa ./StdPeriphDriver/CH59x_sys.o
                0x0000000000002dc8                SYS_GetSysTickCnt
 .text._write   0x0000000000002dd2       0x28 ./StdPeriphDriver/CH59x_sys.o
                0x0000000000002dd2                _write
 .text._sbrk    0x0000000000002dfa       0x34 ./StdPeriphDriver/CH59x_sys.o
                0x0000000000002dfa                _sbrk
 .text.UART1_BaudRateCfg
                0x0000000000002e2e       0x30 ./StdPeriphDriver/CH59x_uart1.o
                0x0000000000002e2e                UART1_BaudRateCfg
 .text.UART1_DefInit
                0x0000000000002e5e       0x32 ./StdPeriphDriver/CH59x_uart1.o
                0x0000000000002e5e                UART1_DefInit
 .text.battMeasure
                0x0000000000002e90       0x78 ./Profile/battservice.o
 .text.battWriteAttrCB
                0x0000000000002f08       0x5e ./Profile/battservice.o
 .text.battReadAttrCB
                0x0000000000002f66       0x72 ./Profile/battservice.o
 .text.battNotifyCB
                0x0000000000002fd8       0x72 ./Profile/battservice.o
 .text.Batt_AddService
                0x000000000000304a       0x2c ./Profile/battservice.o
                0x000000000000304a                Batt_AddService
 .text.Batt_Register
                0x0000000000003076        0x6 ./Profile/battservice.o
                0x0000000000003076                Batt_Register
 .text.Batt_SetParameter
                0x000000000000307c       0x36 ./Profile/battservice.o
                0x000000000000307c                Batt_SetParameter
 .text.Batt_GetParameter
                0x00000000000030b2       0x66 ./Profile/battservice.o
                0x00000000000030b2                Batt_GetParameter
 .text.Batt_MeasLevel
                0x0000000000003118       0x26 ./Profile/battservice.o
                0x0000000000003118                Batt_MeasLevel
 .text.Batt_HandleConnStatusCB
                0x000000000000313e       0x3e ./Profile/battservice.o
                0x000000000000313e                Batt_HandleConnStatusCB
 .text.devInfo_ReadAttrCB
                0x000000000000317c      0x196 ./Profile/devinfoservice.o
 .text.DevInfo_AddService
                0x0000000000003312       0x18 ./Profile/devinfoservice.o
                0x0000000000003312                DevInfo_AddService
 .text.hidDevScanParamCB
                0x000000000000332a        0x2 ./Profile/hiddev.o
 .text.hidDevRptByHandle
                0x000000000000332c       0x30 ./Profile/hiddev.o
 .text.hidDevParamUpdateCB
                0x000000000000335c       0x12 ./Profile/hiddev.o
 .text.hidDevInitialAdvertising
                0x000000000000336e       0x3c ./Profile/hiddev.o
 .text.hidDevBattCB
                0x00000000000033aa       0x28 ./Profile/hiddev.o
 .text.hidDevPairStateCB
                0x00000000000033d2       0x28 ./Profile/hiddev.o
 .text.hidDevPasscodeCB
                0x00000000000033fa       0x34 ./Profile/hiddev.o
 .text.HidDev_ProcessEvent
                0x000000000000342e       0xe8 ./Profile/hiddev.o
                0x000000000000342e                HidDev_ProcessEvent
 .text.hidDevGapStateCB
                0x0000000000003516      0x124 ./Profile/hiddev.o
 .text.HidDev_Init
                0x000000000000363a       0x66 ./Profile/hiddev.o
                0x000000000000363a                HidDev_Init
 .text.HidDev_Register
                0x00000000000036a0        0xa ./Profile/hiddev.o
                0x00000000000036a0                HidDev_Register
 .text.HidDev_RegisterReports
                0x00000000000036aa        0xa ./Profile/hiddev.o
                0x00000000000036aa                HidDev_RegisterReports
 .text.HidDev_Report
                0x00000000000036b4      0x12c ./Profile/hiddev.o
                0x00000000000036b4                HidDev_Report
 .text.HidDev_ReadAttrCB
                0x00000000000037e0      0x104 ./Profile/hiddev.o
                0x00000000000037e0                HidDev_ReadAttrCB
 .text.HidDev_WriteAttrCB
                0x00000000000038e4      0x146 ./Profile/hiddev.o
                0x00000000000038e4                HidDev_WriteAttrCB
 .text.Hid_AddService
                0x0000000000003a2a      0x108 ./Profile/hidkbdservice.o
                0x0000000000003a2a                Hid_AddService
 .text.Hid_SetParameter
                0x0000000000003b32       0x5a ./Profile/hidkbdservice.o
                0x0000000000003b32                Hid_SetParameter
 .text.Hid_GetParameter
                0x0000000000003b8c       0x42 ./Profile/hidkbdservice.o
                0x0000000000003b8c                Hid_GetParameter
 .text.scanParamReadAttrCB
                0x0000000000003bce        0x4 ./Profile/scanparamservice.o
 .text.scanParamWriteAttrCB
                0x0000000000003bd2       0x66 ./Profile/scanparamservice.o
 .text.ScanParam_AddService
                0x0000000000003c38       0x2c ./Profile/scanparamservice.o
                0x0000000000003c38                ScanParam_AddService
 .text.ScanParam_Register
                0x0000000000003c64        0x6 ./Profile/scanparamservice.o
                0x0000000000003c64                ScanParam_Register
 .text.ScanParam_RefreshNotify
                0x0000000000003c6a       0x5c ./Profile/scanparamservice.o
                0x0000000000003c6a                ScanParam_RefreshNotify
 .text.ScanParam_HandleConnStatusCB
                0x0000000000003cc6       0x3e ./Profile/scanparamservice.o
                0x0000000000003cc6                ScanParam_HandleConnStatusCB
 .text.Lib_Calibration_LSI
                0x0000000000003d04        0x6 ./HAL/MCU.o
                0x0000000000003d04                Lib_Calibration_LSI
 .text.Lib_Read_Flash
                0x0000000000003d0a       0x1c ./HAL/MCU.o
                0x0000000000003d0a                Lib_Read_Flash
 .text.HAL_GetInterTempValue
                0x0000000000003d26       0x72 ./HAL/MCU.o
                0x0000000000003d26                HAL_GetInterTempValue
 .text.HAL_ProcessEvent
                0x0000000000003d98       0x88 ./HAL/MCU.o
                0x0000000000003d98                HAL_ProcessEvent
 .text.Lib_Write_Flash_592A
                0x0000000000003e20       0x84 ./HAL/MCU.o
                0x0000000000003e20                Lib_Write_Flash_592A
 .text.Lib_Write_Flash
                0x0000000000003ea4       0x52 ./HAL/MCU.o
                0x0000000000003ea4                Lib_Write_Flash
 .text.CH59x_BLEInit
                0x0000000000003ef6      0x18c ./HAL/MCU.o
                0x0000000000003ef6                CH59x_BLEInit
 .text.HAL_Init
                0x0000000000004082       0x30 ./HAL/MCU.o
                0x0000000000004082                HAL_Init
 .text.HAL_TimeInit
                0x00000000000040b2       0xca ./HAL/RTC.o
                0x00000000000040b2                HAL_TimeInit
 .text.hidEmuEvtCB
                0x000000000000417c        0x2 ./APP/hidkbd.o
 .text.hidEmuStateCB
                0x000000000000417e       0xfc ./APP/hidkbd.o
 .text.hidEmuRptCB
                0x000000000000427a       0x70 ./APP/hidkbd.o
 .text.HidEmu_ProcessEvent
                0x00000000000042ea       0x9a ./APP/hidkbd.o
                0x00000000000042ea                HidEmu_ProcessEvent
 .text.HidEmu_Init
                0x0000000000004384      0x104 ./APP/hidkbd.o
                0x0000000000004384                HidEmu_Init
 .text.hidEmuSendKbdReport
                0x0000000000004488       0x28 ./APP/hidkbd.o
                0x0000000000004488                hidEmuSendKbdReport
 .text.startup.main
                0x00000000000044b0       0x54 ./APP/hidkbd_main.o
                0x00000000000044b0                main
 .text.GPIO_KeyInput
                0x0000000000004504       0x54 ./APP/key_scan.o
                0x0000000000004504                GPIO_KeyInput
 .text.Key_Scan_Task
                0x0000000000004558      0x114 ./APP/key_scan.o
                0x0000000000004558                Key_Scan_Task
 .text.tmos_msg_enqueue
                0x000000000000466c       0x1e d:\Code\CH592\EVT(演示) - 副本\EXAM\BLE\LIB\libCH59xBLE.a(message.o)
                0x000000000000466c                tmos_msg_enqueue
 .text.tmos_msg_extract
                0x000000000000468a       0x1e d:\Code\CH592\EVT(演示) - 副本\EXAM\BLE\LIB\libCH59xBLE.a(message.o)
                0x000000000000468a                tmos_msg_extract
 .text.tmos_msg_deallocate
                0x00000000000046a8       0x52 d:\Code\CH592\EVT(演示) - 副本\EXAM\BLE\LIB\libCH59xBLE.a(message.o)
                0x00000000000046a8                tmos_msg_deallocate
 .text.tmos_msg_allocate
                0x00000000000046fa       0x70 d:\Code\CH592\EVT(演示) - 副本\EXAM\BLE\LIB\libCH59xBLE.a(message.o)
                0x00000000000046fa                tmos_msg_allocate
 .text.tmos_msg_receive
                0x000000000000476a       0x86 d:\Code\CH592\EVT(演示) - 副本\EXAM\BLE\LIB\libCH59xBLE.a(message.o)
                0x000000000000476a                tmos_msg_receive
 .text.tmos_msg_send
                0x00000000000047f0       0x92 d:\Code\CH592\EVT(演示) - 副本\EXAM\BLE\LIB\libCH59xBLE.a(message.o)
                0x00000000000047f0                tmos_msg_send
 .text.tmos_msg_init
                0x0000000000004882        0xa d:\Code\CH592\EVT(演示) - 副本\EXAM\BLE\LIB\libCH59xBLE.a(message.o)
                0x0000000000004882                tmos_msg_init
 .text.tmosFindTask
                0x000000000000488c       0x24 d:\Code\CH592\EVT(演示) - 副本\EXAM\BLE\LIB\libCH59xBLE.a(tmos.o)
 .text.TMOS_CB_ProcessEvent
                0x00000000000048b0       0x64 d:\Code\CH592\EVT(演示) - 副本\EXAM\BLE\LIB\libCH59xBLE.a(tmos.o)
                0x00000000000048b0                TMOS_CB_ProcessEvent
 .text.TMOS_CB_PeriodicProcessEvent
                0x0000000000004914       0x86 d:\Code\CH592\EVT(演示) - 副本\EXAM\BLE\LIB\libCH59xBLE.a(tmos.o)
                0x0000000000004914                TMOS_CB_PeriodicProcessEvent
 .text.tmos_rand
                0x000000000000499a       0x72 d:\Code\CH592\EVT(演示) - 副本\EXAM\BLE\LIB\libCH59xBLE.a(tmos.o)
                0x000000000000499a                tmos_rand
 .text.tmos_memdup
                0x0000000000004a0c       0x5c d:\Code\CH592\EVT(演示) - 副本\EXAM\BLE\LIB\libCH59xBLE.a(tmos.o)
                0x0000000000004a0c                tmos_memdup
 .text.tmos_start_periodic_callback_task
                0x0000000000004a68      0x120 d:\Code\CH592\EVT(演示) - 副本\EXAM\BLE\LIB\libCH59xBLE.a(tmos.o)
                0x0000000000004a68                tmos_start_periodic_callback_task
 .text.tmos_set_event
                0x0000000000004b88       0x4a d:\Code\CH592\EVT(演示) - 副本\EXAM\BLE\LIB\libCH59xBLE.a(tmos.o)
                0x0000000000004b88                tmos_set_event
 .text.tmos_clear_event
                0x0000000000004bd2       0x4e d:\Code\CH592\EVT(演示) - 副本\EXAM\BLE\LIB\libCH59xBLE.a(tmos.o)
                0x0000000000004bd2                tmos_clear_event
 .text.tmos_update_callback_timer
                0x0000000000004c20       0xe2 d:\Code\CH592\EVT(演示) - 副本\EXAM\BLE\LIB\libCH59xBLE.a(tmos.o)
                0x0000000000004c20                tmos_update_callback_timer
 .text.tmos_update_periodic_callback_timer
                0x0000000000004d02       0x80 d:\Code\CH592\EVT(演示) - 副本\EXAM\BLE\LIB\libCH59xBLE.a(tmos.o)
                0x0000000000004d02                tmos_update_periodic_callback_timer
 .text.tmos_start_task
                0x0000000000004d82      0x16a d:\Code\CH592\EVT(演示) - 副本\EXAM\BLE\LIB\libCH59xBLE.a(tmos.o)
                0x0000000000004d82                tmos_start_task
 .text.tmos_start_callback_task
                0x0000000000004eec       0xc8 d:\Code\CH592\EVT(演示) - 副本\EXAM\BLE\LIB\libCH59xBLE.a(tmos.o)
                0x0000000000004eec                tmos_start_callback_task
 .text.tmos_start_reload_task
                0x0000000000004fb4       0x76 d:\Code\CH592\EVT(演示) - 副本\EXAM\BLE\LIB\libCH59xBLE.a(tmos.o)
                0x0000000000004fb4                tmos_start_reload_task
 .text.tmos_stop_task
                0x000000000000502a       0x74 d:\Code\CH592\EVT(演示) - 副本\EXAM\BLE\LIB\libCH59xBLE.a(tmos.o)
                0x000000000000502a                tmos_stop_task
 .text.tmos_stop_callback_task
                0x000000000000509e       0x82 d:\Code\CH592\EVT(演示) - 副本\EXAM\BLE\LIB\libCH59xBLE.a(tmos.o)
                0x000000000000509e                tmos_stop_callback_task
 .text.tmos_get_task_timer
                0x0000000000005120       0x82 d:\Code\CH592\EVT(演示) - 副本\EXAM\BLE\LIB\libCH59xBLE.a(tmos.o)
                0x0000000000005120                tmos_get_task_timer
 .text.tmos_proces_idle
                0x00000000000051a2       0xc6 d:\Code\CH592\EVT(演示) - 副本\EXAM\BLE\LIB\libCH59xBLE.a(tmos.o)
                0x00000000000051a2                tmos_proces_idle
 .text.TMOS_TimerRegister
                0x0000000000005268       0x1e d:\Code\CH592\EVT(演示) - 副本\EXAM\BLE\LIB\libCH59xBLE.a(tmos.o)
                0x0000000000005268                TMOS_TimerRegister
 .text.TMOS_ProcessRegister
                0x0000000000005286       0x16 d:\Code\CH592\EVT(演示) - 副本\EXAM\BLE\LIB\libCH59xBLE.a(tmos.o)
                0x0000000000005286                TMOS_ProcessRegister
 .text.TMOS_SysRegister
                0x000000000000529c       0x16 d:\Code\CH592\EVT(演示) - 副本\EXAM\BLE\LIB\libCH59xBLE.a(tmos.o)
                0x000000000000529c                TMOS_SysRegister
 .text.TMOS_Init
                0x00000000000052b2      0x140 d:\Code\CH592\EVT(演示) - 副本\EXAM\BLE\LIB\libCH59xBLE.a(tmos.o)
                0x00000000000052b2                TMOS_Init
 .text.TMOS_ProcessEventRegister
                0x00000000000053f2       0x3c d:\Code\CH592\EVT(演示) - 副本\EXAM\BLE\LIB\libCH59xBLE.a(tmos.o)
                0x00000000000053f2                TMOS_ProcessEventRegister
 .text.BLE_LibInit
                0x000000000000542e      0x170 d:\Code\CH592\EVT(演示) - 副本\EXAM\BLE\LIB\libCH59xBLE.a(tmos.o)
                0x000000000000542e                BLE_LibInit
 .text.clockGetTickValve
                0x000000000000559e       0x7e d:\Code\CH592\EVT(演示) - 副本\EXAM\BLE\LIB\libCH59xBLE.a(tmos_hw.o)
 .text.ll_get_sca_divisor
                0x000000000000561c       0x40 d:\Code\CH592\EVT(演示) - 副本\EXAM\BLE\LIB\libCH59xBLE.a(tmos_hw.o)
                0x000000000000561c                ll_get_sca_divisor
 .text.ll_get_sca_own
                0x000000000000565c       0x46 d:\Code\CH592\EVT(演示) - 副本\EXAM\BLE\LIB\libCH59xBLE.a(tmos_hw.o)
                0x000000000000565c                ll_get_sca_own
 .text.ble_ll_common_rand8
                0x00000000000056a2       0x24 d:\Code\CH592\EVT(演示) - 副本\EXAM\BLE\LIB\libCH59xBLE.a(tmos_hw.o)
                0x00000000000056a2                ble_ll_common_rand8
 .text.ble_ll_common_rand16
                0x00000000000056c6       0x24 d:\Code\CH592\EVT(演示) - 副本\EXAM\BLE\LIB\libCH59xBLE.a(tmos_hw.o)
                0x00000000000056c6                ble_ll_common_rand16
 .text.ble_ll_common_rand32
                0x00000000000056ea       0x20 d:\Code\CH592\EVT(演示) - 副本\EXAM\BLE\LIB\libCH59xBLE.a(tmos_hw.o)
                0x00000000000056ea                ble_ll_common_rand32
 .text.TMOS_TempSample
                0x000000000000570a       0x62 d:\Code\CH592\EVT(演示) - 副本\EXAM\BLE\LIB\libCH59xBLE.a(tmos_hw.o)
                0x000000000000570a                TMOS_TempSample
 .text.TMOS_TimerInit
                0x000000000000576c      0x106 d:\Code\CH592\EVT(演示) - 副本\EXAM\BLE\LIB\libCH59xBLE.a(tmos_hw.o)
                0x000000000000576c                TMOS_TimerInit
 .text.tmos_snv_init
                0x0000000000005872       0xc0 d:\Code\CH592\EVT(演示) - 副本\EXAM\BLE\LIB\libCH59xBLE.a(tmos_snv.o)
                0x0000000000005872                tmos_snv_init
 .text.tmos_snv_read
                0x0000000000005932      0x294 d:\Code\CH592\EVT(演示) - 副本\EXAM\BLE\LIB\libCH59xBLE.a(tmos_snv.o)
                0x0000000000005932                tmos_snv_read
 .text.tmos_snv_notify
                0x0000000000005bc6       0x5a d:\Code\CH592\EVT(演示) - 副本\EXAM\BLE\LIB\libCH59xBLE.a(tmos_snv.o)
                0x0000000000005bc6                tmos_snv_notify
 .text.tmos_snv_write
                0x0000000000005c20      0x2d2 d:\Code\CH592\EVT(演示) - 副本\EXAM\BLE\LIB\libCH59xBLE.a(tmos_snv.o)
                0x0000000000005c20                tmos_snv_write
 .text.tmos_snv_compact
                0x0000000000005ef2        0x4 d:\Code\CH592\EVT(演示) - 副本\EXAM\BLE\LIB\libCH59xBLE.a(tmos_snv.o)
                0x0000000000005ef2                tmos_snv_compact
 .text.disconnectNext
                0x0000000000005ef6       0x22 d:\Code\CH592\EVT(演示) - 副本\EXAM\BLE\LIB\libCH59xBLE.a(gap.o)
 .text.GAP_ParamInit
                0x0000000000005f18      0x164 d:\Code\CH592\EVT(演示) - 副本\EXAM\BLE\LIB\libCH59xBLE.a(gap.o)
                0x0000000000005f18                GAP_ParamInit
 .text.sendTerminateEvent
                0x000000000000607c       0x58 d:\Code\CH592\EVT(演示) - 副本\EXAM\BLE\LIB\libCH59xBLE.a(gap.o)
                0x000000000000607c                sendTerminateEvent
 .text.gapRegisterCentral
                0x00000000000060d4        0x6 d:\Code\CH592\EVT(演示) - 副本\EXAM\BLE\LIB\libCH59xBLE.a(gap.o)
                0x00000000000060d4                gapRegisterCentral
 .text.gapRegisterCentralConn
                0x00000000000060da        0x6 d:\Code\CH592\EVT(演示) - 副本\EXAM\BLE\LIB\libCH59xBLE.a(gap.o)
                0x00000000000060da                gapRegisterCentralConn
 .text.gapRegisterPeripheral
                0x00000000000060e0        0x6 d:\Code\CH592\EVT(演示) - 副本\EXAM\BLE\LIB\libCH59xBLE.a(gap.o)
                0x00000000000060e0                gapRegisterPeripheral
 .text.gapRegisterPeripheralConn
                0x00000000000060e6        0x6 d:\Code\CH592\EVT(演示) - 副本\EXAM\BLE\LIB\libCH59xBLE.a(gap.o)
                0x00000000000060e6                gapRegisterPeripheralConn
 .text.smGenerateRandBuf
                0x00000000000060ec       0x56 d:\Code\CH592\EVT(演示) - 副本\EXAM\BLE\LIB\libCH59xBLE.a(gap.o)
                0x00000000000060ec                smGenerateRandBuf
 .text.gapL2capConnParamUpdateReq
                0x0000000000006142       0x36 d:\Code\CH592\EVT(演示) - 副本\EXAM\BLE\LIB\libCH59xBLE.a(gap.o)
                0x0000000000006142                gapL2capConnParamUpdateReq
 .text.gapValidADType
                0x0000000000006178       0x16 d:\Code\CH592\EVT(演示) - 副本\EXAM\BLE\LIB\libCH59xBLE.a(gap.o)
                0x0000000000006178                gapValidADType
 .text.gapFindADType
                0x000000000000618e       0x92 d:\Code\CH592\EVT(演示) - 副本\EXAM\BLE\LIB\libCH59xBLE.a(gap.o)
                0x000000000000618e                gapFindADType
 .text.GAP_SecParamsInit
                0x0000000000006220       0xaa d:\Code\CH592\EVT(演示) - 副本\EXAM\BLE\LIB\libCH59xBLE.a(gap.o)
                0x0000000000006220                GAP_SecParamsInit
 .text.GAP_ParamsInit
                0x00000000000062ca       0x50 d:\Code\CH592\EVT(演示) - 副本\EXAM\BLE\LIB\libCH59xBLE.a(gap.o)
                0x00000000000062ca                GAP_ParamsInit
 .text.gapAddAddrAdj
                0x000000000000631a       0x48 d:\Code\CH592\EVT(演示) - 副本\EXAM\BLE\LIB\libCH59xBLE.a(gap.o)
                0x000000000000631a                gapAddAddrAdj
 .text.gapDetermineAddrType
                0x0000000000006362       0x28 d:\Code\CH592\EVT(演示) - 副本\EXAM\BLE\LIB\libCH59xBLE.a(gap.o)
                0x0000000000006362                gapDetermineAddrType
 .text.gapFreeAuthLink
                0x000000000000638a       0x4a d:\Code\CH592\EVT(演示) - 副本\EXAM\BLE\LIB\libCH59xBLE.a(gap.o)
                0x000000000000638a                gapFreeAuthLink
 .text.gapGetDevAddress
                0x00000000000063d4       0x24 d:\Code\CH592\EVT(演示) - 副本\EXAM\BLE\LIB\libCH59xBLE.a(gap.o)
                0x00000000000063d4                gapGetDevAddress
 .text.gapGetDevAddressMode
                0x00000000000063f8        0xa d:\Code\CH592\EVT(演示) - 副本\EXAM\BLE\LIB\libCH59xBLE.a(gap.o)
                0x00000000000063f8                gapGetDevAddressMode
 .text.gapGetIRK
                0x0000000000006402        0xc d:\Code\CH592\EVT(演示) - 副本\EXAM\BLE\LIB\libCH59xBLE.a(gap.o)
                0x0000000000006402                gapGetIRK
 .text.gapGetSRK
                0x000000000000640e        0xc d:\Code\CH592\EVT(演示) - 副本\EXAM\BLE\LIB\libCH59xBLE.a(gap.o)
                0x000000000000640e                gapGetSRK
 .text.gapGetSignCounter
                0x000000000000641a        0xe d:\Code\CH592\EVT(演示) - 副本\EXAM\BLE\LIB\libCH59xBLE.a(gap.o)
                0x000000000000641a                gapGetSignCounter
 .text.gapIncSignCounter
                0x0000000000006428       0x28 d:\Code\CH592\EVT(演示) - 副本\EXAM\BLE\LIB\libCH59xBLE.a(gap.o)
                0x0000000000006428                gapIncSignCounter
 .text.gapProcessConnEvt
                0x0000000000006450       0x48 d:\Code\CH592\EVT(演示) - 副本\EXAM\BLE\LIB\libCH59xBLE.a(gap.o)
                0x0000000000006450                gapProcessConnEvt
 .text.gapProcessDisconnectCompleteEvt
                0x0000000000006498       0xa8 d:\Code\CH592\EVT(演示) - 副本\EXAM\BLE\LIB\libCH59xBLE.a(gap.o)
                0x0000000000006498                gapProcessDisconnectCompleteEvt
 .text.sendAuthEvent
                0x0000000000006540      0x11e d:\Code\CH592\EVT(演示) - 副本\EXAM\BLE\LIB\libCH59xBLE.a(gap.o)
                0x0000000000006540                sendAuthEvent
 .text.gapSendBondCompleteEvent
                0x000000000000665e       0x74 d:\Code\CH592\EVT(演示) - 副本\EXAM\BLE\LIB\libCH59xBLE.a(gap.o)
                0x000000000000665e                gapSendBondCompleteEvent
 .text.gapSendPairingReqEvent
                0x00000000000066d2       0x96 d:\Code\CH592\EVT(演示) - 副本\EXAM\BLE\LIB\libCH59xBLE.a(gap.o)
                0x00000000000066d2                gapSendPairingReqEvent
 .text.gapSendSlaveSecurityReqEvent
                0x0000000000006768       0x68 d:\Code\CH592\EVT(演示) - 副本\EXAM\BLE\LIB\libCH59xBLE.a(gap.o)
                0x0000000000006768                gapSendSlaveSecurityReqEvent
 .text.gapSendDeviceInitDoneEvent
                0x00000000000067d0       0x88 d:\Code\CH592\EVT(演示) - 副本\EXAM\BLE\LIB\libCH59xBLE.a(gap.o)
                0x00000000000067d0                gapSendDeviceInitDoneEvent
 .text.gapSendLinkUpdateEvent
                0x0000000000006858       0xb2 d:\Code\CH592\EVT(演示) - 副本\EXAM\BLE\LIB\libCH59xBLE.a(gap.o)
                0x0000000000006858                gapSendLinkUpdateEvent
 .text.gapSendPhyUpdateEvent
                0x000000000000690a       0x58 d:\Code\CH592\EVT(演示) - 副本\EXAM\BLE\LIB\libCH59xBLE.a(gap.o)
                0x000000000000690a                gapSendPhyUpdateEvent
 .text.gapSendEstLinkEvent
                0x0000000000006962       0xbc d:\Code\CH592\EVT(演示) - 副本\EXAM\BLE\LIB\libCH59xBLE.a(gap.o)
                0x0000000000006962                gapSendEstLinkEvent
 .text.gapProcessNewAddr
                0x0000000000006a1e       0x3e d:\Code\CH592\EVT(演示) - 副本\EXAM\BLE\LIB\libCH59xBLE.a(gap.o)
                0x0000000000006a1e                gapProcessNewAddr
 .text.gapProcessRandomAddrComplete
                0x0000000000006a5c       0xb6 d:\Code\CH592\EVT(演示) - 副本\EXAM\BLE\LIB\libCH59xBLE.a(gap.o)
                0x0000000000006a5c                gapProcessRandomAddrComplete
 .text.GAP_Authenticate
                0x0000000000006b12       0xde d:\Code\CH592\EVT(演示) - 副本\EXAM\BLE\LIB\libCH59xBLE.a(gap.o)
                0x0000000000006b12                GAP_Authenticate
 .text.GAP_Bond
                0x0000000000006bf0       0xa6 d:\Code\CH592\EVT(演示) - 副本\EXAM\BLE\LIB\libCH59xBLE.a(gap.o)
                0x0000000000006bf0                GAP_Bond
 .text.GAP_GetParamValue
                0x0000000000006c96       0x20 d:\Code\CH592\EVT(演示) - 副本\EXAM\BLE\LIB\libCH59xBLE.a(gap.o)
                0x0000000000006c96                GAP_GetParamValue
 .text.GAP_PasscodeUpdate
                0x0000000000006cb6       0x54 d:\Code\CH592\EVT(演示) - 副本\EXAM\BLE\LIB\libCH59xBLE.a(gap.o)
                0x0000000000006cb6                GAP_PasscodeUpdate
 .text.GAP_RegisterForMsgs
                0x0000000000006d0a        0xa d:\Code\CH592\EVT(演示) - 副本\EXAM\BLE\LIB\libCH59xBLE.a(gap.o)
                0x0000000000006d0a                GAP_RegisterForMsgs
 .text.GAP_ResolvePrivateAddr
                0x0000000000006d14        0x4 d:\Code\CH592\EVT(演示) - 副本\EXAM\BLE\LIB\libCH59xBLE.a(gap.o)
                0x0000000000006d14                GAP_ResolvePrivateAddr
 .text.gapPairingCompleteCB
                0x0000000000006d18      0x188 d:\Code\CH592\EVT(演示) - 副本\EXAM\BLE\LIB\libCH59xBLE.a(gap.o)
                0x0000000000006d18                gapPairingCompleteCB
 .text.gapPasskeyNeededCB
                0x0000000000006ea0       0x8e d:\Code\CH592\EVT(演示) - 副本\EXAM\BLE\LIB\libCH59xBLE.a(gap.o)
                0x0000000000006ea0                gapPasskeyNeededCB
 .text.gapOobNeededCB
                0x0000000000006f2e       0xa6 d:\Code\CH592\EVT(演示) - 副本\EXAM\BLE\LIB\libCH59xBLE.a(gap.o)
                0x0000000000006f2e                gapOobNeededCB
 .text.gapFreeEstLink
                0x0000000000006fd4       0x20 d:\Code\CH592\EVT(演示) - 副本\EXAM\BLE\LIB\libCH59xBLE.a(gap.o)
                0x0000000000006fd4                gapFreeEstLink
 .text.gapUpdateConnSignCounter
                0x0000000000006ff4       0x7a d:\Code\CH592\EVT(演示) - 副本\EXAM\BLE\LIB\libCH59xBLE.a(gap.o)
                0x0000000000006ff4                gapUpdateConnSignCounter
 .text.GAP_SendSlaveSecurityRequest
                0x000000000000706e       0x4a d:\Code\CH592\EVT(演示) - 副本\EXAM\BLE\LIB\libCH59xBLE.a(gap.o)
                0x000000000000706e                GAP_SendSlaveSecurityRequest
 .text.GAP_Signable
                0x00000000000070b8       0x6a d:\Code\CH592\EVT(演示) - 副本\EXAM\BLE\LIB\libCH59xBLE.a(gap.o)
                0x00000000000070b8                GAP_Signable
 .text.GAP_TerminateAuth
                0x0000000000007122       0x2a d:\Code\CH592\EVT(演示) - 副本\EXAM\BLE\LIB\libCH59xBLE.a(gap.o)
                0x0000000000007122                GAP_TerminateAuth
 .text.GAP_NumActiveConnections
                0x000000000000714c        0x4 d:\Code\CH592\EVT(演示) - 副本\EXAM\BLE\LIB\libCH59xBLE.a(gap.o)
                0x000000000000714c                GAP_NumActiveConnections
 .text.GAP_TerminateLinkReq
                0x0000000000007150       0x8e d:\Code\CH592\EVT(演示) - 副本\EXAM\BLE\LIB\libCH59xBLE.a(gap.o)
                0x0000000000007150                GAP_TerminateLinkReq
 .text.GAP_SetParamValue
                0x00000000000071de       0x6c d:\Code\CH592\EVT(演示) - 副本\EXAM\BLE\LIB\libCH59xBLE.a(gap.o)
                0x00000000000071de                GAP_SetParamValue
 .text.GAP_Init
                0x000000000000724a       0x62 d:\Code\CH592\EVT(演示) - 副本\EXAM\BLE\LIB\libCH59xBLE.a(gap.o)
                0x000000000000724a                GAP_Init
 .text.GAP_ProcessEvent
                0x00000000000072ac      0x66a d:\Code\CH592\EVT(演示) - 副本\EXAM\BLE\LIB\libCH59xBLE.a(gap.o)
                0x00000000000072ac                GAP_ProcessEvent
 .text.gapSendScanEnable
                0x0000000000007916       0x3a d:\Code\CH592\EVT(演示) - 副本\EXAM\BLE\LIB\libCH59xBLE.a(gap_central.o)
 .text.gapCentProcessConnEvt
                0x0000000000007950      0x168 d:\Code\CH592\EVT(演示) - 副本\EXAM\BLE\LIB\libCH59xBLE.a(gap_central.o)
                0x0000000000007950                gapCentProcessConnEvt
 .text.gapProcessScanningPeriodicAdvEvt
                0x0000000000007ab8       0xa0 d:\Code\CH592\EVT(演示) - 副本\EXAM\BLE\LIB\libCH59xBLE.a(gap_central.o)
                0x0000000000007ab8                gapProcessScanningPeriodicAdvEvt
 .text.gapCancelLinkReq
                0x0000000000007b58       0x38 d:\Code\CH592\EVT(演示) - 副本\EXAM\BLE\LIB\libCH59xBLE.a(gap_central.o)
                0x0000000000007b58                gapCancelLinkReq
 .text.gapProcessAdvertDevInfo
                0x0000000000007b90      0x242 d:\Code\CH592\EVT(演示) - 副本\EXAM\BLE\LIB\libCH59xBLE.a(gap_central.o)
                0x0000000000007b90                gapProcessAdvertDevInfo
 .text.gapProcessExtAdvertDevInfo
                0x0000000000007dd2      0x260 d:\Code\CH592\EVT(演示) - 副本\EXAM\BLE\LIB\libCH59xBLE.a(gap_central.o)
                0x0000000000007dd2                gapProcessExtAdvertDevInfo
 .text.gapProcessPeriodicAdvertisingSyncEstablishedEvt
                0x0000000000008032       0xae d:\Code\CH592\EVT(演示) - 副本\EXAM\BLE\LIB\libCH59xBLE.a(gap_central.o)
                0x0000000000008032                gapProcessPeriodicAdvertisingSyncEstablishedEvt
 .text.gapProcessPeriodicAdvertisingSyncLostEvt
                0x00000000000080e0       0x56 d:\Code\CH592\EVT(演示) - 副本\EXAM\BLE\LIB\libCH59xBLE.a(gap_central.o)
                0x00000000000080e0                gapProcessPeriodicAdvertisingSyncLostEvt
 .text.gapFreeScanRecs
                0x0000000000008136       0xa6 d:\Code\CH592\EVT(演示) - 副本\EXAM\BLE\LIB\libCH59xBLE.a(gap_central.o)
                0x0000000000008136                gapFreeScanRecs
 .text.gapSendDevDiscEvent
                0x00000000000081dc      0x124 d:\Code\CH592\EVT(演示) - 副本\EXAM\BLE\LIB\libCH59xBLE.a(gap_central.o)
                0x00000000000081dc                gapSendDevDiscEvent
 .text.gapSetScanParamStatus
                0x0000000000008300       0x56 d:\Code\CH592\EVT(演示) - 副本\EXAM\BLE\LIB\libCH59xBLE.a(gap_central.o)
 .text.gapCentProcessHCICmdEvt
                0x0000000000008356       0x3c d:\Code\CH592\EVT(演示) - 副本\EXAM\BLE\LIB\libCH59xBLE.a(gap_central.o)
                0x0000000000008356                gapCentProcessHCICmdEvt
 .text.gapProcessScanningEvt
                0x0000000000008392      0x110 d:\Code\CH592\EVT(演示) - 副本\EXAM\BLE\LIB\libCH59xBLE.a(gap_central.o)
                0x0000000000008392                gapProcessScanningEvt
 .text.gapProcessScanningDirectEvt
                0x00000000000084a2       0xfe d:\Code\CH592\EVT(演示) - 副本\EXAM\BLE\LIB\libCH59xBLE.a(gap_central.o)
                0x00000000000084a2                gapProcessScanningDirectEvt
 .text.gapProcessScanningExtAdvEvt
                0x00000000000085a0      0x2c4 d:\Code\CH592\EVT(演示) - 副本\EXAM\BLE\LIB\libCH59xBLE.a(gap_central.o)
                0x00000000000085a0                gapProcessScanningExtAdvEvt
 .text.GAP_CentConnRegister
                0x0000000000008864       0x1a d:\Code\CH592\EVT(演示) - 副本\EXAM\BLE\LIB\libCH59xBLE.a(gap_central.o)
                0x0000000000008864                GAP_CentConnRegister
 .text.GAP_CentralParamInit
                0x000000000000887e       0x6e d:\Code\CH592\EVT(演示) - 副本\EXAM\BLE\LIB\libCH59xBLE.a(gap_central.o)
                0x000000000000887e                GAP_CentralParamInit
 .text.GAP_CentDevMgrInit
                0x00000000000088ec       0x9c d:\Code\CH592\EVT(演示) - 副本\EXAM\BLE\LIB\libCH59xBLE.a(gap_central.o)
                0x00000000000088ec                GAP_CentDevMgrInit
 .text.gapFreeAdvertState
                0x0000000000008988       0x20 d:\Code\CH592\EVT(演示) - 副本\EXAM\BLE\LIB\libCH59xBLE.a(gap_peripheral.o)
 .text.gapSetPeriodicAdvParams
                0x00000000000089a8       0x30 d:\Code\CH592\EVT(演示) - 副本\EXAM\BLE\LIB\libCH59xBLE.a(gap_peripheral.o)
 .text.gapSetConnectionlessCTEParams
                0x00000000000089d8       0x54 d:\Code\CH592\EVT(演示) - 副本\EXAM\BLE\LIB\libCH59xBLE.a(gap_peripheral.o)
 .text.gapSetAdvParams
                0x0000000000008a2c       0xfc d:\Code\CH592\EVT(演示) - 副本\EXAM\BLE\LIB\libCH59xBLE.a(gap_peripheral.o)
 .text.gapPeriProcessConnEvt
                0x0000000000008b28       0xd0 d:\Code\CH592\EVT(演示) - 副本\EXAM\BLE\LIB\libCH59xBLE.a(gap_peripheral.o)
 .text.gapWriteAdvDataStatus
                0x0000000000008bf8       0x8a d:\Code\CH592\EVT(演示) - 副本\EXAM\BLE\LIB\libCH59xBLE.a(gap_peripheral.o)
 .text.GAP_MakeDiscoverable
                0x0000000000008c82      0x174 d:\Code\CH592\EVT(演示) - 副本\EXAM\BLE\LIB\libCH59xBLE.a(gap_peripheral.o)
                0x0000000000008c82                GAP_MakeDiscoverable
 .text.GAP_EndDiscoverable
                0x0000000000008df6       0x66 d:\Code\CH592\EVT(演示) - 副本\EXAM\BLE\LIB\libCH59xBLE.a(gap_peripheral.o)
                0x0000000000008df6                GAP_EndDiscoverable
 .text.gapProcessAdvertisingEvt
                0x0000000000008e5c      0x116 d:\Code\CH592\EVT(演示) - 副本\EXAM\BLE\LIB\libCH59xBLE.a(gap_peripheral.o)
 .text.GAP_MakePeriodic
                0x0000000000008f72       0x2a d:\Code\CH592\EVT(演示) - 副本\EXAM\BLE\LIB\libCH59xBLE.a(gap_peripheral.o)
                0x0000000000008f72                GAP_MakePeriodic
 .text.GAP_EndPeriodic
                0x0000000000008f9c       0x10 d:\Code\CH592\EVT(演示) - 副本\EXAM\BLE\LIB\libCH59xBLE.a(gap_peripheral.o)
                0x0000000000008f9c                GAP_EndPeriodic
 .text.GAP_MakeConnecttionlessCTE
                0x0000000000008fac       0x1a d:\Code\CH592\EVT(演示) - 副本\EXAM\BLE\LIB\libCH59xBLE.a(gap_peripheral.o)
                0x0000000000008fac                GAP_MakeConnecttionlessCTE
 .text.GAP_EndConnecttionlessCTE
                0x0000000000008fc6        0xc d:\Code\CH592\EVT(演示) - 副本\EXAM\BLE\LIB\libCH59xBLE.a(gap_peripheral.o)
                0x0000000000008fc6                GAP_EndConnecttionlessCTE
 .text.GAP_SetAdvertisingAdvData
                0x0000000000008fd2      0x102 d:\Code\CH592\EVT(演示) - 副本\EXAM\BLE\LIB\libCH59xBLE.a(gap_peripheral.o)
                0x0000000000008fd2                GAP_SetAdvertisingAdvData
 .text.GAP_SetAdvertisingRspData
                0x00000000000090d4      0x102 d:\Code\CH592\EVT(演示) - 副本\EXAM\BLE\LIB\libCH59xBLE.a(gap_peripheral.o)
                0x00000000000090d4                GAP_SetAdvertisingRspData
 .text.GAP_SetPeriodicAdvertisingData
                0x00000000000091d6       0xc6 d:\Code\CH592\EVT(演示) - 副本\EXAM\BLE\LIB\libCH59xBLE.a(gap_peripheral.o)
                0x00000000000091d6                GAP_SetPeriodicAdvertisingData
 .text.GAP_GetAdvertisingAdvData
                0x000000000000929c       0x26 d:\Code\CH592\EVT(演示) - 副本\EXAM\BLE\LIB\libCH59xBLE.a(gap_peripheral.o)
                0x000000000000929c                GAP_GetAdvertisingAdvData
 .text.GAP_GetAdvertisingRspData
                0x00000000000092c2       0x34 d:\Code\CH592\EVT(演示) - 副本\EXAM\BLE\LIB\libCH59xBLE.a(gap_peripheral.o)
                0x00000000000092c2                GAP_GetAdvertisingRspData
 .text.GAP_GetPeriodicAdvertisingData
                0x00000000000092f6       0x34 d:\Code\CH592\EVT(演示) - 副本\EXAM\BLE\LIB\libCH59xBLE.a(gap_peripheral.o)
                0x00000000000092f6                GAP_GetPeriodicAdvertisingData
 .text.GAP_ConfigDeviceAddr
                0x000000000000932a      0x124 d:\Code\CH592\EVT(演示) - 副本\EXAM\BLE\LIB\libCH59xBLE.a(gap_peripheral.o)
                0x000000000000932a                GAP_ConfigDeviceAddr
 .text.GAP_PeriConnRegister
                0x000000000000944e       0x2e d:\Code\CH592\EVT(演示) - 副本\EXAM\BLE\LIB\libCH59xBLE.a(gap_peripheral.o)
                0x000000000000944e                GAP_PeriConnRegister
 .text.GAP_PeripheralParamInit
                0x000000000000947c       0x70 d:\Code\CH592\EVT(演示) - 副本\EXAM\BLE\LIB\libCH59xBLE.a(gap_peripheral.o)
                0x000000000000947c                GAP_PeripheralParamInit
 .text.gapSendMakeDiscEvent
                0x00000000000094ec       0x50 d:\Code\CH592\EVT(演示) - 副本\EXAM\BLE\LIB\libCH59xBLE.a(gap_peripheral.o)
                0x00000000000094ec                gapSendMakeDiscEvent
 .text.gapWriteAdvEnableStatus
                0x000000000000953c      0x110 d:\Code\CH592\EVT(演示) - 副本\EXAM\BLE\LIB\libCH59xBLE.a(gap_peripheral.o)
 .text.gapSendMakePeriodicEvent
                0x000000000000964c       0x3a d:\Code\CH592\EVT(演示) - 副本\EXAM\BLE\LIB\libCH59xBLE.a(gap_peripheral.o)
                0x000000000000964c                gapSendMakePeriodicEvent
 .text.gapSendMakeConnectionlessCTEEvent
                0x0000000000009686       0x3a d:\Code\CH592\EVT(演示) - 副本\EXAM\BLE\LIB\libCH59xBLE.a(gap_peripheral.o)
                0x0000000000009686                gapSendMakeConnectionlessCTEEvent
 .text.gapPeriProcessHCICmdCompleteEvt
                0x00000000000096c0      0x232 d:\Code\CH592\EVT(演示) - 副本\EXAM\BLE\LIB\libCH59xBLE.a(gap_peripheral.o)
 .text.GAP_PeriDevMgrInit
                0x00000000000098f2       0x2e d:\Code\CH592\EVT(演示) - 副本\EXAM\BLE\LIB\libCH59xBLE.a(gap_peripheral.o)
                0x00000000000098f2                GAP_PeriDevMgrInit
 .text.ggs_SetAttrWPermit
                0x0000000000009920       0x68 d:\Code\CH592\EVT(演示) - 副本\EXAM\BLE\LIB\libCH59xBLE.a(gapgattserver.o)
 .text.ggs_ReadAttrCB
                0x0000000000009988      0x156 d:\Code\CH592\EVT(演示) - 副本\EXAM\BLE\LIB\libCH59xBLE.a(gapgattserver.o)
 .text.ggs_WriteAttrCB
                0x0000000000009ade      0x162 d:\Code\CH592\EVT(演示) - 副本\EXAM\BLE\LIB\libCH59xBLE.a(gapgattserver.o)
 .text.GGS_ParamInit
                0x0000000000009c40      0x15c d:\Code\CH592\EVT(演示) - 副本\EXAM\BLE\LIB\libCH59xBLE.a(gapgattserver.o)
                0x0000000000009c40                GGS_ParamInit
 .text.GGS_SetParameter
                0x0000000000009d9c      0x116 d:\Code\CH592\EVT(演示) - 副本\EXAM\BLE\LIB\libCH59xBLE.a(gapgattserver.o)
                0x0000000000009d9c                GGS_SetParameter
 .text.GGS_AddService
                0x0000000000009eb2       0x2c d:\Code\CH592\EVT(演示) - 副本\EXAM\BLE\LIB\libCH59xBLE.a(gapgattserver.o)
                0x0000000000009eb2                GGS_AddService
 .text.GAP_DeviceInit
                0x0000000000009ede       0xd8 d:\Code\CH592\EVT(演示) - 副本\EXAM\BLE\LIB\libCH59xBLE.a(gapgattserver.o)
                0x0000000000009ede                GAP_DeviceInit
 .text.gattGetPayload
                0x0000000000009fb6       0x7e d:\Code\CH592\EVT(演示) - 副本\EXAM\BLE\LIB\libCH59xBLE.a(gatt.o)
                0x0000000000009fb6                gattGetPayload
 .text.gattNotifyEvent
                0x000000000000a034       0x84 d:\Code\CH592\EVT(演示) - 副本\EXAM\BLE\LIB\libCH59xBLE.a(gatt.o)
                0x000000000000a034                gattNotifyEvent
 .text.gattSendFlowCtrlEvt
                0x000000000000a0b8       0x52 d:\Code\CH592\EVT(演示) - 副本\EXAM\BLE\LIB\libCH59xBLE.a(gatt.o)
                0x000000000000a0b8                gattSendFlowCtrlEvt
 .text.gattStartTimer
                0x000000000000a10a        0xc d:\Code\CH592\EVT(演示) - 副本\EXAM\BLE\LIB\libCH59xBLE.a(gatt.o)
                0x000000000000a10a                gattStartTimer
 .text.gattStopTimer
                0x000000000000a116       0x32 d:\Code\CH592\EVT(演示) - 副本\EXAM\BLE\LIB\libCH59xBLE.a(gatt.o)
                0x000000000000a116                gattStopTimer
 .text.GATT_AppCompletedMsg
                0x000000000000a148       0x30 d:\Code\CH592\EVT(演示) - 副本\EXAM\BLE\LIB\libCH59xBLE.a(gatt.o)
                0x000000000000a148                GATT_AppCompletedMsg
 .text.GATT_NotifyEvent
                0x000000000000a178       0x56 d:\Code\CH592\EVT(演示) - 副本\EXAM\BLE\LIB\libCH59xBLE.a(gatt.o)
                0x000000000000a178                GATT_NotifyEvent
 .text.gattRegisterServer
                0x000000000000a1ce        0x6 d:\Code\CH592\EVT(演示) - 副本\EXAM\BLE\LIB\libCH59xBLE.a(gatt.o)
                0x000000000000a1ce                gattRegisterServer
 .text.GATT_UpdateMTU
                0x000000000000a1d4       0x5a d:\Code\CH592\EVT(演示) - 副本\EXAM\BLE\LIB\libCH59xBLE.a(gatt.o)
                0x000000000000a1d4                GATT_UpdateMTU
 .text.GATT_bm_alloc
                0x000000000000a22e       0xe8 d:\Code\CH592\EVT(演示) - 副本\EXAM\BLE\LIB\libCH59xBLE.a(gatt.o)
                0x000000000000a22e                GATT_bm_alloc
 .text.GATT_ServiceChangedInd
                0x000000000000a316       0x94 d:\Code\CH592\EVT(演示) - 副本\EXAM\BLE\LIB\libCH59xBLE.a(gatt.o)
                0x000000000000a316                GATT_ServiceChangedInd
 .text.GATT_bm_free
                0x000000000000a3aa       0x1c d:\Code\CH592\EVT(演示) - 副本\EXAM\BLE\LIB\libCH59xBLE.a(gatt.o)
                0x000000000000a3aa                GATT_bm_free
 .text.GATT_Init
                0x000000000000a3c6       0x2a d:\Code\CH592\EVT(演示) - 副本\EXAM\BLE\LIB\libCH59xBLE.a(gatt.o)
                0x000000000000a3c6                GATT_Init
 .text.GATT_ProcessEvent
                0x000000000000a3f0      0x140 d:\Code\CH592\EVT(演示) - 副本\EXAM\BLE\LIB\libCH59xBLE.a(gatt.o)
                0x000000000000a3f0                GATT_ProcessEvent
 .text.gattProcessExchangeMTUReq
                0x000000000000a530        0x4 d:\Code\CH592\EVT(演示) - 副本\EXAM\BLE\LIB\libCH59xBLE.a(gattservapp.o)
 .text.gattServApp_FindCharCfgItem
                0x000000000000a534       0x24 d:\Code\CH592\EVT(演示) - 副本\EXAM\BLE\LIB\libCH59xBLE.a(gattservapp.o)
 .text.gattServerHandleTimerCB
                0x000000000000a558       0x3c d:\Code\CH592\EVT(演示) - 副本\EXAM\BLE\LIB\libCH59xBLE.a(gattservapp.o)
 .text.GATTServApp_InitCharCfg.part.12
                0x000000000000a594       0x20 d:\Code\CH592\EVT(演示) - 副本\EXAM\BLE\LIB\libCH59xBLE.a(gattservapp.o)
 .text.gattProcessExecuteWriteReq
                0x000000000000a5b4        0x4 d:\Code\CH592\EVT(演示) - 副本\EXAM\BLE\LIB\libCH59xBLE.a(gattservapp.o)
 .text.GATTServApp_ParamInit
                0x000000000000a5b8       0xd6 d:\Code\CH592\EVT(演示) - 副本\EXAM\BLE\LIB\libCH59xBLE.a(gattservapp.o)
                0x000000000000a5b8                GATTServApp_ParamInit
 .text.GATTServApp_ReadCharCfg
                0x000000000000a68e       0x18 d:\Code\CH592\EVT(演示) - 副本\EXAM\BLE\LIB\libCH59xBLE.a(gattservapp.o)
                0x000000000000a68e                GATTServApp_ReadCharCfg
 .text.GATTServApp_WriteCharCfg
                0x000000000000a6a6       0x3c d:\Code\CH592\EVT(演示) - 副本\EXAM\BLE\LIB\libCH59xBLE.a(gattservapp.o)
                0x000000000000a6a6                GATTServApp_WriteCharCfg
 .text.GATTServApp_ProcessCCCWriteReq
                0x000000000000a6e2       0x60 d:\Code\CH592\EVT(演示) - 副本\EXAM\BLE\LIB\libCH59xBLE.a(gattservapp.o)
                0x000000000000a6e2                GATTServApp_ProcessCCCWriteReq
 .text.gattServApp_WriteAttrCB
                0x000000000000a742       0x34 d:\Code\CH592\EVT(演示) - 副本\EXAM\BLE\LIB\libCH59xBLE.a(gattservapp.o)
                0x000000000000a742                gattServApp_WriteAttrCB
 .text.GATTServApp_SendCCCUpdatedEvent
                0x000000000000a776       0x5e d:\Code\CH592\EVT(演示) - 副本\EXAM\BLE\LIB\libCH59xBLE.a(gattservapp.o)
                0x000000000000a776                GATTServApp_SendCCCUpdatedEvent
 .text.GATTServApp_SendServiceChangedInd
                0x000000000000a7d4       0x36 d:\Code\CH592\EVT(演示) - 副本\EXAM\BLE\LIB\libCH59xBLE.a(gattservapp.o)
                0x000000000000a7d4                GATTServApp_SendServiceChangedInd
 .text.gattServApp_ClearPrepareWriteQ
                0x000000000000a80a       0x50 d:\Code\CH592\EVT(演示) - 副本\EXAM\BLE\LIB\libCH59xBLE.a(gattservapp.o)
                0x000000000000a80a                gattServApp_ClearPrepareWriteQ
 .text.gattServApp_FindPrepareWriteQ
                0x000000000000a85a       0x30 d:\Code\CH592\EVT(演示) - 副本\EXAM\BLE\LIB\libCH59xBLE.a(gattservapp.o)
                0x000000000000a85a                gattServApp_FindPrepareWriteQ
 .text.gattServApp_FindServiceCBs
                0x000000000000a88a       0x18 d:\Code\CH592\EVT(演示) - 副本\EXAM\BLE\LIB\libCH59xBLE.a(gattservapp.o)
                0x000000000000a88a                gattServApp_FindServiceCBs
 .text.gattServApp_FindAuthorizeAttrCB
                0x000000000000a8a2       0x16 d:\Code\CH592\EVT(演示) - 副本\EXAM\BLE\LIB\libCH59xBLE.a(gattservapp.o)
                0x000000000000a8a2                gattServApp_FindAuthorizeAttrCB
 .text.gattServApp_IsWriteLong
                0x000000000000a8b8       0xea d:\Code\CH592\EVT(演示) - 副本\EXAM\BLE\LIB\libCH59xBLE.a(gattservapp.o)
                0x000000000000a8b8                gattServApp_IsWriteLong
 .text.gattFindService
                0x000000000000a9a2       0x1c d:\Code\CH592\EVT(演示) - 副本\EXAM\BLE\LIB\libCH59xBLE.a(gattservapp.o)
                0x000000000000a9a2                gattFindService
 .text.GATT_ServiceNumAttrs
                0x000000000000a9be       0x18 d:\Code\CH592\EVT(演示) - 副本\EXAM\BLE\LIB\libCH59xBLE.a(gattservapp.o)
                0x000000000000a9be                GATT_ServiceNumAttrs
 .text.GATT_ServiceEncKeySize
                0x000000000000a9d6       0x18 d:\Code\CH592\EVT(演示) - 副本\EXAM\BLE\LIB\libCH59xBLE.a(gattservapp.o)
                0x000000000000a9d6                GATT_ServiceEncKeySize
 .text.GATT_VerifyWritePermissions.part.7
                0x000000000000a9ee       0x2e d:\Code\CH592\EVT(演示) - 副本\EXAM\BLE\LIB\libCH59xBLE.a(gattservapp.o)
 .text.gattResetServerInfo
                0x000000000000aa1c       0x1c d:\Code\CH592\EVT(演示) - 副本\EXAM\BLE\LIB\libCH59xBLE.a(gattservapp.o)
                0x000000000000aa1c                gattResetServerInfo
 .text.gattFindServerInfo
                0x000000000000aa38       0x2c d:\Code\CH592\EVT(演示) - 副本\EXAM\BLE\LIB\libCH59xBLE.a(gattservapp.o)
                0x000000000000aa38                gattFindServerInfo
 .text.gattServerHandleConnStatusCB
                0x000000000000aa64       0x98 d:\Code\CH592\EVT(演示) - 副本\EXAM\BLE\LIB\libCH59xBLE.a(gattservapp.o)
                0x000000000000aa64                gattServerHandleConnStatusCB
 .text.gattServerProcessMsgCB
                0x000000000000aafc      0x1c0 d:\Code\CH592\EVT(演示) - 副本\EXAM\BLE\LIB\libCH59xBLE.a(gattservapp.o)
                0x000000000000aafc                gattServerProcessMsgCB
 .text.gattServerNotifyTxCB
                0x000000000000acbc       0x28 d:\Code\CH592\EVT(演示) - 副本\EXAM\BLE\LIB\libCH59xBLE.a(gattservapp.o)
 .text.GATT_FindHandle
                0x000000000000ace4       0x4a d:\Code\CH592\EVT(演示) - 副本\EXAM\BLE\LIB\libCH59xBLE.a(gattservapp.o)
                0x000000000000ace4                GATT_FindHandle
 .text.GATTServApp_WriteAttr
                0x000000000000ad2e       0xa8 d:\Code\CH592\EVT(演示) - 副本\EXAM\BLE\LIB\libCH59xBLE.a(gattservapp.o)
                0x000000000000ad2e                GATTServApp_WriteAttr
 .text.gattServApp_ProcessExecuteWriteReq
                0x000000000000add6      0x100 d:\Code\CH592\EVT(演示) - 副本\EXAM\BLE\LIB\libCH59xBLE.a(gattservapp.o)
                0x000000000000add6                gattServApp_ProcessExecuteWriteReq
 .text.GATTServApp_UpdateCharCfg
                0x000000000000aed6       0x1e d:\Code\CH592\EVT(演示) - 副本\EXAM\BLE\LIB\libCH59xBLE.a(gattservapp.o)
                0x000000000000aed6                GATTServApp_UpdateCharCfg
 .text.gattServApp_ProcessPrepareWriteReq
                0x000000000000aef4      0x10e d:\Code\CH592\EVT(演示) - 副本\EXAM\BLE\LIB\libCH59xBLE.a(gattservapp.o)
                0x000000000000aef4                gattServApp_ProcessPrepareWriteReq
 .text.gattServApp_ProcessWriteReq
                0x000000000000b002       0xb0 d:\Code\CH592\EVT(演示) - 副本\EXAM\BLE\LIB\libCH59xBLE.a(gattservapp.o)
                0x000000000000b002                gattServApp_ProcessWriteReq
 .text.GATT_Indication
                0x000000000000b0b2       0xa4 d:\Code\CH592\EVT(演示) - 副本\EXAM\BLE\LIB\libCH59xBLE.a(gattservapp.o)
                0x000000000000b0b2                GATT_Indication
 .text.GATT_FindHandleUUID
                0x000000000000b156       0x94 d:\Code\CH592\EVT(演示) - 副本\EXAM\BLE\LIB\libCH59xBLE.a(gattservapp.o)
                0x000000000000b156                GATT_FindHandleUUID
 .text.gattProcessReadByGrpTypeReq
                0x000000000000b1ea       0x60 d:\Code\CH592\EVT(演示) - 副本\EXAM\BLE\LIB\libCH59xBLE.a(gattservapp.o)
 .text.gattProcessReadByTypeReq
                0x000000000000b24a       0x34 d:\Code\CH592\EVT(演示) - 副本\EXAM\BLE\LIB\libCH59xBLE.a(gattservapp.o)
 .text.gattProcessFindByTypeValueReq
                0x000000000000b27e       0x34 d:\Code\CH592\EVT(演示) - 副本\EXAM\BLE\LIB\libCH59xBLE.a(gattservapp.o)
 .text.gattProcessFindInfoReq
                0x000000000000b2b2      0x1aa d:\Code\CH592\EVT(演示) - 副本\EXAM\BLE\LIB\libCH59xBLE.a(gattservapp.o)
 .text.GATT_Notification
                0x000000000000b45c       0x70 d:\Code\CH592\EVT(演示) - 副本\EXAM\BLE\LIB\libCH59xBLE.a(gattservapp.o)
                0x000000000000b45c                GATT_Notification
 .text.GATT_VerifyWritePermissions
                0x000000000000b4cc       0x6a d:\Code\CH592\EVT(演示) - 副本\EXAM\BLE\LIB\libCH59xBLE.a(gattservapp.o)
                0x000000000000b4cc                GATT_VerifyWritePermissions
 .text.gattProcessWriteReq
                0x000000000000b536       0x36 d:\Code\CH592\EVT(演示) - 副本\EXAM\BLE\LIB\libCH59xBLE.a(gattservapp.o)
 .text.GATT_VerifyPrepareWritePermissions
                0x000000000000b56c       0x56 d:\Code\CH592\EVT(演示) - 副本\EXAM\BLE\LIB\libCH59xBLE.a(gattservapp.o)
                0x000000000000b56c                GATT_VerifyPrepareWritePermissions
 .text.gattProcessPrepareWriteReq
                0x000000000000b5c2       0x36 d:\Code\CH592\EVT(演示) - 副本\EXAM\BLE\LIB\libCH59xBLE.a(gattservapp.o)
 .text.GATT_FindNextAttr
                0x000000000000b5f8       0xc2 d:\Code\CH592\EVT(演示) - 副本\EXAM\BLE\LIB\libCH59xBLE.a(gattservapp.o)
                0x000000000000b5f8                GATT_FindNextAttr
 .text.GATTServApp_ReadAttr
                0x000000000000b6ba      0x2ea d:\Code\CH592\EVT(演示) - 副本\EXAM\BLE\LIB\libCH59xBLE.a(gattservapp.o)
                0x000000000000b6ba                GATTServApp_ReadAttr
 .text.gattServApp_ProcessReadMultiReq
                0x000000000000b9a4      0x16e d:\Code\CH592\EVT(演示) - 副本\EXAM\BLE\LIB\libCH59xBLE.a(gattservapp.o)
                0x000000000000b9a4                gattServApp_ProcessReadMultiReq
 .text.gattServApp_ProcessFindByTypeValueReq
                0x000000000000bb12      0x1a0 d:\Code\CH592\EVT(演示) - 副本\EXAM\BLE\LIB\libCH59xBLE.a(gattservapp.o)
                0x000000000000bb12                gattServApp_ProcessFindByTypeValueReq
 .text.GATT_VerifyReadPermissions
                0x000000000000bcb2       0x68 d:\Code\CH592\EVT(演示) - 副本\EXAM\BLE\LIB\libCH59xBLE.a(gattservapp.o)
                0x000000000000bcb2                GATT_VerifyReadPermissions
 .text.gattProcessReadMultiReq
                0x000000000000bd1a       0xae d:\Code\CH592\EVT(演示) - 副本\EXAM\BLE\LIB\libCH59xBLE.a(gattservapp.o)
 .text.gattProcessReadReq
                0x000000000000bdc8       0x30 d:\Code\CH592\EVT(演示) - 副本\EXAM\BLE\LIB\libCH59xBLE.a(gattservapp.o)
 .text.gattServApp_ProcessReadByGrpTypeReq
                0x000000000000bdf8      0x200 d:\Code\CH592\EVT(演示) - 副本\EXAM\BLE\LIB\libCH59xBLE.a(gattservapp.o)
                0x000000000000bdf8                gattServApp_ProcessReadByGrpTypeReq
 .text.gattServApp_ProcessReadByTypeReq
                0x000000000000bff8      0x1ae d:\Code\CH592\EVT(演示) - 副本\EXAM\BLE\LIB\libCH59xBLE.a(gattservapp.o)
                0x000000000000bff8                gattServApp_ProcessReadByTypeReq
 .text.GATT_RegisterService
                0x000000000000c1a6      0x100 d:\Code\CH592\EVT(演示) - 副本\EXAM\BLE\LIB\libCH59xBLE.a(gattservapp.o)
                0x000000000000c1a6                GATT_RegisterService
 .text.GATTServApp_RegisterService
                0x000000000000c2a6       0x7c d:\Code\CH592\EVT(演示) - 副本\EXAM\BLE\LIB\libCH59xBLE.a(gattservapp.o)
                0x000000000000c2a6                GATTServApp_RegisterService
 .text.GATTServApp_AddService
                0x000000000000c322       0x2c d:\Code\CH592\EVT(演示) - 副本\EXAM\BLE\LIB\libCH59xBLE.a(gattservapp.o)
                0x000000000000c322                GATTServApp_AddService
 .text.GATTServApp_RegisterForMsg
                0x000000000000c34e        0x6 d:\Code\CH592\EVT(演示) - 副本\EXAM\BLE\LIB\libCH59xBLE.a(gattservapp.o)
                0x000000000000c34e                GATTServApp_RegisterForMsg
 .text.GATTServApp_InitCharCfg
                0x000000000000c354       0x28 d:\Code\CH592\EVT(演示) - 副本\EXAM\BLE\LIB\libCH59xBLE.a(gattservapp.o)
                0x000000000000c354                GATTServApp_InitCharCfg
 .text.gattServApp_HandleConnStatusCB
                0x000000000000c37c       0x74 d:\Code\CH592\EVT(演示) - 副本\EXAM\BLE\LIB\libCH59xBLE.a(gattservapp.o)
                0x000000000000c37c                gattServApp_HandleConnStatusCB
 .text.GATT_InitServer
                0x000000000000c3f0       0xfa d:\Code\CH592\EVT(演示) - 副本\EXAM\BLE\LIB\libCH59xBLE.a(gattservapp.o)
                0x000000000000c3f0                GATT_InitServer
 .text.GATTServApp_Init
                0x000000000000c4ea       0x34 d:\Code\CH592\EVT(演示) - 副本\EXAM\BLE\LIB\libCH59xBLE.a(gattservapp.o)
                0x000000000000c4ea                GATTServApp_Init
 .text.GATTServApp_ProcessEvent
                0x000000000000c51e      0x36a d:\Code\CH592\EVT(演示) - 副本\EXAM\BLE\LIB\libCH59xBLE.a(gattservapp.o)
                0x000000000000c51e                GATTServApp_ProcessEvent
 .text.l2capAllocConnChannel
                0x000000000000c888       0xe0 d:\Code\CH592\EVT(演示) - 副本\EXAM\BLE\LIB\libCH59xBLE.a(l2cap.o)
                0x000000000000c888                l2capAllocConnChannel
 .text.l2capFindLocalCID
                0x000000000000c968       0x2c d:\Code\CH592\EVT(演示) - 副本\EXAM\BLE\LIB\libCH59xBLE.a(l2cap.o)
                0x000000000000c968                l2capFindLocalCID
 .text.l2capFindLocalId
                0x000000000000c994       0x30 d:\Code\CH592\EVT(演示) - 副本\EXAM\BLE\LIB\libCH59xBLE.a(l2cap.o)
                0x000000000000c994                l2capFindLocalId
 .text.l2capFindPsm
                0x000000000000c9c4       0x30 d:\Code\CH592\EVT(演示) - 副本\EXAM\BLE\LIB\libCH59xBLE.a(l2cap.o)
                0x000000000000c9c4                l2capFindPsm
 .text.l2capFindRemoteCID
                0x000000000000c9f4       0x3c d:\Code\CH592\EVT(演示) - 副本\EXAM\BLE\LIB\libCH59xBLE.a(l2cap.o)
                0x000000000000c9f4                l2capFindRemoteCID
 .text.l2capFreeChannel
                0x000000000000ca30       0x4e d:\Code\CH592\EVT(演示) - 副本\EXAM\BLE\LIB\libCH59xBLE.a(l2cap.o)
                0x000000000000ca30                l2capFreeChannel
 .text.l2capDisconnectChannel
                0x000000000000ca7e       0x28 d:\Code\CH592\EVT(演示) - 副本\EXAM\BLE\LIB\libCH59xBLE.a(l2cap.o)
                0x000000000000ca7e                l2capDisconnectChannel
 .text.l2capHandleTimerCB
                0x000000000000caa6       0x2c d:\Code\CH592\EVT(演示) - 副本\EXAM\BLE\LIB\libCH59xBLE.a(l2cap.o)
                0x000000000000caa6                l2capHandleTimerCB
 .text.l2capFreePendingPkt
                0x000000000000cad2       0x58 d:\Code\CH592\EVT(演示) - 副本\EXAM\BLE\LIB\libCH59xBLE.a(l2cap.o)
                0x000000000000cad2                l2capFreePendingPkt
 .text.l2capGetCoChannelInfo
                0x000000000000cb2a       0x86 d:\Code\CH592\EVT(演示) - 副本\EXAM\BLE\LIB\libCH59xBLE.a(l2cap.o)
                0x000000000000cb2a                l2capGetCoChannelInfo
 .text.l2capNumActiveChannnels
                0x000000000000cbb0       0x48 d:\Code\CH592\EVT(演示) - 副本\EXAM\BLE\LIB\libCH59xBLE.a(l2cap.o)
                0x000000000000cbb0                l2capNumActiveChannnels
 .text.l2capStartTimer
                0x000000000000cbf8       0x1a d:\Code\CH592\EVT(演示) - 副本\EXAM\BLE\LIB\libCH59xBLE.a(l2cap.o)
                0x000000000000cbf8                l2capStartTimer
 .text.l2capStopTimer
                0x000000000000cc12       0x1e d:\Code\CH592\EVT(演示) - 副本\EXAM\BLE\LIB\libCH59xBLE.a(l2cap.o)
                0x000000000000cc12                l2capStopTimer
 .text.l2capDisconnectAllChannels
                0x000000000000cc30       0xdc d:\Code\CH592\EVT(演示) - 副本\EXAM\BLE\LIB\libCH59xBLE.a(l2cap.o)
                0x000000000000cc30                l2capDisconnectAllChannels
 .text.l2capHandleConnStatusCB
                0x000000000000cd0c       0x3c d:\Code\CH592\EVT(演示) - 副本\EXAM\BLE\LIB\libCH59xBLE.a(l2cap.o)
                0x000000000000cd0c                l2capHandleConnStatusCB
 .text.l2capHandleRxError
                0x000000000000cd48        0x6 d:\Code\CH592\EVT(演示) - 副本\EXAM\BLE\LIB\libCH59xBLE.a(l2cap.o)
                0x000000000000cd48                l2capHandleRxError
 .text.L2CAP_GetMTU
                0x000000000000cd4e        0x6 d:\Code\CH592\EVT(演示) - 副本\EXAM\BLE\LIB\libCH59xBLE.a(l2cap.o)
                0x000000000000cd4e                L2CAP_GetMTU
 .text.L2CAP_HostNumCompletedPkts
                0x000000000000cd54       0x28 d:\Code\CH592\EVT(演示) - 副本\EXAM\BLE\LIB\libCH59xBLE.a(l2cap.o)
                0x000000000000cd54                L2CAP_HostNumCompletedPkts
 .text.L2CAP_ParseConnectReq
                0x000000000000cd7c       0x5e d:\Code\CH592\EVT(演示) - 副本\EXAM\BLE\LIB\libCH59xBLE.a(l2cap.o)
                0x000000000000cd7c                L2CAP_ParseConnectReq
 .text.L2CAP_ParseFlowCtrlCredit
                0x000000000000cdda       0x2e d:\Code\CH592\EVT(演示) - 副本\EXAM\BLE\LIB\libCH59xBLE.a(l2cap.o)
                0x000000000000cdda                L2CAP_ParseFlowCtrlCredit
 .text.L2CAP_RegisterApp
                0x000000000000ce08       0x30 d:\Code\CH592\EVT(演示) - 副本\EXAM\BLE\LIB\libCH59xBLE.a(l2cap.o)
                0x000000000000ce08                L2CAP_RegisterApp
 .text.L2CAP_SetBufSize
                0x000000000000ce38       0x1e d:\Code\CH592\EVT(演示) - 副本\EXAM\BLE\LIB\libCH59xBLE.a(l2cap.o)
                0x000000000000ce38                L2CAP_SetBufSize
 .text.L2CAP_bm_alloc
                0x000000000000ce56       0x2a d:\Code\CH592\EVT(演示) - 副本\EXAM\BLE\LIB\libCH59xBLE.a(l2cap.o)
                0x000000000000ce56                L2CAP_bm_alloc
 .text.L2CAP_Init
                0x000000000000ce80      0x15e d:\Code\CH592\EVT(演示) - 副本\EXAM\BLE\LIB\libCH59xBLE.a(l2cap.o)
                0x000000000000ce80                L2CAP_Init
 .text.L2CAP_ProcessEvent
                0x000000000000cfde       0xd4 d:\Code\CH592\EVT(演示) - 副本\EXAM\BLE\LIB\libCH59xBLE.a(l2cap.o)
                0x000000000000cfde                L2CAP_ProcessEvent
 .text.l2capParseCmdReject
                0x000000000000d0b2       0x5e d:\Code\CH592\EVT(演示) - 副本\EXAM\BLE\LIB\libCH59xBLE.a(l2cap_input.o)
                0x000000000000d0b2                l2capParseCmdReject
 .text.l2capParseDisconnectReq
                0x000000000000d110       0x2e d:\Code\CH592\EVT(演示) - 副本\EXAM\BLE\LIB\libCH59xBLE.a(l2cap_input.o)
                0x000000000000d110                l2capParseDisconnectReq
 .text.l2capParseDisconnectRsp
                0x000000000000d13e       0x2e d:\Code\CH592\EVT(演示) - 副本\EXAM\BLE\LIB\libCH59xBLE.a(l2cap_input.o)
                0x000000000000d13e                l2capParseDisconnectRsp
 .text.L2CAP_ParseParamUpdateReq
                0x000000000000d16c       0x4e d:\Code\CH592\EVT(演示) - 副本\EXAM\BLE\LIB\libCH59xBLE.a(l2cap_input.o)
                0x000000000000d16c                L2CAP_ParseParamUpdateReq
 .text.l2capParseParamUpdateRsp
                0x000000000000d1ba       0x1e d:\Code\CH592\EVT(演示) - 副本\EXAM\BLE\LIB\libCH59xBLE.a(l2cap_input.o)
                0x000000000000d1ba                l2capParseParamUpdateRsp
 .text.l2capProcessConnectReq
                0x000000000000d1d8       0xfc d:\Code\CH592\EVT(演示) - 副本\EXAM\BLE\LIB\libCH59xBLE.a(l2cap_input.o)
                0x000000000000d1d8                l2capProcessConnectReq
 .text.l2capParseConnectRsp
                0x000000000000d2d4       0x5e d:\Code\CH592\EVT(演示) - 副本\EXAM\BLE\LIB\libCH59xBLE.a(l2cap_input.o)
                0x000000000000d2d4                l2capParseConnectRsp
 .text.l2capParseSignalHdr
                0x000000000000d332       0x22 d:\Code\CH592\EVT(演示) - 副本\EXAM\BLE\LIB\libCH59xBLE.a(l2cap_input.o)
                0x000000000000d332                l2capParseSignalHdr
 .text.l2capParsePacket
                0x000000000000d354       0x8c d:\Code\CH592\EVT(演示) - 副本\EXAM\BLE\LIB\libCH59xBLE.a(l2cap_input.o)
                0x000000000000d354                l2capParsePacket
 .text.l2capProcessReq
                0x000000000000d3e0      0x15e d:\Code\CH592\EVT(演示) - 副本\EXAM\BLE\LIB\libCH59xBLE.a(l2cap_input.o)
                0x000000000000d3e0                l2capProcessReq
 .text.l2capProcessRsp
                0x000000000000d53e      0x150 d:\Code\CH592\EVT(演示) - 副本\EXAM\BLE\LIB\libCH59xBLE.a(l2cap_input.o)
                0x000000000000d53e                l2capProcessRsp
 .text.l2capProcessRxData
                0x000000000000d68e       0xf8 d:\Code\CH592\EVT(演示) - 副本\EXAM\BLE\LIB\libCH59xBLE.a(l2cap_input.o)
                0x000000000000d68e                l2capProcessRxData
 .text.l2capNotifyData
                0x000000000000d786       0x5e d:\Code\CH592\EVT(演示) - 副本\EXAM\BLE\LIB\libCH59xBLE.a(l2cap_output.o)
                0x000000000000d786                l2capNotifyData
 .text.l2capNotifySignal
                0x000000000000d7e4       0x7a d:\Code\CH592\EVT(演示) - 副本\EXAM\BLE\LIB\libCH59xBLE.a(l2cap_output.o)
                0x000000000000d7e4                l2capNotifySignal
 .text.l2capNotifyCreditEvt
                0x000000000000d85e       0xa4 d:\Code\CH592\EVT(演示) - 副本\EXAM\BLE\LIB\libCH59xBLE.a(l2cap_output.o)
                0x000000000000d85e                l2capNotifyCreditEvt
 .text.l2capNotifyChannelEstEvt
                0x000000000000d902       0x5c d:\Code\CH592\EVT(演示) - 副本\EXAM\BLE\LIB\libCH59xBLE.a(l2cap_output.o)
                0x000000000000d902                l2capNotifyChannelEstEvt
 .text.l2capNotifyChannelTermEvt
                0x000000000000d95e       0x3e d:\Code\CH592\EVT(演示) - 副本\EXAM\BLE\LIB\libCH59xBLE.a(l2cap_output.o)
                0x000000000000d95e                l2capNotifyChannelTermEvt
 .text.l2capNotifyEvent
                0x000000000000d99c       0x66 d:\Code\CH592\EVT(演示) - 副本\EXAM\BLE\LIB\libCH59xBLE.a(l2cap_output.o)
                0x000000000000d99c                l2capNotifyEvent
 .text.l2capStoreFCPkt
                0x000000000000da02       0x32 d:\Code\CH592\EVT(演示) - 副本\EXAM\BLE\LIB\libCH59xBLE.a(l2cap_output.o)
                0x000000000000da02                l2capStoreFCPkt
 .text.l2capFreeTxSDU
                0x000000000000da34       0x9e d:\Code\CH592\EVT(演示) - 副本\EXAM\BLE\LIB\libCH59xBLE.a(l2cap_output.o)
                0x000000000000da34                l2capFreeTxSDU
 .text.l2capReassembleSegment
                0x000000000000dad2      0x178 d:\Code\CH592\EVT(演示) - 副本\EXAM\BLE\LIB\libCH59xBLE.a(l2cap_output.o)
                0x000000000000dad2                l2capReassembleSegment
 .text.l2capEncapSendData
                0x000000000000dc4a       0xf0 d:\Code\CH592\EVT(演示) - 副本\EXAM\BLE\LIB\libCH59xBLE.a(l2cap_output.o)
                0x000000000000dc4a                l2capEncapSendData
 .text.l2capSendFCPkt.part.3
                0x000000000000dd3a       0x70 d:\Code\CH592\EVT(演示) - 副本\EXAM\BLE\LIB\libCH59xBLE.a(l2cap_output.o)
 .text.l2capSendSegment
                0x000000000000ddaa      0x108 d:\Code\CH592\EVT(演示) - 副本\EXAM\BLE\LIB\libCH59xBLE.a(l2cap_output.o)
                0x000000000000ddaa                l2capSendSegment
 .text.l2capSendNextSegment
                0x000000000000deb2       0xb4 d:\Code\CH592\EVT(演示) - 副本\EXAM\BLE\LIB\libCH59xBLE.a(l2cap_output.o)
                0x000000000000deb2                l2capSendNextSegment
 .text.l2capSendPkt
                0x000000000000df66       0x3a d:\Code\CH592\EVT(演示) - 副本\EXAM\BLE\LIB\libCH59xBLE.a(l2cap_output.o)
                0x000000000000df66                l2capSendPkt
 .text.L2CAP_SendData
                0x000000000000dfa0       0x82 d:\Code\CH592\EVT(演示) - 副本\EXAM\BLE\LIB\libCH59xBLE.a(l2cap_output.o)
                0x000000000000dfa0                L2CAP_SendData
 .text.l2capSendCmd
                0x000000000000e022       0x8a d:\Code\CH592\EVT(演示) - 副本\EXAM\BLE\LIB\libCH59xBLE.a(l2cap_output.o)
                0x000000000000e022                l2capSendCmd
 .text.l2capSendReq
                0x000000000000e0ac       0xc8 d:\Code\CH592\EVT(演示) - 副本\EXAM\BLE\LIB\libCH59xBLE.a(l2cap_output.o)
                0x000000000000e0ac                l2capSendReq
 .text.l2capBuildDisconnectReq
                0x000000000000e174       0x28 d:\Code\CH592\EVT(演示) - 副本\EXAM\BLE\LIB\libCH59xBLE.a(l2cap_sdu.o)
 .text.l2capBuildParamUpdateReq
                0x000000000000e19c       0x4c d:\Code\CH592\EVT(演示) - 副本\EXAM\BLE\LIB\libCH59xBLE.a(l2cap_sdu.o)
 .text.l2capBuildParamUpdateRsp
                0x000000000000e1e8       0x16 d:\Code\CH592\EVT(演示) - 副本\EXAM\BLE\LIB\libCH59xBLE.a(l2cap_sdu.o)
 .text.l2capBuildConnectRsp
                0x000000000000e1fe       0x5e d:\Code\CH592\EVT(演示) - 副本\EXAM\BLE\LIB\libCH59xBLE.a(l2cap_sdu.o)
 .text.l2capBuildCmdReject
                0x000000000000e25c       0x62 d:\Code\CH592\EVT(演示) - 副本\EXAM\BLE\LIB\libCH59xBLE.a(l2cap_sdu.o)
                0x000000000000e25c                l2capBuildCmdReject
 .text.l2capBuildDisconnectRsp
                0x000000000000e2be       0x28 d:\Code\CH592\EVT(演示) - 副本\EXAM\BLE\LIB\libCH59xBLE.a(l2cap_sdu.o)
                0x000000000000e2be                l2capBuildDisconnectRsp
 .text.l2capSendConnectRsp
                0x000000000000e2e6       0xaa d:\Code\CH592\EVT(演示) - 副本\EXAM\BLE\LIB\libCH59xBLE.a(l2cap_sdu.o)
                0x000000000000e2e6                l2capSendConnectRsp
 .text.L2CAP_CmdReject
                0x000000000000e390       0x12 d:\Code\CH592\EVT(演示) - 副本\EXAM\BLE\LIB\libCH59xBLE.a(l2cap_sdu.o)
                0x000000000000e390                L2CAP_CmdReject
 .text.L2CAP_DisconnectReq
                0x000000000000e3a2       0x2a d:\Code\CH592\EVT(演示) - 副本\EXAM\BLE\LIB\libCH59xBLE.a(l2cap_sdu.o)
                0x000000000000e3a2                L2CAP_DisconnectReq
 .text.L2CAP_ConnParamUpdateReq
                0x000000000000e3cc       0x16 d:\Code\CH592\EVT(演示) - 副本\EXAM\BLE\LIB\libCH59xBLE.a(l2cap_sdu.o)
                0x000000000000e3cc                L2CAP_ConnParamUpdateReq
 .text.L2CAP_ConnParamUpdateRsp
                0x000000000000e3e2       0x12 d:\Code\CH592\EVT(演示) - 副本\EXAM\BLE\LIB\libCH59xBLE.a(l2cap_sdu.o)
                0x000000000000e3e2                L2CAP_ConnParamUpdateRsp
 .text.reportStatusChange
                0x000000000000e3f4       0x3e d:\Code\CH592\EVT(演示) - 副本\EXAM\BLE\LIB\libCH59xBLE.a(linkdb.o)
 .text.linkDB_Init
                0x000000000000e432       0xae d:\Code\CH592\EVT(演示) - 副本\EXAM\BLE\LIB\libCH59xBLE.a(linkdb.o)
                0x000000000000e432                linkDB_Init
 .text.linkDB_Find
                0x000000000000e4e0       0x34 d:\Code\CH592\EVT(演示) - 副本\EXAM\BLE\LIB\libCH59xBLE.a(linkdb.o)
                0x000000000000e4e0                linkDB_Find
 .text.linkDB_Authen
                0x000000000000e514       0x5c d:\Code\CH592\EVT(演示) - 副本\EXAM\BLE\LIB\libCH59xBLE.a(linkdb.o)
                0x000000000000e514                linkDB_Authen
 .text.linkDB_FindByAddr
                0x000000000000e570       0x82 d:\Code\CH592\EVT(演示) - 副本\EXAM\BLE\LIB\libCH59xBLE.a(linkdb.o)
                0x000000000000e570                linkDB_FindByAddr
 .text.linkDB_FindFirst
                0x000000000000e5f2       0x40 d:\Code\CH592\EVT(演示) - 副本\EXAM\BLE\LIB\libCH59xBLE.a(linkdb.o)
                0x000000000000e5f2                linkDB_FindFirst
 .text.linkDB_MTU
                0x000000000000e632       0x18 d:\Code\CH592\EVT(演示) - 副本\EXAM\BLE\LIB\libCH59xBLE.a(linkdb.o)
                0x000000000000e632                linkDB_MTU
 .text.linkDB_NumActive
                0x000000000000e64a       0x36 d:\Code\CH592\EVT(演示) - 副本\EXAM\BLE\LIB\libCH59xBLE.a(linkdb.o)
                0x000000000000e64a                linkDB_NumActive
 .text.linkDB_NumConns
                0x000000000000e680        0xa d:\Code\CH592\EVT(演示) - 副本\EXAM\BLE\LIB\libCH59xBLE.a(linkdb.o)
                0x000000000000e680                linkDB_NumConns
 .text.linkDB_Register
                0x000000000000e68a       0x28 d:\Code\CH592\EVT(演示) - 副本\EXAM\BLE\LIB\libCH59xBLE.a(linkdb.o)
                0x000000000000e68a                linkDB_Register
 .text.linkDB_Remove
                0x000000000000e6b2       0x4c d:\Code\CH592\EVT(演示) - 副本\EXAM\BLE\LIB\libCH59xBLE.a(linkdb.o)
                0x000000000000e6b2                linkDB_Remove
 .text.linkDB_Role
                0x000000000000e6fe       0x18 d:\Code\CH592\EVT(演示) - 副本\EXAM\BLE\LIB\libCH59xBLE.a(linkdb.o)
                0x000000000000e6fe                linkDB_Role
 .text.linkDB_State
                0x000000000000e716       0x30 d:\Code\CH592\EVT(演示) - 副本\EXAM\BLE\LIB\libCH59xBLE.a(linkdb.o)
                0x000000000000e716                linkDB_State
 .text.linkDB_UpdateMTU
                0x000000000000e746       0x28 d:\Code\CH592\EVT(演示) - 副本\EXAM\BLE\LIB\libCH59xBLE.a(linkdb.o)
                0x000000000000e746                linkDB_UpdateMTU
 .text.linkDB_PerformFunc
                0x000000000000e76e       0x5a d:\Code\CH592\EVT(演示) - 副本\EXAM\BLE\LIB\libCH59xBLE.a(linkdb.o)
                0x000000000000e76e                linkDB_PerformFunc
 .text.linkDB_PeripheralLinkNum
                0x000000000000e7c8       0x46 d:\Code\CH592\EVT(演示) - 副本\EXAM\BLE\LIB\libCH59xBLE.a(linkdb.o)
                0x000000000000e7c8                linkDB_PeripheralLinkNum
 .text.linkDB_GetSMEvtID
                0x000000000000e80e       0x60 d:\Code\CH592\EVT(演示) - 副本\EXAM\BLE\LIB\libCH59xBLE.a(linkdb.o)
                0x000000000000e80e                linkDB_GetSMEvtID
 .text.linkDB_Add
                0x000000000000e86e       0xb2 d:\Code\CH592\EVT(演示) - 副本\EXAM\BLE\LIB\libCH59xBLE.a(linkdb.o)
                0x000000000000e86e                linkDB_Add
 .text.linkDB_GetHandleFromSMEvtID
                0x000000000000e920       0x3a d:\Code\CH592\EVT(演示) - 副本\EXAM\BLE\LIB\libCH59xBLE.a(linkdb.o)
                0x000000000000e920                linkDB_GetHandleFromSMEvtID
 .text.linkDB_GetPairingParam
                0x000000000000e95a       0x76 d:\Code\CH592\EVT(演示) - 副本\EXAM\BLE\LIB\libCH59xBLE.a(linkdb.o)
                0x000000000000e95a                linkDB_GetPairingParam
 .text.linkDB_NeedSendKey
                0x000000000000e9d0       0x4c d:\Code\CH592\EVT(演示) - 副本\EXAM\BLE\LIB\libCH59xBLE.a(linkdb.o)
                0x000000000000e9d0                linkDB_NeedSendKey
 .text.smStartRspTimer
                0x000000000000ea1c       0x3a d:\Code\CH592\EVT(演示) - 副本\EXAM\BLE\LIB\libCH59xBLE.a(sm.o)
 .text.smStartEncryption
                0x000000000000ea56       0xa0 d:\Code\CH592\EVT(演示) - 副本\EXAM\BLE\LIB\libCH59xBLE.a(sm.o)
 .text.smFreePairingParams
                0x000000000000eaf6       0x7e d:\Code\CH592\EVT(演示) - 副本\EXAM\BLE\LIB\libCH59xBLE.a(sm.o)
                0x000000000000eaf6                smFreePairingParams
 .text.smEndPairing
                0x000000000000eb74       0x60 d:\Code\CH592\EVT(演示) - 副本\EXAM\BLE\LIB\libCH59xBLE.a(sm.o)
                0x000000000000eb74                smEndPairing
 .text.smLinkCheck
                0x000000000000ebd4       0x34 d:\Code\CH592\EVT(演示) - 副本\EXAM\BLE\LIB\libCH59xBLE.a(sm.o)
                0x000000000000ebd4                smLinkCheck
 .text.smNextPairingState
                0x000000000000ec08       0x60 d:\Code\CH592\EVT(演示) - 副本\EXAM\BLE\LIB\libCH59xBLE.a(sm.o)
                0x000000000000ec08                smNextPairingState
 .text.smProcessEncryptChange
                0x000000000000ec68       0xf8 d:\Code\CH592\EVT(演示) - 副本\EXAM\BLE\LIB\libCH59xBLE.a(sm.o)
                0x000000000000ec68                smProcessEncryptChange
 .text.smSendSMMsg
                0x000000000000ed60       0x5c d:\Code\CH592\EVT(演示) - 副本\EXAM\BLE\LIB\libCH59xBLE.a(sm.o)
                0x000000000000ed60                smSendSMMsg
 .text.smSendFailAndEnd
                0x000000000000edbc       0x38 d:\Code\CH592\EVT(演示) - 副本\EXAM\BLE\LIB\libCH59xBLE.a(sm.o)
                0x000000000000edbc                smSendFailAndEnd
 .text.smProcessPairingReq
                0x000000000000edf4       0x40 d:\Code\CH592\EVT(演示) - 副本\EXAM\BLE\LIB\libCH59xBLE.a(sm.o)
                0x000000000000edf4                smProcessPairingReq
 .text.smSetPairingReqRsp
                0x000000000000ee34       0x3c d:\Code\CH592\EVT(演示) - 副本\EXAM\BLE\LIB\libCH59xBLE.a(sm.o)
                0x000000000000ee34                smSetPairingReqRsp
 .text.SM_StartEncryption
                0x000000000000ee70       0x1a d:\Code\CH592\EVT(演示) - 副本\EXAM\BLE\LIB\libCH59xBLE.a(sm.o)
                0x000000000000ee70                SM_StartEncryption
 .text.sm_dhkey
                0x000000000000ee8a       0x3e d:\Code\CH592\EVT(演示) - 副本\EXAM\BLE\LIB\libCH59xBLE.a(sm.o)
                0x000000000000ee8a                sm_dhkey
 .text.sm_c1    0x000000000000eec8       0xb4 d:\Code\CH592\EVT(演示) - 副本\EXAM\BLE\LIB\libCH59xBLE.a(sm.o)
                0x000000000000eec8                sm_c1
 .text.smDetermineKeySize
                0x000000000000ef7c       0x20 d:\Code\CH592\EVT(演示) - 副本\EXAM\BLE\LIB\libCH59xBLE.a(sm.o)
                0x000000000000ef7c                smDetermineKeySize
 .text.smpParsePairingReq
                0x000000000000ef9c      0x118 d:\Code\CH592\EVT(演示) - 副本\EXAM\BLE\LIB\libCH59xBLE.a(sm.o)
                0x000000000000ef9c                smpParsePairingReq
 .text.smpParseEncInfo
                0x000000000000f0b4       0x2a d:\Code\CH592\EVT(演示) - 副本\EXAM\BLE\LIB\libCH59xBLE.a(sm.o)
                0x000000000000f0b4                smpParseEncInfo
 .text.smpParseIdentityAddrInfo
                0x000000000000f0de       0x34 d:\Code\CH592\EVT(演示) - 副本\EXAM\BLE\LIB\libCH59xBLE.a(sm.o)
                0x000000000000f0de                smpParseIdentityAddrInfo
 .text.smpParseIdentityInfo
                0x000000000000f112       0x2a d:\Code\CH592\EVT(演示) - 副本\EXAM\BLE\LIB\libCH59xBLE.a(sm.o)
                0x000000000000f112                smpParseIdentityInfo
 .text.smpParseMasterID
                0x000000000000f13c       0x3c d:\Code\CH592\EVT(演示) - 副本\EXAM\BLE\LIB\libCH59xBLE.a(sm.o)
                0x000000000000f13c                smpParseMasterID
 .text.smpParsePairingConfirm
                0x000000000000f178       0x2a d:\Code\CH592\EVT(演示) - 副本\EXAM\BLE\LIB\libCH59xBLE.a(sm.o)
                0x000000000000f178                smpParsePairingConfirm
 .text.smpParsePairingFailed
                0x000000000000f1a2       0x1c d:\Code\CH592\EVT(演示) - 副本\EXAM\BLE\LIB\libCH59xBLE.a(sm.o)
                0x000000000000f1a2                smpParsePairingFailed
 .text.smpParsePairingRandom
                0x000000000000f1be       0x2a d:\Code\CH592\EVT(演示) - 副本\EXAM\BLE\LIB\libCH59xBLE.a(sm.o)
                0x000000000000f1be                smpParsePairingRandom
 .text.smpParseSigningInfo
                0x000000000000f1e8       0x2a d:\Code\CH592\EVT(演示) - 副本\EXAM\BLE\LIB\libCH59xBLE.a(sm.o)
                0x000000000000f1e8                smpParseSigningInfo
 .text.smpParsePairingPublicKey
                0x000000000000f212       0x2c d:\Code\CH592\EVT(演示) - 副本\EXAM\BLE\LIB\libCH59xBLE.a(sm.o)
                0x000000000000f212                smpParsePairingPublicKey
 .text.smpParsePairingDHKeyCheck
                0x000000000000f23e       0x2a d:\Code\CH592\EVT(演示) - 副本\EXAM\BLE\LIB\libCH59xBLE.a(sm.o)
                0x000000000000f23e                smpParsePairingDHKeyCheck
 .text.smProcessDataMsg
                0x000000000000f268      0x104 d:\Code\CH592\EVT(演示) - 副本\EXAM\BLE\LIB\libCH59xBLE.a(sm.o)
                0x000000000000f268                smProcessDataMsg
 .text.smProcessTMOSMsg
                0x000000000000f36c      0x170 d:\Code\CH592\EVT(演示) - 副本\EXAM\BLE\LIB\libCH59xBLE.a(sm.o)
                0x000000000000f36c                smProcessTMOSMsg
 .text.SM_CalcRandomAddr
                0x000000000000f4dc       0x54 d:\Code\CH592\EVT(演示) - 副本\EXAM\BLE\LIB\libCH59xBLE.a(sm.o)
                0x000000000000f4dc                SM_CalcRandomAddr
 .text.SM_GenerateAuthenSig
                0x000000000000f530       0xe6 d:\Code\CH592\EVT(演示) - 副本\EXAM\BLE\LIB\libCH59xBLE.a(sm.o)
                0x000000000000f530                SM_GenerateAuthenSig
 .text.SM_PasskeyUpdate
                0x000000000000f616       0xe8 d:\Code\CH592\EVT(演示) - 副本\EXAM\BLE\LIB\libCH59xBLE.a(sm.o)
                0x000000000000f616                SM_PasskeyUpdate
 .text.SM_ResolveRandomAddrs
                0x000000000000f6fe       0x5e d:\Code\CH592\EVT(演示) - 副本\EXAM\BLE\LIB\libCH59xBLE.a(sm.o)
                0x000000000000f6fe                SM_ResolveRandomAddrs
 .text.SM_StartPairing
                0x000000000000f75c       0xc2 d:\Code\CH592\EVT(演示) - 副本\EXAM\BLE\LIB\libCH59xBLE.a(sm.o)
                0x000000000000f75c                SM_StartPairing
 .text.SM_VerifyAuthenSig
                0x000000000000f81e      0x150 d:\Code\CH592\EVT(演示) - 副本\EXAM\BLE\LIB\libCH59xBLE.a(sm.o)
                0x000000000000f81e                SM_VerifyAuthenSig
 .text.SM_ProcessEvent
                0x000000000000f96e       0xb4 d:\Code\CH592\EVT(演示) - 副本\EXAM\BLE\LIB\libCH59xBLE.a(sm.o)
                0x000000000000f96e                SM_ProcessEvent
 .text.SM_ParamInit
                0x000000000000fa22       0x66 d:\Code\CH592\EVT(演示) - 副本\EXAM\BLE\LIB\libCH59xBLE.a(sm.o)
                0x000000000000fa22                SM_ParamInit
 .text.SM_InitiatorInit